
Allocating common symbols
Common symbol       size              file

netbufpool          0x4               binaries/net.o
readylist           0x2               binaries/ready.o
rfltab              0x5a0             binaries/rflinit.o
pidchecker          0x4               binaries/main.o
sleepq              0x2               binaries/clkinit.o
final               0x4               binaries/main.o
nnames              0x4               binaries/naminit.o
udptab              0x168             binaries/udp.o
minheap             0x4               binaries/meminit.o
marks               0x50              binaries/mark.o
currpid             0x4               binaries/initialize.o
Lf_data             0x20c             binaries/lfsinit.o
porttab             0x2d0             binaries/ptinit.o
girmask             0x2               binaries/evec.o
ttytab              0x10c             binaries/ttyinit.o
proctab             0x20d0            binaries/initialize.o
prcount             0x4               binaries/initialize.o
lfltab              0xf00             binaries/lflinit.o
rdstab              0x8c              binaries/rdsinit.o
ethertab            0x138             binaries/ethinit.o
NetData             0xa8              binaries/net.o
nmarks              0x4               binaries/mark.o
Defer               0x8               binaries/resched.o
semtab              0x4b0             binaries/initialize.o
maxheap             0x4               binaries/meminit.o
preempt             0x4               binaries/clkinit.o
buftab              0xf0              binaries/bufinit.o
Rf_data             0x18              binaries/rfsinit.o
mkmutex             0x4               binaries/mark.o
clktime             0x4               binaries/clkinit.o
arpcache            0x140             binaries/arp.o
icmptab             0x230             binaries/icmp.o
nbpools             0x4               binaries/bufinit.o
queuetab            0x980             binaries/queue.o
ptnextid            0x4               binaries/ptinit.o
Ram                 0x19000           binaries/raminit.o
initial             0x4               binaries/main.o
ipoqueue            0x2c              binaries/ip.o
memblkentry         0x8               binaries/ascdate.o
memlist             0x8               binaries/initialize.o
nametab             0x19a0            binaries/naminit.o
ptfree              0x4               binaries/ptinit.o

Memory Configuration

Name             Origin             Length             Attributes
*default*        0x0000000000000000 0xffffffffffffffff

Linker script and memory map

                0x0000000000100000                physbase = 0x100000
                0x0000000000100000                . = physbase
                0x0000000000100000                . = ALIGN (0x1000)

.text           0x0000000000100000    0x15000
                0x0000000000100000                text = ABSOLUTE (.)
 *(.text .text.*)
 .text          0x0000000000100000      0x1ac binaries/start.o
                0x0000000000100028                start
                0x00000000001000fa                inb
                0x0000000000100102                inw
                0x000000000010010b                inl
                0x0000000000100113                outb
                0x000000000010011d                outw
                0x0000000000100128                outl
                0x0000000000100132                _rtcin
                0x000000000010013d                ___udivsi3
                0x0000000000100148                ___divsi3
                0x0000000000100154                sbzero
                0x0000000000100164                bcopy
                0x0000000000100178                insw
                0x000000000010018e                outsw
                0x00000000001001a4                lidt
 .text          0x00000000001001ac      0x2f6 binaries/ascdate.o
                0x00000000001001ac                ascdate
 .text          0x00000000001004a2       0x10 binaries/bufinit.o
                0x00000000001004a2                bufinit
 .text          0x00000000001004b2       0x5c binaries/chprio.o
                0x00000000001004b2                chprio
 .text          0x000000000010050e       0xc1 binaries/clkhandler.o
                0x000000000010050e                clkhandler
 .text          0x00000000001005cf       0x76 binaries/clkinit.o
                0x00000000001005cf                clkinit
 .text          0x0000000000100645       0x4e binaries/close.o
                0x0000000000100645                close
 .text          0x0000000000100693        0x0 binaries/conf.o
 .text          0x0000000000100693       0x66 binaries/control.o
                0x0000000000100693                control
 .text          0x00000000001006f9      0x1fb binaries/create.o
                0x00000000001006f9                create
 .text          0x00000000001008f4      0x2b9 binaries/early_imr.o
                0x00000000001008f4                intel_cln_early_sb_read_reg
                0x000000000010095b                intel_cln_early_sb_write_reg
                0x0000000000100a6b                remove_irm_protections
 .text          0x0000000000100bad      0x368 binaries/evec.o
                0x0000000000100bad                setirmask
                0x0000000000100beb                set_evec
                0x0000000000100c48                initevec
                0x0000000000100d58                trap
 .text          0x0000000000100f15       0x67 binaries/freebuf.o
                0x0000000000100f15                freebuf
 .text          0x0000000000100f7c      0x184 binaries/freemem.o
                0x0000000000100f7c                freemem
 .text          0x0000000000101100      0x187 binaries/freememgc.o
                0x0000000000101100                freememgc
 .text          0x0000000000101287       0x64 binaries/getbuf.o
                0x0000000000101287                getbuf
 .text          0x00000000001012eb       0x4e binaries/getc.o
                0x00000000001012eb                getc
 .text          0x0000000000101339       0x60 binaries/getdev.o
                0x0000000000101339                getdev
 .text          0x0000000000101399       0x83 binaries/getitem.o
                0x0000000000101399                getitem
                0x00000000001013c5                getfirst
                0x00000000001013ee                getlast
 .text          0x000000000010141c      0x101 binaries/getmem.o
                0x000000000010141c                updateList
                0x000000000010144e                getmem
 .text          0x000000000010151d       0xf4 binaries/getmemgc.o
                0x000000000010151d                getmemgc
 .text          0x0000000000101611        0x6 binaries/getpid.o
                0x0000000000101611                getpid
 .text          0x0000000000101617       0x50 binaries/getprio.o
                0x0000000000101617                getprio
 .text          0x0000000000101667       0x9a binaries/getstk.o
                0x0000000000101667                getstk
 .text          0x0000000000101701       0x34 binaries/gettime.o
                0x0000000000101701                gettime
 .text          0x0000000000101735      0x1ae binaries/getutime.o
                0x0000000000101735                getutime
 .text          0x00000000001018e3       0x4e binaries/init.o
                0x00000000001018e3                init
 .text          0x0000000000101931      0x273 binaries/initialize.o
                0x0000000000101931                nulluser
                0x0000000000101b5c                stop
                0x0000000000101b81                delay
 .text          0x0000000000101ba4       0x99 binaries/insert.o
                0x0000000000101ba4                insert
 .text          0x0000000000101c3d       0xe2 binaries/insertd.o
                0x0000000000101c3d                insertd
 .text          0x0000000000101d1f        0x6 binaries/ioerr.o
                0x0000000000101d1f                ioerr
 .text          0x0000000000101d25        0x6 binaries/ionull.o
                0x0000000000101d25                ionull
 .text          0x0000000000101d2b      0x195 binaries/kill.o
                0x0000000000101d2b                kill
 .text          0x0000000000101ec0       0xb8 binaries/kprintf.o
                0x0000000000101ec0                kputc
                0x0000000000101eef                console_init
                0x0000000000101f2e                kgetc
                0x0000000000101f50                kprintf
 .text          0x0000000000101f78      0xd4f binaries/main.o
                0x0000000000101f78                myrecvhandler
                0x0000000000101fc1                myalrmhandler1
                0x0000000000102013                myalrmhandler2
                0x000000000010205b                sigxcpuhandler1
                0x00000000001020af                asyncrec
                0x00000000001020e5                alrmtest1
                0x0000000000102137                alrmtest2
                0x0000000000102187                sigxcputest1
                0x00000000001021bd                asyncsend
                0x00000000001021fe                cpuintensive
                0x0000000000102277                asmtest1
                0x000000000010235a                asmtest2
                0x00000000001026a1                asmtest3
                0x0000000000102863                helper
                0x0000000000102898                gctest1
                0x0000000000102909                gctest2
                0x00000000001029c8                gctest
                0x0000000000102a1b                main
 .text          0x0000000000102cc7       0x93 binaries/mark.o
                0x0000000000102cc7                markinit
                0x0000000000102ce9                mark
 .text          0x0000000000102d5a      0x1d1 binaries/meminit.o
                0x0000000000102d5a                meminit
                0x0000000000102eb4                setsegs
 .text          0x0000000000102f2b      0x117 binaries/mkbufpool.o
                0x0000000000102f2b                mkbufpool
 .text          0x0000000000103042       0x5e binaries/newqueue.o
                0x0000000000103042                newqueue
 .text          0x00000000001030a0       0x5e binaries/open.o
                0x00000000001030a0                open
 .text          0x00000000001030fe       0x1e binaries/panic.o
                0x00000000001030fe                panic
 .text          0x000000000010311c      0x26e binaries/pci.o
                0x000000000010311c                pci_init
                0x0000000000103122                find_pci_device
                0x00000000001031d8                pci_read_config_byte
                0x0000000000103213                pci_read_config_word
                0x0000000000103250                pci_read_config_dword
                0x000000000010328b                pci_write_config_byte
                0x00000000001032c4                pci_write_config_word
                0x00000000001032fe                pci_write_config_dword
                0x0000000000103337                pci_get_dev_mmio_base_addr
 .text          0x000000000010338a       0x59 binaries/platinit.o
                0x000000000010338a                platinit
 .text          0x00000000001033e3       0xa3 binaries/ptclear.o
                0x00000000001033e3                _ptclear
 .text          0x0000000000103486       0x6e binaries/ptcount.o
                0x0000000000103486                ptcount
 .text          0x00000000001034f4       0xc0 binaries/ptcreate.o
                0x00000000001034f4                ptcreate
 .text          0x00000000001035b4       0x66 binaries/ptdelete.o
                0x00000000001035b4                ptdelete
 .text          0x000000000010361a       0x89 binaries/ptinit.o
                0x000000000010361a                ptinit
 .text          0x00000000001036a3       0xb5 binaries/ptrecv.o
                0x00000000001036a3                ptrecv
 .text          0x0000000000103758       0x60 binaries/ptreset.o
                0x0000000000103758                ptreset
 .text          0x00000000001037b8       0xd0 binaries/ptsend.o
                0x00000000001037b8                ptsend
 .text          0x0000000000103888       0x5d binaries/putc.o
                0x0000000000103888                putc
 .text          0x00000000001038e5       0xd5 binaries/quark_irq.o
                0x00000000001038e5                quark_irq_routing
 .text          0x00000000001039ba      0x1c9 binaries/quark_pdat.o
                0x00000000001039ba                get_quark_pdat_entry_data_by_id
                0x0000000000103a9b                get_quark_pdat_entry_data_by_desc
 .text          0x0000000000103b83       0xa8 binaries/queue.o
                0x0000000000103b83                enqueue
                0x0000000000103be4                dequeue
 .text          0x0000000000103c2b       0x5e binaries/read.o
                0x0000000000103c2b                read
 .text          0x0000000000103c89       0x69 binaries/ready.o
                0x0000000000103c89                ready
 .text          0x0000000000103cf2       0x4e binaries/receive.o
                0x0000000000103cf2                receive
 .text          0x0000000000103d40       0x3d binaries/recvclr.o
                0x0000000000103d40                recvclr
 .text          0x0000000000103d7d       0x94 binaries/recvtime.o
                0x0000000000103d7d                recvtime
 .text          0x0000000000103e11       0xc1 binaries/registercbsig.o
                0x0000000000103e11                registercbsig
 .text          0x0000000000103ed2      0x1bc binaries/resched.o
                0x0000000000103ed2                resched
                0x000000000010401b                resched_cntl
 .text          0x000000000010408e       0x7b binaries/resume.o
                0x000000000010408e                resume
 .text          0x0000000000104109       0x56 binaries/seek.o
                0x0000000000104109                seek
 .text          0x000000000010415f       0x47 binaries/semcount.o
                0x000000000010415f                semcount
 .text          0x00000000001041a6       0x8d binaries/semcreate.o
                0x00000000001041a6                semcreate
 .text          0x0000000000104233       0xa8 binaries/semdelete.o
                0x0000000000104233                semdelete
 .text          0x00000000001042db       0x95 binaries/semreset.o
                0x00000000001042db                semreset
 .text          0x0000000000104370       0xa8 binaries/send.o
                0x0000000000104370                send
 .text          0x0000000000104418       0x7c binaries/signal.o
                0x0000000000104418                signal
 .text          0x0000000000104494       0xa8 binaries/signaln.o
                0x0000000000104494                signaln
 .text          0x000000000010453c       0xb8 binaries/sleep.o
                0x000000000010453c                sleepms
                0x00000000001045c2                sleep
 .text          0x00000000001045f4      0x170 binaries/stacktrace.o
                0x00000000001045f4                stacktrace
 .text          0x0000000000104764       0xa6 binaries/suspend.o
                0x0000000000104764                suspend
 .text          0x000000000010480a       0x9a binaries/unsleep.o
                0x000000000010480a                unsleep
 .text          0x00000000001048a4       0x14 binaries/userret.o
                0x00000000001048a4                userret
 .text          0x00000000001048b8       0x98 binaries/wait.o
                0x00000000001048b8                wait
 .text          0x0000000000104950       0x71 binaries/wakeup.o
                0x0000000000104950                wakeup
 .text          0x00000000001049c1       0x5e binaries/write.o
                0x00000000001049c1                write
 .text          0x0000000000104a1f       0x18 binaries/xdone.o
                0x0000000000104a1f                xdone
 .text          0x0000000000104a37       0x22 binaries/yield.o
                0x0000000000104a37                yield
 .text          0x0000000000104a59        0xe binaries/abs.o
                0x0000000000104a59                abs
 .text          0x0000000000104a67       0x70 binaries/atoi.o
                0x0000000000104a67                atoi
 .text          0x0000000000104ad7       0x70 binaries/atol.o
                0x0000000000104ad7                atol
 .text          0x0000000000104b47       0x18 binaries/bzero.o
                0x0000000000104b47                bzero
 .text          0x0000000000104b5f        0x0 binaries/ctype_.o
 .text          0x0000000000104b5f      0x716 binaries/doprnt.o
                0x0000000000104cad                _doprnt
 .text          0x0000000000105275      0x631 binaries/doscan.o
                0x0000000000105275                _doscan
 .text          0x00000000001058a6      0x70a binaries/fdoprnt.o
                0x0000000000105926                _fdoprnt
 .text          0x0000000000105fb0       0x1c binaries/fgetc.o
                0x0000000000105fb0                fgetc
 .text          0x0000000000105fcc       0x5e binaries/fgets.o
                0x0000000000105fcc                fgets
 .text          0x000000000010602a       0x30 binaries/fprintf.o
                0x000000000010602a                fprintf
 .text          0x000000000010605a       0x29 binaries/fputc.o
                0x000000000010605a                fputc
 .text          0x0000000000106083       0x3a binaries/fputs.o
                0x0000000000106083                fputs
 .text          0x00000000001060bd       0x7a binaries/fscanf.o
                0x00000000001060f4                fscanf
 .text          0x0000000000106137       0x22 binaries/getchar.o
                0x0000000000106137                getchar
 .text          0x0000000000106159        0xe binaries/labs.o
                0x0000000000106159                labs
 .text          0x0000000000106167       0x32 binaries/memchr.o
                0x0000000000106167                memchr
 .text          0x0000000000106199       0x4a binaries/memcmp.o
                0x0000000000106199                memcmp
 .text          0x00000000001061e3       0x25 binaries/memcpy.o
                0x00000000001061e3                memcpy
 .text          0x0000000000106208       0x1e binaries/memset.o
                0x0000000000106208                memset
 .text          0x0000000000106226       0x3f binaries/printf.o
                0x0000000000106226                printf
 .text          0x0000000000106265       0x2a binaries/putchar.o
                0x0000000000106265                putchar
 .text          0x000000000010628f      0x1cb binaries/qsort.o
                0x000000000010642f                qsort
 .text          0x000000000010645a       0x44 binaries/rand.o
                0x000000000010645a                srand
                0x0000000000106464                rand
 .text          0x000000000010649e       0x55 binaries/sprintf.o
                0x00000000001064b5                sprintf
 .text          0x00000000001064f3       0x6c binaries/sscanf.o
                0x000000000010651c                sscanf
 .text          0x000000000010655f       0x33 binaries/strchr.o
                0x000000000010655f                strchr
 .text          0x0000000000106592       0x43 binaries/strcmp.o
                0x0000000000106592                strcmp
 .text          0x00000000001065d5       0x1a binaries/strcpy.o
                0x00000000001065d5                strcpy
 .text          0x00000000001065ef       0x1c binaries/strlen.o
                0x00000000001065ef                strlen
 .text          0x000000000010660b       0x3b binaries/strncat.o
                0x000000000010660b                strncat
 .text          0x0000000000106646       0x3a binaries/strncmp.o
                0x0000000000106646                strncmp
 .text          0x0000000000106680       0x58 binaries/strncpy.o
                0x0000000000106680                strncpy
 .text          0x00000000001066d8       0x2e binaries/strnlen.o
                0x00000000001066d8                strnlen
 .text          0x0000000000106706       0x30 binaries/strrchr.o
                0x0000000000106706                strrchr
 .text          0x0000000000106736       0x6e binaries/strstr.o
                0x0000000000106736                strstr
 .text          0x00000000001067a4       0xbb binaries/ttycontrol.o
                0x00000000001067a4                ttycontrol
 .text          0x000000000010685f       0x7b binaries/ttygetc.o
                0x000000000010685f                ttygetc
 .text          0x00000000001068da      0x469 binaries/ttyhandle_in.o
                0x000000000010698f                ttyhandle_in
 .text          0x0000000000106d43      0x164 binaries/ttyhandle_out.o
                0x0000000000106d43                ttyhandle_out
 .text          0x0000000000106ea7       0x83 binaries/ttyhandler.o
                0x0000000000106ea7                ttyhandler
 .text          0x0000000000106f2a      0x14e binaries/ttyinit.o
                0x0000000000106f2a                ttyinit
 .text          0x0000000000107078        0xc binaries/ttykickout.o
                0x0000000000107078                ttykickout
 .text          0x0000000000107084       0x93 binaries/ttyputc.o
                0x0000000000107084                ttyputc
 .text          0x0000000000107117       0xe2 binaries/ttyread.o
                0x0000000000107117                ttyread
 .text          0x00000000001071f9       0x4d binaries/ttywrite.o
                0x00000000001071f9                ttywrite
 .text          0x0000000000107246      0x10d binaries/mount.o
                0x0000000000107246                namlen
                0x000000000010727e                mount
 .text          0x0000000000107353      0x1d5 binaries/naminit.o
                0x0000000000107353                naminit
 .text          0x0000000000107528      0x203 binaries/nammap.o
                0x0000000000107528                namrepl
                0x000000000010763b                namcpy
                0x0000000000107688                nammap
 .text          0x000000000010772b       0x58 binaries/namopen.o
                0x000000000010772b                namopen
 .text          0x0000000000107783       0xd0 binaries/colon2mac.o
                0x0000000000107783                colon2mac
 .text          0x0000000000107853       0x7b binaries/ethcontrol.o
                0x0000000000107853                ethcontrol
 .text          0x00000000001078ce       0xfa binaries/ethhandler.o
                0x00000000001078ce                ethhandler
 .text          0x00000000001079c8      0x4cf binaries/ethinit.o
                0x00000000001079c8                eth_phy_read
                0x0000000000107a07                eth_phy_write
                0x0000000000107a49                eth_phy_reset
                0x0000000000107b45                ethinit
 .text          0x0000000000107e97      0x11a binaries/ethmcast.o
                0x0000000000107e97                ethmcast_add
                0x0000000000107eea                ethmcast_remove
 .text          0x0000000000107fb1      0x156 binaries/ethread.o
                0x0000000000107fb1                ethread
 .text          0x0000000000108107       0xa3 binaries/ethwrite.o
                0x0000000000108107                ethwrite
 .text          0x00000000001081aa       0x62 binaries/rdsbufalloc.o
                0x00000000001081aa                rdsbufalloc
 .text          0x000000000010820c       0x7f binaries/rdsclose.o
                0x000000000010820c                rdsclose
 .text          0x000000000010828b      0x200 binaries/rdscomm.o
                0x000000000010828b                rdscomm
 .text          0x000000000010848b      0x194 binaries/rdscontrol.o
                0x000000000010848b                rdscontrol
 .text          0x000000000010861f      0x17e binaries/rdsinit.o
                0x000000000010861f                rdsinit
 .text          0x000000000010879d      0x15f binaries/rdsopen.o
                0x000000000010879d                rdsopen
 .text          0x00000000001088fc      0x2d8 binaries/rdsprocess.o
                0x00000000001088fc                rdsprocess
 .text          0x0000000000108bd4      0x18a binaries/rdsread.o
                0x0000000000108bd4                rdsread
 .text          0x0000000000108d5e      0x141 binaries/rdswrite.o
                0x0000000000108d5e                rdswrite
 .text          0x0000000000108e9f        0x6 binaries/ramclose.o
                0x0000000000108e9f                ramclose
 .text          0x0000000000108ea5       0x44 binaries/raminit.o
                0x0000000000108ea5                raminit
 .text          0x0000000000108ee9        0x7 binaries/ramopen.o
                0x0000000000108ee9                ramopen
 .text          0x0000000000108ef0       0x30 binaries/ramread.o
                0x0000000000108ef0                ramread
 .text          0x0000000000108f20       0x30 binaries/ramwrite.o
                0x0000000000108f20                ramwrite
 .text          0x0000000000108f50       0x91 binaries/lfdballoc.o
                0x0000000000108f50                lfdballoc
 .text          0x0000000000108fe1       0x5d binaries/lfdbfree.o
                0x0000000000108fe1                lfdbfree
 .text          0x000000000010903e       0xaa binaries/lfflush.o
                0x000000000010903e                lfflush
 .text          0x00000000001090e8       0x7a binaries/lfgetmode.o
                0x00000000001090e8                lfgetmode
 .text          0x0000000000109162       0x68 binaries/lfiballoc.o
                0x0000000000109162                lfiballoc
 .text          0x00000000001091ca       0x25 binaries/lfibclear.o
                0x00000000001091ca                lfibclear
 .text          0x00000000001091ef       0x7a binaries/lfibget.o
                0x00000000001091ef                lfibget
 .text          0x0000000000109269       0xa0 binaries/lfibput.o
                0x0000000000109269                lfibput
 .text          0x0000000000109309       0x76 binaries/lflclose.o
                0x0000000000109309                lflclose
 .text          0x000000000010937f       0xa2 binaries/lflcontrol.o
                0x000000000010937f                lflcontrol
 .text          0x0000000000109421       0x9e binaries/lflgetc.o
                0x0000000000109421                lflgetc
 .text          0x00000000001094bf       0xb8 binaries/lflinit.o
                0x00000000001094bf                lflinit
 .text          0x0000000000109577       0xba binaries/lflputc.o
                0x0000000000109577                lflputc
 .text          0x0000000000109631       0x6a binaries/lflread.o
                0x0000000000109631                lflread
 .text          0x000000000010969b       0x82 binaries/lflseek.o
                0x000000000010969b                lflseek
 .text          0x000000000010971d       0x56 binaries/lflwrite.o
                0x000000000010971d                lflwrite
 .text          0x0000000000109773      0x129 binaries/lfsckfmt.o
                0x0000000000109773                lfsckfmt
 .text          0x000000000010989c      0x1d9 binaries/lfscreate.o
                0x000000000010989c                lfscreate
 .text          0x0000000000109a75      0x1aa binaries/lfsetup.o
                0x0000000000109a75                lfsetup
 .text          0x0000000000109c1f       0x51 binaries/lfsinit.o
                0x0000000000109c1f                lfsinit
 .text          0x0000000000109c70      0x2ad binaries/lfsopen.o
                0x0000000000109c70                lfsopen
 .text          0x0000000000109f1d      0x11c binaries/lftruncate.o
                0x0000000000109f1d                lftruncate
 .text          0x000000000010a039       0x5a binaries/rflclose.o
                0x000000000010a039                rflclose
 .text          0x000000000010a093       0x34 binaries/rflgetc.o
                0x000000000010a093                rflgetc
 .text          0x000000000010a0c7       0x4b binaries/rflinit.o
                0x000000000010a0c7                rflinit
 .text          0x000000000010a112       0x3a binaries/rflputc.o
                0x000000000010a112                rflputc
 .text          0x000000000010a14c      0x296 binaries/rflread.o
                0x000000000010a14c                rflread
 .text          0x000000000010a3e2       0x60 binaries/rflseek.o
                0x000000000010a3e2                rflseek
 .text          0x000000000010a442      0x2b3 binaries/rflwrite.o
                0x000000000010a442                rflwrite
 .text          0x000000000010a6f5      0x17f binaries/rfscomm.o
                0x000000000010a6f5                rfscomm
 .text          0x000000000010a874      0x24a binaries/rfscontrol.o
                0x000000000010a874                rfscontrol
 .text          0x000000000010aabe       0x7a binaries/rfsgetmode.o
                0x000000000010aabe                rfsgetmode
 .text          0x000000000010ab38       0x76 binaries/rfsinit.o
                0x000000000010ab38                rfsinit
 .text          0x000000000010abae       0xbb binaries/rfsndmsg.o
                0x000000000010abae                rfsndmsg
 .text          0x000000000010ac69      0x229 binaries/rfsopen.o
                0x000000000010ac69                rfsopen
 .text          0x000000000010ae92      0x64d binaries/arp.o
                0x000000000010ae92                arp_init
                0x000000000010aeaa                arp_alloc
                0x000000000010af5a                arp_ntoh
                0x000000000010afc4                arp_hton
                0x000000000010b02e                arp_resolve
                0x000000000010b2ad                arp_in
 .text          0x000000000010b4df      0x614 binaries/dhcp.o
                0x000000000010b4df                dhcp_get_opt_val
                0x000000000010b532                dhcp_bld_bootp_msg
                0x000000000010b632                dhcp_bld_disc
                0x000000000010b684                dhcp_bld_req
                0x000000000010b722                getlocalip
 .text          0x000000000010baf3       0xcb binaries/dot2ip.o
                0x000000000010baf3                dot2ip
 .text          0x000000000010bbbe      0x366 binaries/hexdump.o
                0x000000000010bbbe                hexdump
                0x000000000010bced                hexadump
 .text          0x000000000010bf24      0x5ef binaries/icmp.o
                0x000000000010bf24                icmp_init
                0x000000000010bf3c                icmp_register
                0x000000000010bfee                icmp_recv
                0x000000000010c143                icmp_mkpkt
                0x000000000010c21d                icmp_in
                0x000000000010c355                icmp_send
                0x000000000010c3d1                icmp_release
                0x000000000010c48d                icmp_cksum
                0x000000000010c4eb                icmp_hton
                0x000000000010c4ff                icmp_ntoh
 .text          0x000000000010c513      0x567 binaries/ip.o
                0x000000000010c513                ip_local
                0x000000000010c547                ipcksum
                0x000000000010c598                ip_ntoh
                0x000000000010c602                ip_in
                0x000000000010c6f7                ip_hton
                0x000000000010c761                ip_out
                0x000000000010c815                ip_send
                0x000000000010c912                ipout
                0x000000000010c9ee                ip_enqueue
 .text          0x000000000010ca7a      0x1d3 binaries/net.o
                0x000000000010ca7a                net_init
                0x000000000010cbb5                eth_hton
                0x000000000010cbbf                eth_ntoh
                0x000000000010cbc9                netin
 .text          0x000000000010cc4d       0xd3 binaries/netstart.o
                0x000000000010cc4d                netstart
 .text          0x000000000010cd20      0xb3f binaries/pdump.o
                0x000000000010cd20                pdump
                0x000000000010d38d                pdumph
 .text          0x000000000010d85f      0x5db binaries/tftp.o
                0x000000000010d85f                tftp_send1
                0x000000000010d992                tftpget_mb
                0x000000000010ddfd                tftpget
 .text          0x000000000010de3a      0x7d8 binaries/udp.o
                0x000000000010de3a                udp_init
                0x000000000010de77                udp_in
                0x000000000010df30                udp_register
                0x000000000010e01e                udp_recv
                0x000000000010e135                udp_recvaddr
                0x000000000010e263                udp_send
                0x000000000010e3de                udp_sendto
                0x000000000010e52e                udp_release
                0x000000000010e5ea                udp_ntoh
                0x000000000010e5fe                udp_hton
 .text          0x000000000010e612       0xff binaries/addargs.o
                0x000000000010e612                addargs
 .text          0x000000000010e711      0x1f8 binaries/lexan.o
                0x000000000010e711                lexan
 .text          0x000000000010e909      0x63a binaries/shell.o
                0x000000000010e909                shell
 .text          0x000000000010ef43       0x5b binaries/xsh_argecho.o
                0x000000000010ef43                xsh_argecho
 .text          0x000000000010ef9e      0x1d6 binaries/xsh_arp.o
                0x000000000010ef9e                xsh_arp
 .text          0x000000000010f174      0x1fb binaries/xsh_cat.o
                0x000000000010f174                xsh_cat
 .text          0x000000000010f36f       0x53 binaries/xsh_clear.o
                0x000000000010f36f                xsh_clear
 .text          0x000000000010f3c2      0x2a6 binaries/xsh_date.o
                0x000000000010f3c2                xsh_date
 .text          0x000000000010f668       0x8a binaries/xsh_devdump.o
                0x000000000010f668                xsh_devdump
 .text          0x000000000010f6f2       0x60 binaries/xsh_echo.o
                0x000000000010f6f2                xsh_echo
 .text          0x000000000010f752        0x6 binaries/xsh_exit.o
                0x000000000010f752                xsh_exit
 .text          0x000000000010f758      0x31f binaries/xsh_help.o
                0x000000000010f758                xsh_help
 .text          0x000000000010fa77      0x419 binaries/xsh_ipaddr.o
                0x000000000010fa77                xsh_ipaddr
 .text          0x000000000010fe90      0x1e0 binaries/xsh_kill.o
                0x000000000010fe90                xsh_kill
 .text          0x0000000000110070      0x3dd binaries/xsh_memdump.o
                0x0000000000110126                xsh_memdump
 .text          0x000000000011044d      0x1f2 binaries/xsh_memstat.o
                0x000000000011044d                xsh_memstat
 .text          0x000000000011063f      0x2f5 binaries/xsh_ping.o
                0x000000000011063f                xsh_ping
 .text          0x0000000000110934      0x1f4 binaries/xsh_ps.o
                0x0000000000110934                xsh_ps
 .text          0x0000000000110b28      0x1cf binaries/xsh_sleep.o
                0x0000000000110b28                xsh_sleep
 .text          0x0000000000110cf7      0x222 binaries/xsh_udpdump.o
                0x0000000000110cf7                xsh_udpdump
 .text          0x0000000000110f19      0x41c binaries/xsh_udpecho.o
                0x0000000000110f19                xsh_udpecho
 .text          0x0000000000111335      0x269 binaries/xsh_udpeserver.o
                0x0000000000111335                xsh_udpeserver
 .text          0x000000000011159e      0x1bc binaries/xsh_uptime.o
                0x000000000011159e                xsh_uptime
 .text          0x000000000011175a        0xe binaries/clkdisp.o
                0x000000000011175a                clkdisp
 .text          0x0000000000111768       0x19 binaries/ctxsw.o
                0x0000000000111768                ctxsw
 .text          0x0000000000111781      0x36b binaries/intr.o
                0x0000000000111781                disable
                0x000000000011178a                restore
                0x0000000000111798                enable
                0x000000000011179a                pause
                0x00000000001117a1                halt
                0x00000000001117a7                spurious_irq7
                0x00000000001117ac                spurious_irq15
                0x00000000001117bb                _Xint0
                0x00000000001117c6                _Xint1
                0x00000000001117d1                _Xint2
                0x00000000001117dc                _Xint3
                0x00000000001117e7                _Xint4
                0x00000000001117f2                _Xint5
                0x00000000001117fd                _Xint6
                0x0000000000111808                _Xint7
                0x0000000000111813                _Xint8
                0x000000000011181e                _Xint9
                0x0000000000111829                _Xint10
                0x0000000000111834                _Xint11
                0x0000000000111842                _Xint12
                0x0000000000111850                _Xint13
                0x000000000011185e                _Xint14
                0x000000000011186c                _Xint15
                0x000000000011187a                _Xint16
                0x0000000000111888                _Xint17
                0x0000000000111896                _Xint18
                0x00000000001118a4                _Xint19
                0x00000000001118b2                _Xint20
                0x00000000001118c0                _Xint21
                0x00000000001118ce                _Xint22
                0x00000000001118dc                _Xint23
                0x00000000001118ea                _Xint24
                0x00000000001118f8                _Xint25
                0x0000000000111906                _Xint26
                0x0000000000111914                _Xint27
                0x0000000000111922                _Xint28
                0x0000000000111930                _Xint29
                0x000000000011193e                _Xint30
                0x000000000011194c                _Xint31
                0x000000000011195a                _Xint32
                0x0000000000111968                _Xint33
                0x0000000000111976                _Xint34
                0x0000000000111984                _Xint35
                0x0000000000111992                _Xint36
                0x00000000001119a0                _Xint37
                0x00000000001119ae                _Xint38
                0x00000000001119bc                _Xint39
                0x00000000001119ca                _Xint40
                0x00000000001119d8                _Xint41
                0x00000000001119e6                _Xint42
                0x00000000001119f4                _Xint43
                0x0000000000111a02                _Xint44
                0x0000000000111a10                _Xint45
                0x0000000000111a1e                _Xint46
                0x0000000000111a2c                defevec
 .text          0x0000000000111aec        0xf binaries/ttydispatch.o
                0x0000000000111aec                ttydispatch
 .text          0x0000000000111afb       0x13 binaries/ethdispatch.o
                0x0000000000111afb                ethdispatch
 *(.rodata .rodata.*)
 .rodata.str1.1
                0x0000000000111b0e       0x54 binaries/ascdate.o
 *fill*         0x0000000000111b62        0x2 
 .rodata.str1.4
                0x0000000000111b64       0x22 binaries/ascdate.o
 .rodata.str1.1
                0x0000000000111b86       0x5f binaries/conf.o
 *fill*         0x0000000000111be5        0x3 
 .rodata.str1.4
                0x0000000000111be8       0x4f binaries/early_imr.o
 .rodata        0x0000000000111c37       0x30 binaries/early_imr.o
 .rodata.str1.1
                0x0000000000111c67      0x20c binaries/evec.o
 *fill*         0x0000000000111e73        0x1 
 .rodata.str1.4
                0x0000000000111e74       0x23 binaries/evec.o
 .rodata.str1.1
                0x0000000000111e97        0xb binaries/getutime.o
 *fill*         0x0000000000111ea2        0x2 
 .rodata.str1.4
                0x0000000000111ea4       0x54 binaries/getutime.o
 .rodata.str1.1
                0x0000000000111ef8       0x63 binaries/initialize.o
                                         0x67 (size before relaxing)
 *fill*         0x0000000000111f5b        0x1 
 .rodata.str1.4
                0x0000000000111f5c       0xd4 binaries/initialize.o
 .rodata.str1.1
                0x0000000000112030       0x1e binaries/kill.o
 *fill*         0x000000000011204e        0x2 
 .rodata        0x0000000000112050       0x20 binaries/kill.o
 .rodata.str1.4
                0x0000000000112070      0x304 binaries/main.o
 .rodata.str1.1
                0x0000000000112374      0x198 binaries/main.o
                                        0x19a (size before relaxing)
 .rodata.str1.4
                0x000000000011250c       0x23 binaries/meminit.o
 .rodata.str1.1
                0x000000000011252f       0x1b binaries/meminit.o
 .rodata.str1.1
                0x000000000011254a        0xf binaries/panic.o
 .rodata.str1.1
                0x0000000000112559       0x1c binaries/ptinit.o
 *fill*         0x0000000000112575        0x3 
 .rodata.str1.4
                0x0000000000112578       0x25 binaries/ptsend.o
 .rodata.str1.1
                0x000000000011259d       0x22 binaries/quark_pdat.o
 *fill*         0x00000000001125bf        0x1 
 .rodata.str1.4
                0x00000000001125c0       0x63 binaries/stacktrace.o
 .rodata.str1.1
                0x0000000000112623       0x52 binaries/stacktrace.o
 *fill*         0x0000000000112675        0x3 
 .rodata.str1.4
                0x0000000000112678       0x27 binaries/xdone.o
 *fill*         0x000000000011269f        0x1 
 .rodata        0x00000000001126a0       0x81 binaries/ctype_.o
                0x00000000001126a0                _ctype_
 .rodata.str1.1
                0x0000000000112721       0x29 binaries/doprnt.o
 *fill*         0x000000000011274a        0x2 
 .rodata        0x000000000011274c       0xc4 binaries/doprnt.o
 .rodata        0x0000000000112810       0x98 binaries/doscan.o
 .rodata.str1.1
                0x0000000000000000       0x29 binaries/fdoprnt.o
 .rodata        0x00000000001128a8       0x84 binaries/fdoprnt.o
 .rodata        0x000000000011292c       0x20 binaries/ttycontrol.o
 .rodata.str1.4
                0x000000000011294c       0x4c binaries/naminit.o
 .rodata.str1.1
                0x0000000000112998       0x32 binaries/naminit.o
                                         0x35 (size before relaxing)
 .rodata.str1.1
                0x00000000001129ca       0x15 binaries/ethinit.o
 *fill*         0x00000000001129df        0x1 
 .rodata.str1.4
                0x00000000001129e0       0x2e binaries/ethinit.o
 *fill*         0x0000000000112a0e        0x2 
 .rodata.str1.4
                0x0000000000112a10       0x2c binaries/rdsbufalloc.o
 .rodata.str1.4
                0x0000000000112a3c       0x76 binaries/rdscomm.o
 *fill*         0x0000000000112ab2        0x2 
 .rodata.str1.4
                0x0000000000112ab4       0x48 binaries/rdscontrol.o
 .rodata.str1.4
                0x0000000000112afc       0x7e binaries/rdsinit.o
 .rodata.str1.1
                0x0000000000112b7a       0x18 binaries/rdsinit.o
 *fill*         0x0000000000112b92        0x2 
 .rodata.str1.4
                0x0000000000112b94       0x22 binaries/rdsopen.o
 *fill*         0x0000000000112bb6        0x2 
 .rodata.str1.4
                0x0000000000112bb8       0x4d binaries/rdsprocess.o
 .rodata.str1.1
                0x0000000000112c05        0x9 binaries/raminit.o
 .rodata.str1.1
                0x0000000000112c0e       0x13 binaries/lfdballoc.o
 *fill*         0x0000000000112c21        0x3 
 .rodata.str1.4
                0x0000000000112c24       0x23 binaries/lfdballoc.o
 .rodata.str1.1
                0x0000000000112c47       0x14 binaries/lfiballoc.o
 *fill*         0x0000000000112c5b        0x1 
 .rodata.str1.4
                0x0000000000112c5c       0x23 binaries/lflcontrol.o
 .rodata.str1.1
                0x0000000000112c7f       0x64 binaries/lfsckfmt.o
 *fill*         0x0000000000112ce3        0x1 
 .rodata.str1.4
                0x0000000000112ce4       0x51 binaries/lfsckfmt.o
 *fill*         0x0000000000112d35        0x3 
 .rodata.str1.4
                0x0000000000112d38       0x21 binaries/rflread.o
 .rodata.str1.4
                0x0000000000000000       0x21 binaries/rflwrite.o
 *fill*         0x0000000000112d59        0x3 
 .rodata.str1.4
                0x0000000000112d5c       0x75 binaries/rfscomm.o
 *fill*         0x0000000000112dd1        0x3 
 .rodata.str1.4
                0x0000000000112dd4       0x23 binaries/rfscontrol.o
 *fill*         0x0000000000112df7        0x1 
 .rodata        0x0000000000112df8       0x18 binaries/rfscontrol.o
 .rodata.str1.1
                0x0000000000000000       0x10 binaries/rfsinit.o
 .rodata.str1.4
                0x0000000000112e10       0x57 binaries/rfsinit.o
 *fill*         0x0000000000112e67        0x1 
 .rodata.str1.4
                0x0000000000112e68       0x2a binaries/rfsndmsg.o
 .rodata.str1.4
                0x0000000000000000       0x22 binaries/rfsopen.o
 .rodata.str1.1
                0x0000000000112e92       0x19 binaries/arp.o
 *fill*         0x0000000000112eab        0x1 
 .rodata.str1.4
                0x0000000000112eac       0x21 binaries/arp.o
 *fill*         0x0000000000112ecd        0x3 
 .rodata.str1.4
                0x0000000000112ed0       0xa6 binaries/dhcp.o
 .rodata.str1.1
                0x0000000000112f76       0x4a binaries/dhcp.o
 .rodata.str1.1
                0x0000000000112fc0       0x5a binaries/hexdump.o
                                         0x61 (size before relaxing)
 *fill*         0x000000000011301a        0x2 
 .rodata.str1.4
                0x000000000011301c       0x67 binaries/hexdump.o
 *fill*         0x0000000000113083        0x1 
 .rodata.str1.4
                0x0000000000113084       0x29 binaries/icmp.o
 .rodata.str1.1
                0x00000000001130ad       0x4e binaries/ip.o
 *fill*         0x00000000001130fb        0x1 
 .rodata.str1.4
                0x00000000001130fc       0x20 binaries/ip.o
 .rodata.str1.4
                0x000000000011311c       0x28 binaries/net.o
 .rodata.str1.1
                0x0000000000113144       0x27 binaries/net.o
 *fill*         0x000000000011316b        0x1 
 .rodata.str1.4
                0x000000000011316c       0xcf binaries/netstart.o
 .rodata.str1.1
                0x000000000011323b      0x141 binaries/pdump.o
                                        0x14b (size before relaxing)
 .rodata.str1.4
                0x000000000011337c      0x126 binaries/pdump.o
 *fill*         0x00000000001134a2        0x2 
 .rodata.str1.4
                0x00000000001134a4      0x148 binaries/tftp.o
 .rodata.str1.1
                0x00000000001135ec        0x6 binaries/tftp.o
                                          0xa (size before relaxing)
 .rodata.str1.1
                0x00000000001135f2       0xe3 binaries/shell.o
                                         0xff (size before relaxing)
 *fill*         0x00000000001136d5        0x3 
 .rodata.str1.4
                0x00000000001136d8      0x1c4 binaries/shell.o
 *fill*         0x000000000011389c        0x4 
 .rodata        0x00000000001138a0       0xfc binaries/shell.o
                0x00000000001138a0                cmdtab
 .rodata.str1.1
                0x000000000011399c       0x26 binaries/xsh_argecho.o
                                         0x28 (size before relaxing)
 .rodata.str1.1
                0x00000000001139c2       0x70 binaries/xsh_arp.o
                                         0x72 (size before relaxing)
 *fill*         0x0000000000113a32        0x2 
 .rodata.str1.4
                0x0000000000113a34       0xb4 binaries/xsh_arp.o
 .rodata.str1.1
                0x0000000000113ae8       0x2d binaries/xsh_cat.o
                                         0x4f (size before relaxing)
 *fill*         0x0000000000113b15        0x3 
 .rodata.str1.4
                0x0000000000113b18       0x52 binaries/xsh_cat.o
                                         0x79 (size before relaxing)
 .rodata.str1.1
                0x0000000000113b6a       0x15 binaries/xsh_clear.o
 .rodata.str1.1
                0x0000000000113b7f       0x46 binaries/xsh_date.o
                                         0x5f (size before relaxing)
 *fill*         0x0000000000113bc5        0x3 
 .rodata.str1.4
                0x0000000000113bc8      0x163 binaries/xsh_date.o
 .rodata.str1.1
                0x0000000000113d2b       0x5d binaries/xsh_devdump.o
 .rodata.str1.1
                0x0000000000113d88        0x4 binaries/xsh_echo.o
                                          0x9 (size before relaxing)
 .rodata.str1.1
                0x0000000000113d8c       0x65 binaries/xsh_help.o
                                         0xa3 (size before relaxing)
 *fill*         0x0000000000113df1        0x3 
 .rodata.str1.4
                0x0000000000113df4       0x7c binaries/xsh_help.o
                                         0xc6 (size before relaxing)
 .rodata.str1.1
                0x0000000000113e70       0x9c binaries/xsh_ipaddr.o
                                         0xf8 (size before relaxing)
 .rodata.str1.4
                0x0000000000113f0c       0x4d binaries/xsh_ipaddr.o
                                         0x99 (size before relaxing)
 .rodata.str1.1
                0x0000000000113f59       0x78 binaries/xsh_kill.o
                                         0x97 (size before relaxing)
 *fill*         0x0000000000113fd1        0x3 
 .rodata.str1.4
                0x0000000000113fd4       0x4a binaries/xsh_kill.o
                                         0x96 (size before relaxing)
 .rodata.str1.1
                0x000000000011401e       0x84 binaries/xsh_memdump.o
                                         0xa8 (size before relaxing)
 *fill*         0x00000000001140a2        0x2 
 .rodata.str1.4
                0x00000000001140a4      0x15a binaries/xsh_memdump.o
                                        0x1aa (size before relaxing)
 .rodata.str1.1
                0x00000000001141fe       0x40 binaries/xsh_memstat.o
                                         0x79 (size before relaxing)
 *fill*         0x000000000011423e        0x2 
 .rodata.str1.4
                0x0000000000114240      0x187 binaries/xsh_memstat.o
                                        0x1af (size before relaxing)
 .rodata.str1.1
                0x00000000001143c7       0x90 binaries/xsh_ping.o
                                         0xaf (size before relaxing)
 *fill*         0x0000000000114457        0x1 
 .rodata.str1.4
                0x0000000000114458       0x77 binaries/xsh_ping.o
                                         0xc6 (size before relaxing)
 .rodata.str1.1
                0x00000000001144cf       0x74 binaries/xsh_ps.o
                                         0xd5 (size before relaxing)
 *fill*         0x0000000000114543        0x1 
 .rodata.str1.4
                0x0000000000114544       0x80 binaries/xsh_ps.o
                                         0xd0 (size before relaxing)
 *fill*         0x00000000001145c4       0x1c 
 .rodata        0x00000000001145e0       0x20 binaries/xsh_ps.o
 .rodata.str1.1
                0x0000000000114600       0x31 binaries/xsh_sleep.o
                                         0x72 (size before relaxing)
 *fill*         0x0000000000114631        0x3 
 .rodata.str1.4
                0x0000000000114634       0x2a binaries/xsh_sleep.o
                                         0x7a (size before relaxing)
 .rodata.str1.1
                0x000000000011465e       0x6b binaries/xsh_udpdump.o
                                         0xd2 (size before relaxing)
 *fill*         0x00000000001146c9        0x3 
 .rodata.str1.4
                0x00000000001146cc       0x94 binaries/xsh_udpdump.o
                                         0xe4 (size before relaxing)
 .rodata.str1.1
                0x0000000000114760       0xdb binaries/xsh_udpecho.o
                                         0xfa (size before relaxing)
 *fill*         0x000000000011483b        0x1 
 .rodata.str1.4
                0x000000000011483c       0xc7 binaries/xsh_udpecho.o
                                        0x116 (size before relaxing)
 .rodata.str1.1
                0x0000000000114903       0x66 binaries/xsh_udpeserver.o
                                         0x8f (size before relaxing)
 *fill*         0x0000000000114969        0x3 
 .rodata.str1.4
                0x000000000011496c       0x29 binaries/xsh_udpeserver.o
                                         0x9f (size before relaxing)
 .rodata.str1.1
                0x0000000000114995       0x49 binaries/xsh_uptime.o
                                         0x8c (size before relaxing)
 *fill*         0x00000000001149de        0x2 
 .rodata.str1.4
                0x00000000001149e0       0x28 binaries/xsh_uptime.o
                                         0x76 (size before relaxing)
                0x0000000000114a08                etext = ABSOLUTE (.)
                0x0000000000115000                . = ALIGN (0x1000)
 *fill*         0x0000000000114a08      0x5f8 

.eh_frame       0x0000000000115000     0x3450
 .eh_frame      0x0000000000115000       0x58 binaries/ascdate.o
 .eh_frame      0x0000000000115058       0x14 binaries/bufinit.o
                                         0x2c (size before relaxing)
 .eh_frame      0x000000000011506c       0x2c binaries/chprio.o
                                         0x44 (size before relaxing)
 .eh_frame      0x0000000000115098       0x24 binaries/clkhandler.o
                                         0x3c (size before relaxing)
 .eh_frame      0x00000000001150bc       0x18 binaries/clkinit.o
                                         0x30 (size before relaxing)
 .eh_frame      0x00000000001150d4       0x2c binaries/close.o
                                         0x44 (size before relaxing)
 .eh_frame      0x0000000000115100       0x2c binaries/control.o
                                         0x44 (size before relaxing)
 .eh_frame      0x000000000011512c       0x40 binaries/create.o
                                         0x58 (size before relaxing)
 .eh_frame      0x000000000011516c       0x98 binaries/early_imr.o
                                         0xb0 (size before relaxing)
 .eh_frame      0x0000000000115204       0x94 binaries/evec.o
                                         0xac (size before relaxing)
 .eh_frame      0x0000000000115298       0x2c binaries/freebuf.o
                                         0x44 (size before relaxing)
 .eh_frame      0x00000000001152c4       0x40 binaries/freemem.o
                                         0x58 (size before relaxing)
 .eh_frame      0x0000000000115304       0x40 binaries/freememgc.o
                                         0x58 (size before relaxing)
 .eh_frame      0x0000000000115344       0x3c binaries/getbuf.o
                                         0x54 (size before relaxing)
 .eh_frame      0x0000000000115380       0x2c binaries/getc.o
                                         0x44 (size before relaxing)
 .eh_frame      0x00000000001153ac       0x3c binaries/getdev.o
                                         0x54 (size before relaxing)
 .eh_frame      0x00000000001153e8       0x4c binaries/getitem.o
                                         0x64 (size before relaxing)
 .eh_frame      0x0000000000115434       0x48 binaries/getmem.o
                                         0x60 (size before relaxing)
 .eh_frame      0x000000000011547c       0x34 binaries/getmemgc.o
                                         0x4c (size before relaxing)
 .eh_frame      0x00000000001154b0       0x14 binaries/getpid.o
                                         0x2c (size before relaxing)
 .eh_frame      0x00000000001154c4       0x24 binaries/getprio.o
                                         0x3c (size before relaxing)
 .eh_frame      0x00000000001154e8       0x3c binaries/getstk.o
                                         0x54 (size before relaxing)
 .eh_frame      0x0000000000115524       0x18 binaries/gettime.o
                                         0x30 (size before relaxing)
 .eh_frame      0x000000000011553c       0x24 binaries/getutime.o
                                         0x3c (size before relaxing)
 .eh_frame      0x0000000000115560       0x2c binaries/init.o
                                         0x44 (size before relaxing)
 .eh_frame      0x000000000011558c       0x48 binaries/initialize.o
                                         0x60 (size before relaxing)
 .eh_frame      0x00000000001155d4       0x24 binaries/insert.o
                                         0x3c (size before relaxing)
 .eh_frame      0x00000000001155f8       0x38 binaries/insertd.o
                                         0x50 (size before relaxing)
 .eh_frame      0x0000000000115630       0x14 binaries/ioerr.o
                                         0x2c (size before relaxing)
 .eh_frame      0x0000000000115644       0x14 binaries/ionull.o
                                         0x2c (size before relaxing)
 .eh_frame      0x0000000000115658       0x40 binaries/kill.o
                                         0x58 (size before relaxing)
 .eh_frame      0x0000000000115698       0x58 binaries/kprintf.o
                                         0x70 (size before relaxing)
 .eh_frame      0x00000000001156f0      0x258 binaries/main.o
                                        0x270 (size before relaxing)
 .eh_frame      0x0000000000115948       0x3c binaries/mark.o
                                         0x54 (size before relaxing)
 .eh_frame      0x0000000000115984       0x58 binaries/meminit.o
                                         0x70 (size before relaxing)
 .eh_frame      0x00000000001159dc       0x40 binaries/mkbufpool.o
                                         0x58 (size before relaxing)
 .eh_frame      0x0000000000115a1c       0x14 binaries/newqueue.o
                                         0x2c (size before relaxing)
 .eh_frame      0x0000000000115a30       0x2c binaries/open.o
                                         0x44 (size before relaxing)
 .eh_frame      0x0000000000115a5c       0x14 binaries/panic.o
                                         0x2c (size before relaxing)
 .eh_frame      0x0000000000115a70       0xe0 binaries/pci.o
                                         0xf8 (size before relaxing)
 .eh_frame      0x0000000000115b50       0x18 binaries/platinit.o
                                         0x30 (size before relaxing)
 .eh_frame      0x0000000000115b68       0x3c binaries/ptclear.o
                                         0x54 (size before relaxing)
 .eh_frame      0x0000000000115ba4       0x34 binaries/ptcount.o
                                         0x4c (size before relaxing)
 .eh_frame      0x0000000000115bd8       0x3c binaries/ptcreate.o
                                         0x54 (size before relaxing)
 .eh_frame      0x0000000000115c14       0x2c binaries/ptdelete.o
                                         0x44 (size before relaxing)
 .eh_frame      0x0000000000115c40       0x2c binaries/ptinit.o
                                         0x44 (size before relaxing)
 .eh_frame      0x0000000000115c6c       0x3c binaries/ptrecv.o
                                         0x54 (size before relaxing)
 .eh_frame      0x0000000000115ca8       0x2c binaries/ptreset.o
                                         0x44 (size before relaxing)
 .eh_frame      0x0000000000115cd4       0x34 binaries/ptsend.o
                                         0x4c (size before relaxing)
 .eh_frame      0x0000000000115d08       0x34 binaries/putc.o
                                         0x4c (size before relaxing)
 .eh_frame      0x0000000000115d3c       0x24 binaries/quark_irq.o
                                         0x3c (size before relaxing)
 .eh_frame      0x0000000000115d60       0x60 binaries/quark_pdat.o
                                         0x78 (size before relaxing)
 .eh_frame      0x0000000000115dc0       0x2c binaries/queue.o
                                         0x44 (size before relaxing)
 .eh_frame      0x0000000000115dec       0x2c binaries/read.o
                                         0x44 (size before relaxing)
 .eh_frame      0x0000000000115e18       0x18 binaries/ready.o
                                         0x30 (size before relaxing)
 .eh_frame      0x0000000000115e30       0x34 binaries/receive.o
                                         0x4c (size before relaxing)
 .eh_frame      0x0000000000115e64       0x20 binaries/recvclr.o
                                         0x38 (size before relaxing)
 .eh_frame      0x0000000000115e84       0x3c binaries/recvtime.o
                                         0x54 (size before relaxing)
 .eh_frame      0x0000000000115ec0       0x24 binaries/registercbsig.o
                                         0x3c (size before relaxing)
 .eh_frame      0x0000000000115ee4       0x4c binaries/resched.o
                                         0x64 (size before relaxing)
 .eh_frame      0x0000000000115f30       0x34 binaries/resume.o
                                         0x4c (size before relaxing)
 .eh_frame      0x0000000000115f64       0x2c binaries/seek.o
                                         0x44 (size before relaxing)
 .eh_frame      0x0000000000115f90       0x24 binaries/semcount.o
                                         0x3c (size before relaxing)
 .eh_frame      0x0000000000115fb4       0x3c binaries/semcreate.o
                                         0x54 (size before relaxing)
 .eh_frame      0x0000000000115ff0       0x2c binaries/semdelete.o
                                         0x44 (size before relaxing)
 .eh_frame      0x000000000011601c       0x3c binaries/semreset.o
                                         0x54 (size before relaxing)
 .eh_frame      0x0000000000116058       0x2c binaries/send.o
                                         0x44 (size before relaxing)
 .eh_frame      0x0000000000116084       0x2c binaries/signal.o
                                         0x44 (size before relaxing)
 .eh_frame      0x00000000001160b0       0x34 binaries/signaln.o
                                         0x4c (size before relaxing)
 .eh_frame      0x00000000001160e4       0x44 binaries/sleep.o
                                         0x5c (size before relaxing)
 .eh_frame      0x0000000000116128       0x40 binaries/stacktrace.o
                                         0x58 (size before relaxing)
 .eh_frame      0x0000000000116168       0x3c binaries/suspend.o
                                         0x54 (size before relaxing)
 .eh_frame      0x00000000001161a4       0x2c binaries/unsleep.o
                                         0x44 (size before relaxing)
 .eh_frame      0x00000000001161d0       0x18 binaries/userret.o
                                         0x30 (size before relaxing)
 .eh_frame      0x00000000001161e8       0x2c binaries/wait.o
                                         0x44 (size before relaxing)
 .eh_frame      0x0000000000116214       0x18 binaries/wakeup.o
                                         0x30 (size before relaxing)
 .eh_frame      0x000000000011622c       0x2c binaries/write.o
                                         0x44 (size before relaxing)
 .eh_frame      0x0000000000116258       0x18 binaries/xdone.o
                                         0x30 (size before relaxing)
 .eh_frame      0x0000000000116270       0x20 binaries/yield.o
                                         0x38 (size before relaxing)
 .eh_frame      0x0000000000116290       0x14 binaries/abs.o
                                         0x2c (size before relaxing)
 .eh_frame      0x00000000001162a4       0x24 binaries/atoi.o
                                         0x3c (size before relaxing)
 .eh_frame      0x00000000001162c8       0x24 binaries/atol.o
                                         0x3c (size before relaxing)
 .eh_frame      0x00000000001162ec       0x14 binaries/bzero.o
                                         0x2c (size before relaxing)
 .eh_frame      0x0000000000116300       0xd4 binaries/doprnt.o
                                         0xec (size before relaxing)
 .eh_frame      0x00000000001163d4       0x40 binaries/doscan.o
                                         0x58 (size before relaxing)
 .eh_frame      0x0000000000116414       0x7c binaries/fdoprnt.o
                                         0x94 (size before relaxing)
 .eh_frame      0x0000000000116490       0x18 binaries/fgetc.o
                                         0x30 (size before relaxing)
 .eh_frame      0x00000000001164a8       0x3c binaries/fgets.o
                                         0x54 (size before relaxing)
 .eh_frame      0x00000000001164e4       0x18 binaries/fprintf.o
                                         0x30 (size before relaxing)
 .eh_frame      0x00000000001164fc       0x18 binaries/fputc.o
                                         0x30 (size before relaxing)
 .eh_frame      0x0000000000116514       0x2c binaries/fputs.o
                                         0x44 (size before relaxing)
 .eh_frame      0x0000000000116540       0x4c binaries/fscanf.o
                                         0x64 (size before relaxing)
 .eh_frame      0x000000000011658c       0x18 binaries/getchar.o
                                         0x30 (size before relaxing)
 .eh_frame      0x00000000001165a4       0x14 binaries/labs.o
                                         0x2c (size before relaxing)
 .eh_frame      0x00000000001165b8       0x14 binaries/memchr.o
                                         0x2c (size before relaxing)
 .eh_frame      0x00000000001165cc       0x24 binaries/memcmp.o
                                         0x3c (size before relaxing)
 .eh_frame      0x00000000001165f0       0x24 binaries/memcpy.o
                                         0x3c (size before relaxing)
 .eh_frame      0x0000000000116614       0x1c binaries/memset.o
                                         0x34 (size before relaxing)
 .eh_frame      0x0000000000116630       0x18 binaries/printf.o
                                         0x30 (size before relaxing)
 .eh_frame      0x0000000000116648       0x18 binaries/putchar.o
                                         0x30 (size before relaxing)
 .eh_frame      0x0000000000116660       0xa8 binaries/qsort.o
                                         0xc0 (size before relaxing)
 .eh_frame      0x0000000000116708       0x28 binaries/rand.o
                                         0x40 (size before relaxing)
 .eh_frame      0x0000000000116730       0x3c binaries/sprintf.o
                                         0x54 (size before relaxing)
 .eh_frame      0x000000000011676c       0x40 binaries/sscanf.o
                                         0x58 (size before relaxing)
 .eh_frame      0x00000000001167ac       0x1c binaries/strchr.o
                                         0x34 (size before relaxing)
 .eh_frame      0x00000000001167c8       0x1c binaries/strcmp.o
                                         0x34 (size before relaxing)
 .eh_frame      0x00000000001167e4       0x14 binaries/strcpy.o
                                         0x2c (size before relaxing)
 .eh_frame      0x00000000001167f8       0x14 binaries/strlen.o
                                         0x2c (size before relaxing)
 .eh_frame      0x000000000011680c       0x2c binaries/strncat.o
                                         0x44 (size before relaxing)
 .eh_frame      0x0000000000116838       0x1c binaries/strncmp.o
                                         0x34 (size before relaxing)
 .eh_frame      0x0000000000116854       0x30 binaries/strncpy.o
                                         0x48 (size before relaxing)
 .eh_frame      0x0000000000116884       0x14 binaries/strnlen.o
                                         0x2c (size before relaxing)
 .eh_frame      0x0000000000116898       0x1c binaries/strrchr.o
                                         0x34 (size before relaxing)
 .eh_frame      0x00000000001168b4       0x38 binaries/strstr.o
                                         0x50 (size before relaxing)
 .eh_frame      0x00000000001168ec       0x2c binaries/ttycontrol.o
                                         0x44 (size before relaxing)
 .eh_frame      0x0000000000116918       0x2c binaries/ttygetc.o
                                         0x44 (size before relaxing)
 .eh_frame      0x0000000000116944       0x9c binaries/ttyhandle_in.o
                                         0xb4 (size before relaxing)
 .eh_frame      0x00000000001169e0       0x40 binaries/ttyhandle_out.o
                                         0x58 (size before relaxing)
 .eh_frame      0x0000000000116a20       0x2c binaries/ttyhandler.o
                                         0x44 (size before relaxing)
 .eh_frame      0x0000000000116a4c       0x2c binaries/ttyinit.o
                                         0x44 (size before relaxing)
 .eh_frame      0x0000000000116a78       0x14 binaries/ttykickout.o
                                         0x2c (size before relaxing)
 .eh_frame      0x0000000000116a8c       0x34 binaries/ttyputc.o
                                         0x4c (size before relaxing)
 .eh_frame      0x0000000000116ac0       0x3c binaries/ttyread.o
                                         0x54 (size before relaxing)
 .eh_frame      0x0000000000116afc       0x34 binaries/ttywrite.o
                                         0x4c (size before relaxing)
 .eh_frame      0x0000000000116b30       0x50 binaries/mount.o
                                         0x68 (size before relaxing)
 .eh_frame      0x0000000000116b80       0x40 binaries/naminit.o
                                         0x58 (size before relaxing)
 .eh_frame      0x0000000000116bc0       0xa4 binaries/nammap.o
                                         0xbc (size before relaxing)
 .eh_frame      0x0000000000116c64       0x1c binaries/namopen.o
                                         0x34 (size before relaxing)
 .eh_frame      0x0000000000116c80       0x3c binaries/colon2mac.o
                                         0x54 (size before relaxing)
 .eh_frame      0x0000000000116cbc       0x18 binaries/ethcontrol.o
                                         0x30 (size before relaxing)
 .eh_frame      0x0000000000116cd4       0x3c binaries/ethhandler.o
                                         0x54 (size before relaxing)
 .eh_frame      0x0000000000116d10       0x94 binaries/ethinit.o
                                         0xac (size before relaxing)
 .eh_frame      0x0000000000116da4       0x68 binaries/ethmcast.o
                                         0x80 (size before relaxing)
 .eh_frame      0x0000000000116e0c       0x40 binaries/ethread.o
                                         0x58 (size before relaxing)
 .eh_frame      0x0000000000116e4c       0x3c binaries/ethwrite.o
                                         0x54 (size before relaxing)
 .eh_frame      0x0000000000116e88       0x24 binaries/rdsbufalloc.o
                                         0x3c (size before relaxing)
 .eh_frame      0x0000000000116eac       0x30 binaries/rdsclose.o
                                         0x48 (size before relaxing)
 .eh_frame      0x0000000000116edc       0x40 binaries/rdscomm.o
                                         0x58 (size before relaxing)
 .eh_frame      0x0000000000116f1c       0x2c binaries/rdscontrol.o
                                         0x44 (size before relaxing)
 .eh_frame      0x0000000000116f48       0x40 binaries/rdsinit.o
                                         0x58 (size before relaxing)
 .eh_frame      0x0000000000116f88       0x40 binaries/rdsopen.o
                                         0x58 (size before relaxing)
 .eh_frame      0x0000000000116fc8       0x2c binaries/rdsprocess.o
                                         0x44 (size before relaxing)
 .eh_frame      0x0000000000116ff4       0x40 binaries/rdsread.o
                                         0x58 (size before relaxing)
 .eh_frame      0x0000000000117034       0x34 binaries/rdswrite.o
                                         0x4c (size before relaxing)
 .eh_frame      0x0000000000117068       0x14 binaries/ramclose.o
                                         0x2c (size before relaxing)
 .eh_frame      0x000000000011707c       0x18 binaries/raminit.o
                                         0x30 (size before relaxing)
 .eh_frame      0x0000000000117094       0x14 binaries/ramopen.o
                                         0x2c (size before relaxing)
 .eh_frame      0x00000000001170a8       0x18 binaries/ramread.o
                                         0x30 (size before relaxing)
 .eh_frame      0x00000000001170c0       0x18 binaries/ramwrite.o
                                         0x30 (size before relaxing)
 .eh_frame      0x00000000001170d8       0x2c binaries/lfdballoc.o
                                         0x44 (size before relaxing)
 .eh_frame      0x0000000000117104       0x24 binaries/lfdbfree.o
                                         0x3c (size before relaxing)
 .eh_frame      0x0000000000117128       0x24 binaries/lfflush.o
                                         0x3c (size before relaxing)
 .eh_frame      0x000000000011714c       0x14 binaries/lfgetmode.o
                                         0x2c (size before relaxing)
 .eh_frame      0x0000000000117160       0x24 binaries/lfiballoc.o
                                         0x3c (size before relaxing)
 .eh_frame      0x0000000000117184       0x14 binaries/lfibclear.o
                                         0x2c (size before relaxing)
 .eh_frame      0x0000000000117198       0x40 binaries/lfibget.o
                                         0x58 (size before relaxing)
 .eh_frame      0x00000000001171d8       0x40 binaries/lfibput.o
                                         0x58 (size before relaxing)
 .eh_frame      0x0000000000117218       0x2c binaries/lflclose.o
                                         0x44 (size before relaxing)
 .eh_frame      0x0000000000117244       0x2c binaries/lflcontrol.o
                                         0x44 (size before relaxing)
 .eh_frame      0x0000000000117270       0x2c binaries/lflgetc.o
                                         0x44 (size before relaxing)
 .eh_frame      0x000000000011729c       0x24 binaries/lflinit.o
                                         0x3c (size before relaxing)
 .eh_frame      0x00000000001172c0       0x34 binaries/lflputc.o
                                         0x4c (size before relaxing)
 .eh_frame      0x00000000001172f4       0x3c binaries/lflread.o
                                         0x54 (size before relaxing)
 .eh_frame      0x0000000000117330       0x34 binaries/lflseek.o
                                         0x4c (size before relaxing)
 .eh_frame      0x0000000000117364       0x3c binaries/lflwrite.o
                                         0x54 (size before relaxing)
 .eh_frame      0x00000000001173a0       0x40 binaries/lfsckfmt.o
                                         0x58 (size before relaxing)
 .eh_frame      0x00000000001173e0       0x40 binaries/lfscreate.o
                                         0x58 (size before relaxing)
 .eh_frame      0x0000000000117420       0x40 binaries/lfsetup.o
                                         0x58 (size before relaxing)
 .eh_frame      0x0000000000117460       0x18 binaries/lfsinit.o
                                         0x30 (size before relaxing)
 .eh_frame      0x0000000000117478       0x40 binaries/lfsopen.o
                                         0x58 (size before relaxing)
 .eh_frame      0x00000000001174b8       0x40 binaries/lftruncate.o
                                         0x58 (size before relaxing)
 .eh_frame      0x00000000001174f8       0x18 binaries/rflclose.o
                                         0x30 (size before relaxing)
 .eh_frame      0x0000000000117510       0x18 binaries/rflgetc.o
                                         0x30 (size before relaxing)
 .eh_frame      0x0000000000117528       0x14 binaries/rflinit.o
                                         0x2c (size before relaxing)
 .eh_frame      0x000000000011753c       0x18 binaries/rflputc.o
                                         0x30 (size before relaxing)
 .eh_frame      0x0000000000117554       0x40 binaries/rflread.o
                                         0x58 (size before relaxing)
 .eh_frame      0x0000000000117594       0x18 binaries/rflseek.o
                                         0x30 (size before relaxing)
 .eh_frame      0x00000000001175ac       0x40 binaries/rflwrite.o
                                         0x58 (size before relaxing)
 .eh_frame      0x00000000001175ec       0x40 binaries/rfscomm.o
                                         0x58 (size before relaxing)
 .eh_frame      0x000000000011762c       0x2c binaries/rfscontrol.o
                                         0x44 (size before relaxing)
 .eh_frame      0x0000000000117658       0x14 binaries/rfsgetmode.o
                                         0x2c (size before relaxing)
 .eh_frame      0x000000000011766c       0x18 binaries/rfsinit.o
                                         0x30 (size before relaxing)
 .eh_frame      0x0000000000117684       0x1c binaries/rfsndmsg.o
                                         0x34 (size before relaxing)
 .eh_frame      0x00000000001176a0       0x2c binaries/rfsopen.o
                                         0x44 (size before relaxing)
 .eh_frame      0x00000000001176cc       0xf0 binaries/arp.o
                                        0x108 (size before relaxing)
 .eh_frame      0x00000000001177bc       0xec binaries/dhcp.o
                                        0x104 (size before relaxing)
 .eh_frame      0x00000000001178a8       0x38 binaries/dot2ip.o
                                         0x50 (size before relaxing)
 .eh_frame      0x00000000001178e0       0x74 binaries/hexdump.o
                                         0x8c (size before relaxing)
 .eh_frame      0x0000000000117954      0x1b8 binaries/icmp.o
                                        0x1d0 (size before relaxing)
 .eh_frame      0x0000000000117b0c      0x130 binaries/ip.o
                                        0x148 (size before relaxing)
[...]
 .comment       0x0000000000000000       0x2b binaries/net.o
 .comment       0x0000000000000000       0x2b binaries/netstart.o
 .comment       0x0000000000000000       0x2b binaries/pdump.o
 .comment       0x0000000000000000       0x2b binaries/tftp.o
 .comment       0x0000000000000000       0x2b binaries/udp.o
 .comment       0x0000000000000000       0x2b binaries/addargs.o
 .comment       0x0000000000000000       0x2b binaries/lexan.o
 .comment       0x0000000000000000       0x2b binaries/shell.o
 .comment       0x0000000000000000       0x2b binaries/xsh_argecho.o
 .comment       0x0000000000000000       0x2b binaries/xsh_arp.o
 .comment       0x0000000000000000       0x2b binaries/xsh_cat.o
 .comment       0x0000000000000000       0x2b binaries/xsh_clear.o
 .comment       0x0000000000000000       0x2b binaries/xsh_date.o
 .comment       0x0000000000000000       0x2b binaries/xsh_devdump.o
 .comment       0x0000000000000000       0x2b binaries/xsh_echo.o
 .comment       0x0000000000000000       0x2b binaries/xsh_exit.o
 .comment       0x0000000000000000       0x2b binaries/xsh_help.o
 .comment       0x0000000000000000       0x2b binaries/xsh_ipaddr.o
 .comment       0x0000000000000000       0x2b binaries/xsh_kill.o
 .comment       0x0000000000000000       0x2b binaries/xsh_memdump.o
 .comment       0x0000000000000000       0x2b binaries/xsh_memstat.o
 .comment       0x0000000000000000       0x2b binaries/xsh_ping.o
 .comment       0x0000000000000000       0x2b binaries/xsh_ps.o
 .comment       0x0000000000000000       0x2b binaries/xsh_sleep.o
 .comment       0x0000000000000000       0x2b binaries/xsh_udpdump.o
 .comment       0x0000000000000000       0x2b binaries/xsh_udpecho.o
 .comment       0x0000000000000000       0x2b binaries/xsh_udpeserver.o
 .comment       0x0000000000000000       0x2b binaries/xsh_uptime.o

.note.GNU-stack
                0x0000000000000000        0x0
 .note.GNU-stack
                0x0000000000000000        0x0 binaries/ascdate.o
 .note.GNU-stack
                0x0000000000000000        0x0 binaries/bufinit.o
 .note.GNU-stack
                0x0000000000000000        0x0 binaries/chprio.o
 .note.GNU-stack
                0x0000000000000000        0x0 binaries/clkhandler.o
 .note.GNU-stack
                0x0000000000000000        0x0 binaries/clkinit.o
 .note.GNU-stack
                0x0000000000000000        0x0 binaries/close.o
 .note.GNU-stack
                0x0000000000000000        0x0 binaries/conf.o
 .note.GNU-stack
                0x0000000000000000        0x0 binaries/control.o
 .note.GNU-stack
                0x0000000000000000        0x0 binaries/create.o
 .note.GNU-stack
                0x0000000000000000        0x0 binaries/early_imr.o
 .note.GNU-stack
                0x0000000000000000        0x0 binaries/evec.o
 .note.GNU-stack
                0x0000000000000000        0x0 binaries/freebuf.o
 .note.GNU-stack
                0x0000000000000000        0x0 binaries/freemem.o
 .note.GNU-stack
                0x0000000000000000        0x0 binaries/freememgc.o
 .note.GNU-stack
                0x0000000000000000        0x0 binaries/getbuf.o
 .note.GNU-stack
                0x0000000000000000        0x0 binaries/getc.o
 .note.GNU-stack
                0x0000000000000000        0x0 binaries/getdev.o
 .note.GNU-stack
                0x0000000000000000        0x0 binaries/getitem.o
 .note.GNU-stack
                0x0000000000000000        0x0 binaries/getmem.o
 .note.GNU-stack
                0x0000000000000000        0x0 binaries/getmemgc.o
 .note.GNU-stack
                0x0000000000000000        0x0 binaries/getpid.o
 .note.GNU-stack
                0x0000000000000000        0x0 binaries/getprio.o
 .note.GNU-stack
                0x0000000000000000        0x0 binaries/getstk.o
 .note.GNU-stack
                0x0000000000000000        0x0 binaries/gettime.o
 .note.GNU-stack
                0x0000000000000000        0x0 binaries/getutime.o
 .note.GNU-stack
                0x0000000000000000        0x0 binaries/init.o
 .note.GNU-stack
                0x0000000000000000        0x0 binaries/initialize.o
 .note.GNU-stack
                0x0000000000000000        0x0 binaries/insert.o
 .note.GNU-stack
                0x0000000000000000        0x0 binaries/insertd.o
 .note.GNU-stack
                0x0000000000000000        0x0 binaries/ioerr.o
 .note.GNU-stack
                0x0000000000000000        0x0 binaries/ionull.o
 .note.GNU-stack
                0x0000000000000000        0x0 binaries/kill.o
 .note.GNU-stack
                0x0000000000000000        0x0 binaries/kprintf.o
 .note.GNU-stack
                0x0000000000000000        0x0 binaries/main.o
 .note.GNU-stack
                0x0000000000000000        0x0 binaries/mark.o
 .note.GNU-stack
                0x0000000000000000        0x0 binaries/meminit.o
 .note.GNU-stack
                0x0000000000000000        0x0 binaries/mkbufpool.o
 .note.GNU-stack
                0x0000000000000000        0x0 binaries/newqueue.o
 .note.GNU-stack
                0x0000000000000000        0x0 binaries/open.o
 .note.GNU-stack
                0x0000000000000000        0x0 binaries/panic.o
 .note.GNU-stack
                0x0000000000000000        0x0 binaries/pci.o
 .note.GNU-stack
                0x0000000000000000        0x0 binaries/platinit.o
 .note.GNU-stack
                0x0000000000000000        0x0 binaries/ptclear.o
 .note.GNU-stack
                0x0000000000000000        0x0 binaries/ptcount.o
 .note.GNU-stack
                0x0000000000000000        0x0 binaries/ptcreate.o
 .note.GNU-stack
                0x0000000000000000        0x0 binaries/ptdelete.o
 .note.GNU-stack
                0x0000000000000000        0x0 binaries/ptinit.o
 .note.GNU-stack
                0x0000000000000000        0x0 binaries/ptrecv.o
 .note.GNU-stack
                0x0000000000000000        0x0 binaries/ptreset.o
 .note.GNU-stack
                0x0000000000000000        0x0 binaries/ptsend.o
 .note.GNU-stack
                0x0000000000000000        0x0 binaries/putc.o
 .note.GNU-stack
                0x0000000000000000        0x0 binaries/quark_irq.o
 .note.GNU-stack
                0x0000000000000000        0x0 binaries/quark_pdat.o
 .note.GNU-stack
                0x0000000000000000        0x0 binaries/queue.o
 .note.GNU-stack
                0x0000000000000000        0x0 binaries/read.o
 .note.GNU-stack
                0x0000000000000000        0x0 binaries/ready.o
 .note.GNU-stack
                0x0000000000000000        0x0 binaries/receive.o
 .note.GNU-stack
                0x0000000000000000        0x0 binaries/recvclr.o
 .note.GNU-stack
                0x0000000000000000        0x0 binaries/recvtime.o
 .note.GNU-stack
                0x0000000000000000        0x0 binaries/registercbsig.o
 .note.GNU-stack
                0x0000000000000000        0x0 binaries/resched.o
 .note.GNU-stack
                0x0000000000000000        0x0 binaries/resume.o
 .note.GNU-stack
                0x0000000000000000        0x0 binaries/seek.o
 .note.GNU-stack
                0x0000000000000000        0x0 binaries/semcount.o
 .note.GNU-stack
                0x0000000000000000        0x0 binaries/semcreate.o
 .note.GNU-stack
                0x0000000000000000        0x0 binaries/semdelete.o
 .note.GNU-stack
                0x0000000000000000        0x0 binaries/semreset.o
 .note.GNU-stack
                0x0000000000000000        0x0 binaries/send.o
 .note.GNU-stack
                0x0000000000000000        0x0 binaries/signal.o
 .note.GNU-stack
                0x0000000000000000        0x0 binaries/signaln.o
 .note.GNU-stack
                0x0000000000000000        0x0 binaries/sleep.o
 .note.GNU-stack
                0x0000000000000000        0x0 binaries/stacktrace.o
 .note.GNU-stack
                0x0000000000000000        0x0 binaries/suspend.o
 .note.GNU-stack
                0x0000000000000000        0x0 binaries/unsleep.o
 .note.GNU-stack
                0x0000000000000000        0x0 binaries/userret.o
 .note.GNU-stack
                0x0000000000000000        0x0 binaries/wait.o
 .note.GNU-stack
                0x0000000000000000        0x0 binaries/wakeup.o
 .note.GNU-stack
                0x0000000000000000        0x0 binaries/write.o
 .note.GNU-stack
                0x0000000000000000        0x0 binaries/xdone.o
 .note.GNU-stack
                0x0000000000000000        0x0 binaries/yield.o
 .note.GNU-stack
                0x0000000000000000        0x0 binaries/abs.o
 .note.GNU-stack
                0x0000000000000000        0x0 binaries/atoi.o
 .note.GNU-stack
                0x0000000000000000        0x0 binaries/atol.o
 .note.GNU-stack
                0x0000000000000000        0x0 binaries/bzero.o
 .note.GNU-stack
                0x0000000000000000        0x0 binaries/ctype_.o
 .note.GNU-stack
                0x0000000000000000        0x0 binaries/doprnt.o
 .note.GNU-stack
                0x0000000000000000        0x0 binaries/doscan.o
 .note.GNU-stack
                0x0000000000000000        0x0 binaries/fdoprnt.o
 .note.GNU-stack
                0x0000000000000000        0x0 binaries/fgetc.o
 .note.GNU-stack
                0x0000000000000000        0x0 binaries/fgets.o
 .note.GNU-stack
                0x0000000000000000        0x0 binaries/fprintf.o
 .note.GNU-stack
                0x0000000000000000        0x0 binaries/fputc.o
 .note.GNU-stack
                0x0000000000000000        0x0 binaries/fputs.o
 .note.GNU-stack
                0x0000000000000000        0x0 binaries/fscanf.o
 .note.GNU-stack
                0x0000000000000000        0x0 binaries/getchar.o
 .note.GNU-stack
                0x0000000000000000        0x0 binaries/labs.o
 .note.GNU-stack
                0x0000000000000000        0x0 binaries/memchr.o
 .note.GNU-stack
                0x0000000000000000        0x0 binaries/memcmp.o
 .note.GNU-stack
                0x0000000000000000        0x0 binaries/memcpy.o
 .note.GNU-stack
                0x0000000000000000        0x0 binaries/memset.o
 .note.GNU-stack
                0x0000000000000000        0x0 binaries/printf.o
 .note.GNU-stack
                0x0000000000000000        0x0 binaries/putchar.o
 .note.GNU-stack
                0x0000000000000000        0x0 binaries/qsort.o
 .note.GNU-stack
                0x0000000000000000        0x0 binaries/rand.o
 .note.GNU-stack
                0x0000000000000000        0x0 binaries/sprintf.o
 .note.GNU-stack
                0x0000000000000000        0x0 binaries/sscanf.o
 .note.GNU-stack
                0x0000000000000000        0x0 binaries/strchr.o
 .note.GNU-stack
                0x0000000000000000        0x0 binaries/strcmp.o
 .note.GNU-stack
                0x0000000000000000        0x0 binaries/strcpy.o
 .note.GNU-stack
                0x0000000000000000        0x0 binaries/strlen.o
 .note.GNU-stack
                0x0000000000000000        0x0 binaries/strncat.o
 .note.GNU-stack
                0x0000000000000000        0x0 binaries/strncmp.o
 .note.GNU-stack
                0x0000000000000000        0x0 binaries/strncpy.o
 .note.GNU-stack
                0x0000000000000000        0x0 binaries/strnlen.o
 .note.GNU-stack
                0x0000000000000000        0x0 binaries/strrchr.o
 .note.GNU-stack
                0x0000000000000000        0x0 binaries/strstr.o
 .note.GNU-stack
                0x0000000000000000        0x0 binaries/ttycontrol.o
 .note.GNU-stack
                0x0000000000000000        0x0 binaries/ttygetc.o
 .note.GNU-stack
                0x0000000000000000        0x0 binaries/ttyhandle_in.o
 .note.GNU-stack
                0x0000000000000000        0x0 binaries/ttyhandle_out.o
 .note.GNU-stack
                0x0000000000000000        0x0 binaries/ttyhandler.o
 .note.GNU-stack
                0x0000000000000000        0x0 binaries/ttyinit.o
 .note.GNU-stack
                0x0000000000000000        0x0 binaries/ttykickout.o
 .note.GNU-stack
                0x0000000000000000        0x0 binaries/ttyputc.o
 .note.GNU-stack
                0x0000000000000000        0x0 binaries/ttyread.o
 .note.GNU-stack
                0x0000000000000000        0x0 binaries/ttywrite.o
 .note.GNU-stack
                0x0000000000000000        0x0 binaries/mount.o
 .note.GNU-stack
                0x0000000000000000        0x0 binaries/naminit.o
 .note.GNU-stack
                0x0000000000000000        0x0 binaries/nammap.o
 .note.GNU-stack
                0x0000000000000000        0x0 binaries/namopen.o
 .note.GNU-stack
                0x0000000000000000        0x0 binaries/colon2mac.o
 .note.GNU-stack
                0x0000000000000000        0x0 binaries/ethcontrol.o
 .note.GNU-stack
                0x0000000000000000        0x0 binaries/ethhandler.o
 .note.GNU-stack
                0x0000000000000000        0x0 binaries/ethinit.o
 .note.GNU-stack
                0x0000000000000000        0x0 binaries/ethmcast.o
 .note.GNU-stack
                0x0000000000000000        0x0 binaries/ethread.o
 .note.GNU-stack
                0x0000000000000000        0x0 binaries/ethwrite.o
 .note.GNU-stack
                0x0000000000000000        0x0 binaries/rdsbufalloc.o
 .note.GNU-stack
                0x0000000000000000        0x0 binaries/rdsclose.o
 .note.GNU-stack
                0x0000000000000000        0x0 binaries/rdscomm.o
 .note.GNU-stack
                0x0000000000000000        0x0 binaries/rdscontrol.o
 .note.GNU-stack
                0x0000000000000000        0x0 binaries/rdsinit.o
 .note.GNU-stack
                0x0000000000000000        0x0 binaries/rdsopen.o
 .note.GNU-stack
                0x0000000000000000        0x0 binaries/rdsprocess.o
 .note.GNU-stack
                0x0000000000000000        0x0 binaries/rdsread.o
 .note.GNU-stack
                0x0000000000000000        0x0 binaries/rdswrite.o
 .note.GNU-stack
                0x0000000000000000        0x0 binaries/ramclose.o
 .note.GNU-stack
                0x0000000000000000        0x0 binaries/raminit.o
 .note.GNU-stack
                0x0000000000000000        0x0 binaries/ramopen.o
 .note.GNU-stack
                0x0000000000000000        0x0 binaries/ramread.o
 .note.GNU-stack
                0x0000000000000000        0x0 binaries/ramwrite.o
 .note.GNU-stack
                0x0000000000000000        0x0 binaries/lfdballoc.o
 .note.GNU-stack
                0x0000000000000000        0x0 binaries/lfdbfree.o
 .note.GNU-stack
                0x0000000000000000        0x0 binaries/lfflush.o
 .note.GNU-stack
                0x0000000000000000        0x0 binaries/lfgetmode.o
 .note.GNU-stack
                0x0000000000000000        0x0 binaries/lfiballoc.o
 .note.GNU-stack
                0x0000000000000000        0x0 binaries/lfibclear.o
 .note.GNU-stack
                0x0000000000000000        0x0 binaries/lfibget.o
 .note.GNU-stack
                0x0000000000000000        0x0 binaries/lfibput.o
 .note.GNU-stack
                0x0000000000000000        0x0 binaries/lflclose.o
 .note.GNU-stack
                0x0000000000000000        0x0 binaries/lflcontrol.o
 .note.GNU-stack
                0x0000000000000000        0x0 binaries/lflgetc.o
 .note.GNU-stack
                0x0000000000000000        0x0 binaries/lflinit.o
 .note.GNU-stack
                0x0000000000000000        0x0 binaries/lflputc.o
 .note.GNU-stack
                0x0000000000000000        0x0 binaries/lflread.o
 .note.GNU-stack
                0x0000000000000000        0x0 binaries/lflseek.o
 .note.GNU-stack
                0x0000000000000000        0x0 binaries/lflwrite.o
 .note.GNU-stack
                0x0000000000000000        0x0 binaries/lfsckfmt.o
 .note.GNU-stack
                0x0000000000000000        0x0 binaries/lfscreate.o
 .note.GNU-stack
                0x0000000000000000        0x0 binaries/lfsetup.o
 .note.GNU-stack
                0x0000000000000000        0x0 binaries/lfsinit.o
 .note.GNU-stack
                0x0000000000000000        0x0 binaries/lfsopen.o
 .note.GNU-stack
                0x0000000000000000        0x0 binaries/lftruncate.o
 .note.GNU-stack
                0x0000000000000000        0x0 binaries/rflclose.o
 .note.GNU-stack
                0x0000000000000000        0x0 binaries/rflgetc.o
 .note.GNU-stack
                0x0000000000000000        0x0 binaries/rflinit.o
 .note.GNU-stack
                0x0000000000000000        0x0 binaries/rflputc.o
 .note.GNU-stack
                0x0000000000000000        0x0 binaries/rflread.o
 .note.GNU-stack
                0x0000000000000000        0x0 binaries/rflseek.o
 .note.GNU-stack
                0x0000000000000000        0x0 binaries/rflwrite.o
 .note.GNU-stack
                0x0000000000000000        0x0 binaries/rfscomm.o
 .note.GNU-stack
                0x0000000000000000        0x0 binaries/rfscontrol.o
 .note.GNU-stack
                0x0000000000000000        0x0 binaries/rfsgetmode.o
 .note.GNU-stack
                0x0000000000000000        0x0 binaries/rfsinit.o
 .note.GNU-stack
                0x0000000000000000        0x0 binaries/rfsndmsg.o
 .note.GNU-stack
                0x0000000000000000        0x0 binaries/rfsopen.o
 .note.GNU-stack
                0x0000000000000000        0x0 binaries/arp.o
 .note.GNU-stack
                0x0000000000000000        0x0 binaries/dhcp.o
 .note.GNU-stack
                0x0000000000000000        0x0 binaries/dot2ip.o
 .note.GNU-stack
                0x0000000000000000        0x0 binaries/hexdump.o
 .note.GNU-stack
                0x0000000000000000        0x0 binaries/icmp.o
 .note.GNU-stack
                0x0000000000000000        0x0 binaries/ip.o
 .note.GNU-stack
                0x0000000000000000        0x0 binaries/net.o
 .note.GNU-stack
                0x0000000000000000        0x0 binaries/netstart.o
 .note.GNU-stack
                0x0000000000000000        0x0 binaries/pdump.o
 .note.GNU-stack
                0x0000000000000000        0x0 binaries/tftp.o
 .note.GNU-stack
                0x0000000000000000        0x0 binaries/udp.o
 .note.GNU-stack
                0x0000000000000000        0x0 binaries/addargs.o
 .note.GNU-stack
                0x0000000000000000        0x0 binaries/lexan.o
 .note.GNU-stack
                0x0000000000000000        0x0 binaries/shell.o
 .note.GNU-stack
                0x0000000000000000        0x0 binaries/xsh_argecho.o
 .note.GNU-stack
                0x0000000000000000        0x0 binaries/xsh_arp.o
 .note.GNU-stack
                0x0000000000000000        0x0 binaries/xsh_cat.o
 .note.GNU-stack
                0x0000000000000000        0x0 binaries/xsh_clear.o
 .note.GNU-stack
                0x0000000000000000        0x0 binaries/xsh_date.o
 .note.GNU-stack
                0x0000000000000000        0x0 binaries/xsh_devdump.o
 .note.GNU-stack
                0x0000000000000000        0x0 binaries/xsh_echo.o
 .note.GNU-stack
                0x0000000000000000        0x0 binaries/xsh_exit.o
 .note.GNU-stack
                0x0000000000000000        0x0 binaries/xsh_help.o
 .note.GNU-stack
                0x0000000000000000        0x0 binaries/xsh_ipaddr.o
 .note.GNU-stack
                0x0000000000000000        0x0 binaries/xsh_kill.o
 .note.GNU-stack
                0x0000000000000000        0x0 binaries/xsh_memdump.o
 .note.GNU-stack
                0x0000000000000000        0x0 binaries/xsh_memstat.o
 .note.GNU-stack
                0x0000000000000000        0x0 binaries/xsh_ping.o
 .note.GNU-stack
                0x0000000000000000        0x0 binaries/xsh_ps.o
 .note.GNU-stack
                0x0000000000000000        0x0 binaries/xsh_sleep.o
 .note.GNU-stack
                0x0000000000000000        0x0 binaries/xsh_udpdump.o
 .note.GNU-stack
                0x0000000000000000        0x0 binaries/xsh_udpecho.o
 .note.GNU-stack
                0x0000000000000000        0x0 binaries/xsh_udpeserver.o
 .note.GNU-stack
                0x0000000000000000        0x0 binaries/xsh_uptime.o
