
Allocating common symbols
Common symbol       size              file

netbufpool          0x4               binaries/net.o
readylist           0x2               binaries/ready.o
rfltab              0x5a0             binaries/rflinit.o
pidchecker          0x4               binaries/main.o
sleepq              0x2               binaries/clkinit.o
final               0x4               binaries/main.o
nnames              0x4               binaries/naminit.o
udptab              0x168             binaries/udp.o
minheap             0x4               binaries/meminit.o
marks               0x50              binaries/mark.o
currpid             0x4               binaries/initialize.o
Lf_data             0x20c             binaries/lfsinit.o
porttab             0x2d0             binaries/ptinit.o
girmask             0x2               binaries/evec.o
ttytab              0x10c             binaries/ttyinit.o
proctab             0x23f0            binaries/initialize.o
prcount             0x4               binaries/initialize.o
lfltab              0xf00             binaries/lflinit.o
rdstab              0x8c              binaries/rdsinit.o
ethertab            0x138             binaries/ethinit.o
NetData             0xa8              binaries/net.o
nmarks              0x4               binaries/mark.o
Defer               0x8               binaries/resched.o
semtab              0x4b0             binaries/initialize.o
maxheap             0x4               binaries/meminit.o
preempt             0x4               binaries/clkinit.o
buftab              0xf0              binaries/bufinit.o
Rf_data             0x18              binaries/rfsinit.o
mkmutex             0x4               binaries/mark.o
clktime             0x4               binaries/clkinit.o
arpcache            0x140             binaries/arp.o
icmptab             0x230             binaries/icmp.o
nbpools             0x4               binaries/bufinit.o
queuetab            0x980             binaries/queue.o
ptnextid            0x4               binaries/ptinit.o
Ram                 0x19000           binaries/raminit.o
initial             0x4               binaries/main.o
ipoqueue            0x2c              binaries/ip.o
memblkentry         0x8               binaries/ascdate.o
memlist             0x8               binaries/initialize.o
nametab             0x19a0            binaries/naminit.o
ptfree              0x4               binaries/ptinit.o

Memory Configuration

Name             Origin             Length             Attributes
*default*        0x0000000000000000 0xffffffffffffffff

Linker script and memory map

                0x0000000000100000                physbase = 0x100000
                0x0000000000100000                . = physbase
                0x0000000000100000                . = ALIGN (0x1000)

.text           0x0000000000100000    0x15000
                0x0000000000100000                text = ABSOLUTE (.)
 *(.text .text.*)
 .text          0x0000000000100000      0x1ac binaries/start.o
                0x0000000000100028                start
                0x00000000001000fa                inb
                0x0000000000100102                inw
                0x000000000010010b                inl
                0x0000000000100113                outb
                0x000000000010011d                outw
                0x0000000000100128                outl
                0x0000000000100132                _rtcin
                0x000000000010013d                ___udivsi3
                0x0000000000100148                ___divsi3
                0x0000000000100154                sbzero
                0x0000000000100164                bcopy
                0x0000000000100178                insw
                0x000000000010018e                outsw
                0x00000000001001a4                lidt
 .text          0x00000000001001ac      0x2f6 binaries/ascdate.o
                0x00000000001001ac                ascdate
 .text          0x00000000001004a2       0x10 binaries/bufinit.o
                0x00000000001004a2                bufinit
 .text          0x00000000001004b2       0x60 binaries/chprio.o
                0x00000000001004b2                chprio
 .text          0x0000000000100512       0xc3 binaries/clkhandler.o
                0x0000000000100512                clkhandler
 .text          0x00000000001005d5       0x76 binaries/clkinit.o
                0x00000000001005d5                clkinit
 .text          0x000000000010064b       0x4e binaries/close.o
                0x000000000010064b                close
 .text          0x0000000000100699        0x0 binaries/conf.o
 .text          0x0000000000100699       0x66 binaries/control.o
                0x0000000000100699                control
 .text          0x00000000001006ff      0x201 binaries/create.o
                0x00000000001006ff                create
 .text          0x0000000000100900      0x2b9 binaries/early_imr.o
                0x0000000000100900                intel_cln_early_sb_read_reg
                0x0000000000100967                intel_cln_early_sb_write_reg
                0x0000000000100a77                remove_irm_protections
 .text          0x0000000000100bb9      0x36c binaries/evec.o
                0x0000000000100bb9                setirmask
                0x0000000000100bf7                set_evec
                0x0000000000100c54                initevec
                0x0000000000100d64                trap
 .text          0x0000000000100f25       0x67 binaries/freebuf.o
                0x0000000000100f25                freebuf
 .text          0x0000000000100f8c      0x16e binaries/freemem.o
                0x0000000000100f8c                freemem
 .text          0x00000000001010fa      0x189 binaries/freememgc.o
                0x00000000001010fa                freememgc
 .text          0x0000000000101283       0x64 binaries/getbuf.o
                0x0000000000101283                getbuf
 .text          0x00000000001012e7       0x4e binaries/getc.o
                0x00000000001012e7                getc
 .text          0x0000000000101335       0x60 binaries/getdev.o
                0x0000000000101335                getdev
 .text          0x0000000000101395       0x83 binaries/getitem.o
                0x0000000000101395                getitem
                0x00000000001013c1                getfirst
                0x00000000001013ea                getlast
 .text          0x0000000000101418      0x107 binaries/getmem.o
                0x0000000000101418                updateList
                0x0000000000101450                getmem
 .text          0x000000000010151f       0xf6 binaries/getmemgc.o
                0x000000000010151f                getmemgc
 .text          0x0000000000101615        0x6 binaries/getpid.o
                0x0000000000101615                getpid
 .text          0x000000000010161b       0x54 binaries/getprio.o
                0x000000000010161b                getprio
 .text          0x000000000010166f       0x9a binaries/getstk.o
                0x000000000010166f                getstk
 .text          0x0000000000101709       0x34 binaries/gettime.o
                0x0000000000101709                gettime
 .text          0x000000000010173d      0x1b2 binaries/getutime.o
                0x000000000010173d                getutime
 .text          0x00000000001018ef       0x4e binaries/init.o
                0x00000000001018ef                init
 .text          0x000000000010193d      0x25c binaries/initialize.o
                0x000000000010193d                nulluser
                0x0000000000101b51                stop
                0x0000000000101b76                delay
 .text          0x0000000000101b99       0x9b binaries/insert.o
                0x0000000000101b99                insert
 .text          0x0000000000101c34       0xe4 binaries/insertd.o
                0x0000000000101c34                insertd
 .text          0x0000000000101d18        0x6 binaries/ioerr.o
                0x0000000000101d18                ioerr
 .text          0x0000000000101d1e        0x6 binaries/ionull.o
                0x0000000000101d1e                ionull
 .text          0x0000000000101d24      0x1c1 binaries/kill.o
                0x0000000000101d24                kill
 .text          0x0000000000101ee5       0xb8 binaries/kprintf.o
                0x0000000000101ee5                kputc
                0x0000000000101f14                console_init
                0x0000000000101f53                kgetc
                0x0000000000101f75                kprintf
 .text          0x0000000000101f9d      0xbb3 binaries/main.o
                0x0000000000101f9d                myrecvhandler
                0x0000000000101fe6                myalrmhandler1
                0x0000000000102038                myalrmhandler2
                0x0000000000102080                sigxcpuhandler1
                0x00000000001020d6                asyncrec
                0x000000000010210c                asyncsend
                0x000000000010214d                memalloc
                0x00000000001021f9                cpuintensive
                0x0000000000102274                asmtest1
                0x0000000000102357                asmtest2
                0x000000000010269e                asmtest3
                0x0000000000102860                alrmtest1
                0x00000000001028b2                alrmtest2
                0x0000000000102902                sigxcputest1
                0x0000000000102938                memdealloc
                0x000000000010299d                gctest
                0x00000000001029f0                main
 .text          0x0000000000102b50       0x93 binaries/mark.o
                0x0000000000102b50                markinit
                0x0000000000102b72                mark
 .text          0x0000000000102be3      0x1d1 binaries/meminit.o
                0x0000000000102be3                meminit
                0x0000000000102d3d                setsegs
 .text          0x0000000000102db4      0x117 binaries/mkbufpool.o
                0x0000000000102db4                mkbufpool
 .text          0x0000000000102ecb       0x5e binaries/newqueue.o
                0x0000000000102ecb                newqueue
 .text          0x0000000000102f29       0x5e binaries/open.o
                0x0000000000102f29                open
 .text          0x0000000000102f87       0x1e binaries/panic.o
                0x0000000000102f87                panic
 .text          0x0000000000102fa5      0x26e binaries/pci.o
                0x0000000000102fa5                pci_init
                0x0000000000102fab                find_pci_device
                0x0000000000103061                pci_read_config_byte
                0x000000000010309c                pci_read_config_word
                0x00000000001030d9                pci_read_config_dword
                0x0000000000103114                pci_write_config_byte
                0x000000000010314d                pci_write_config_word
                0x0000000000103187                pci_write_config_dword
                0x00000000001031c0                pci_get_dev_mmio_base_addr
 .text          0x0000000000103213       0x59 binaries/platinit.o
                0x0000000000103213                platinit
 .text          0x000000000010326c       0xa3 binaries/ptclear.o
                0x000000000010326c                _ptclear
 .text          0x000000000010330f       0x6e binaries/ptcount.o
                0x000000000010330f                ptcount
 .text          0x000000000010337d       0xc0 binaries/ptcreate.o
                0x000000000010337d                ptcreate
 .text          0x000000000010343d       0x66 binaries/ptdelete.o
                0x000000000010343d                ptdelete
 .text          0x00000000001034a3       0x89 binaries/ptinit.o
                0x00000000001034a3                ptinit
 .text          0x000000000010352c       0xb5 binaries/ptrecv.o
                0x000000000010352c                ptrecv
 .text          0x00000000001035e1       0x60 binaries/ptreset.o
                0x00000000001035e1                ptreset
 .text          0x0000000000103641       0xd0 binaries/ptsend.o
                0x0000000000103641                ptsend
 .text          0x0000000000103711       0x5d binaries/putc.o
                0x0000000000103711                putc
 .text          0x000000000010376e       0xd5 binaries/quark_irq.o
                0x000000000010376e                quark_irq_routing
 .text          0x0000000000103843      0x1c9 binaries/quark_pdat.o
                0x0000000000103843                get_quark_pdat_entry_data_by_id
                0x0000000000103924                get_quark_pdat_entry_data_by_desc
 .text          0x0000000000103a0c       0xaa binaries/queue.o
                0x0000000000103a0c                enqueue
                0x0000000000103a6f                dequeue
 .text          0x0000000000103ab6       0x5e binaries/read.o
                0x0000000000103ab6                read
 .text          0x0000000000103b14       0x6d binaries/ready.o
                0x0000000000103b14                ready
 .text          0x0000000000103b81       0x52 binaries/receive.o
                0x0000000000103b81                receive
 .text          0x0000000000103bd3       0x3f binaries/recvclr.o
                0x0000000000103bd3                recvclr
 .text          0x0000000000103c12       0x96 binaries/recvtime.o
                0x0000000000103c12                recvtime
 .text          0x0000000000103ca8       0xc7 binaries/registercbsig.o
                0x0000000000103ca8                registercbsig
 .text          0x0000000000103d6f      0x1c2 binaries/resched.o
                0x0000000000103d6f                resched
                0x0000000000103ebe                resched_cntl
 .text          0x0000000000103f31       0x7f binaries/resume.o
                0x0000000000103f31                resume
 .text          0x0000000000103fb0       0x56 binaries/seek.o
                0x0000000000103fb0                seek
 .text          0x0000000000104006       0x47 binaries/semcount.o
                0x0000000000104006                semcount
 .text          0x000000000010404d       0x8d binaries/semcreate.o
                0x000000000010404d                semcreate
 .text          0x00000000001040da       0xa8 binaries/semdelete.o
                0x00000000001040da                semdelete
 .text          0x0000000000104182       0x95 binaries/semreset.o
                0x0000000000104182                semreset
 .text          0x0000000000104217       0xac binaries/send.o
                0x0000000000104217                send
 .text          0x00000000001042c3       0x7c binaries/signal.o
                0x00000000001042c3                signal
 .text          0x000000000010433f       0xa8 binaries/signaln.o
                0x000000000010433f                signaln
 .text          0x00000000001043e7       0xba binaries/sleep.o
                0x00000000001043e7                sleepms
                0x000000000010446f                sleep
 .text          0x00000000001044a1      0x174 binaries/stacktrace.o
                0x00000000001044a1                stacktrace
 .text          0x0000000000104615       0xaa binaries/suspend.o
                0x0000000000104615                suspend
 .text          0x00000000001046bf       0x9e binaries/unsleep.o
                0x00000000001046bf                unsleep
 .text          0x000000000010475d       0x14 binaries/userret.o
                0x000000000010475d                userret
 .text          0x0000000000104771       0x9a binaries/wait.o
                0x0000000000104771                wait
 .text          0x000000000010480b       0x71 binaries/wakeup.o
                0x000000000010480b                wakeup
 .text          0x000000000010487c       0x5e binaries/write.o
                0x000000000010487c                write
 .text          0x00000000001048da       0x18 binaries/xdone.o
                0x00000000001048da                xdone
 .text          0x00000000001048f2       0x22 binaries/yield.o
                0x00000000001048f2                yield
 .text          0x0000000000104914        0xe binaries/abs.o
                0x0000000000104914                abs
 .text          0x0000000000104922       0x70 binaries/atoi.o
                0x0000000000104922                atoi
 .text          0x0000000000104992       0x70 binaries/atol.o
                0x0000000000104992                atol
 .text          0x0000000000104a02       0x18 binaries/bzero.o
                0x0000000000104a02                bzero
 .text          0x0000000000104a1a        0x0 binaries/ctype_.o
 .text          0x0000000000104a1a      0x716 binaries/doprnt.o
                0x0000000000104b68                _doprnt
 .text          0x0000000000105130      0x631 binaries/doscan.o
                0x0000000000105130                _doscan
 .text          0x0000000000105761      0x70a binaries/fdoprnt.o
                0x00000000001057e1                _fdoprnt
 .text          0x0000000000105e6b       0x1c binaries/fgetc.o
                0x0000000000105e6b                fgetc
 .text          0x0000000000105e87       0x5e binaries/fgets.o
                0x0000000000105e87                fgets
 .text          0x0000000000105ee5       0x30 binaries/fprintf.o
                0x0000000000105ee5                fprintf
 .text          0x0000000000105f15       0x29 binaries/fputc.o
                0x0000000000105f15                fputc
 .text          0x0000000000105f3e       0x3a binaries/fputs.o
                0x0000000000105f3e                fputs
 .text          0x0000000000105f78       0x7a binaries/fscanf.o
                0x0000000000105faf                fscanf
 .text          0x0000000000105ff2       0x24 binaries/getchar.o
                0x0000000000105ff2                getchar
 .text          0x0000000000106016        0xe binaries/labs.o
                0x0000000000106016                labs
 .text          0x0000000000106024       0x32 binaries/memchr.o
                0x0000000000106024                memchr
 .text          0x0000000000106056       0x4a binaries/memcmp.o
                0x0000000000106056                memcmp
 .text          0x00000000001060a0       0x25 binaries/memcpy.o
                0x00000000001060a0                memcpy
 .text          0x00000000001060c5       0x1e binaries/memset.o
                0x00000000001060c5                memset
 .text          0x00000000001060e3       0x41 binaries/printf.o
                0x00000000001060e3                printf
 .text          0x0000000000106124       0x2c binaries/putchar.o
                0x0000000000106124                putchar
 .text          0x0000000000106150      0x1cb binaries/qsort.o
                0x00000000001062f0                qsort
 .text          0x000000000010631b       0x44 binaries/rand.o
                0x000000000010631b                srand
                0x0000000000106325                rand
 .text          0x000000000010635f       0x55 binaries/sprintf.o
                0x0000000000106376                sprintf
 .text          0x00000000001063b4       0x6c binaries/sscanf.o
                0x00000000001063dd                sscanf
 .text          0x0000000000106420       0x33 binaries/strchr.o
                0x0000000000106420                strchr
 .text          0x0000000000106453       0x43 binaries/strcmp.o
                0x0000000000106453                strcmp
 .text          0x0000000000106496       0x1a binaries/strcpy.o
                0x0000000000106496                strcpy
 .text          0x00000000001064b0       0x1c binaries/strlen.o
                0x00000000001064b0                strlen
 .text          0x00000000001064cc       0x3b binaries/strncat.o
                0x00000000001064cc                strncat
 .text          0x0000000000106507       0x3a binaries/strncmp.o
                0x0000000000106507                strncmp
 .text          0x0000000000106541       0x58 binaries/strncpy.o
                0x0000000000106541                strncpy
 .text          0x0000000000106599       0x2e binaries/strnlen.o
                0x0000000000106599                strnlen
 .text          0x00000000001065c7       0x30 binaries/strrchr.o
                0x00000000001065c7                strrchr
 .text          0x00000000001065f7       0x6e binaries/strstr.o
                0x00000000001065f7                strstr
 .text          0x0000000000106665       0xbb binaries/ttycontrol.o
                0x0000000000106665                ttycontrol
 .text          0x0000000000106720       0x7b binaries/ttygetc.o
                0x0000000000106720                ttygetc
 .text          0x000000000010679b      0x469 binaries/ttyhandle_in.o
                0x0000000000106850                ttyhandle_in
 .text          0x0000000000106c04      0x164 binaries/ttyhandle_out.o
                0x0000000000106c04                ttyhandle_out
 .text          0x0000000000106d68       0x83 binaries/ttyhandler.o
                0x0000000000106d68                ttyhandler
 .text          0x0000000000106deb      0x14e binaries/ttyinit.o
                0x0000000000106deb                ttyinit
 .text          0x0000000000106f39        0xc binaries/ttykickout.o
                0x0000000000106f39                ttykickout
 .text          0x0000000000106f45       0x93 binaries/ttyputc.o
                0x0000000000106f45                ttyputc
 .text          0x0000000000106fd8       0xe2 binaries/ttyread.o
                0x0000000000106fd8                ttyread
 .text          0x00000000001070ba       0x4d binaries/ttywrite.o
                0x00000000001070ba                ttywrite
 .text          0x0000000000107107      0x10d binaries/mount.o
                0x0000000000107107                namlen
                0x000000000010713f                mount
 .text          0x0000000000107214      0x1d5 binaries/naminit.o
                0x0000000000107214                naminit
 .text          0x00000000001073e9      0x203 binaries/nammap.o
                0x00000000001073e9                namrepl
                0x00000000001074fc                namcpy
                0x0000000000107549                nammap
 .text          0x00000000001075ec       0x58 binaries/namopen.o
                0x00000000001075ec                namopen
 .text          0x0000000000107644       0xd0 binaries/colon2mac.o
                0x0000000000107644                colon2mac
 .text          0x0000000000107714       0x7b binaries/ethcontrol.o
                0x0000000000107714                ethcontrol
 .text          0x000000000010778f       0xfa binaries/ethhandler.o
                0x000000000010778f                ethhandler
 .text          0x0000000000107889      0x4cf binaries/ethinit.o
                0x0000000000107889                eth_phy_read
                0x00000000001078c8                eth_phy_write
                0x000000000010790a                eth_phy_reset
                0x0000000000107a06                ethinit
 .text          0x0000000000107d58      0x11a binaries/ethmcast.o
                0x0000000000107d58                ethmcast_add
                0x0000000000107dab                ethmcast_remove
 .text          0x0000000000107e72      0x156 binaries/ethread.o
                0x0000000000107e72                ethread
 .text          0x0000000000107fc8       0xa3 binaries/ethwrite.o
                0x0000000000107fc8                ethwrite
 .text          0x000000000010806b       0x62 binaries/rdsbufalloc.o
                0x000000000010806b                rdsbufalloc
 .text          0x00000000001080cd       0x7f binaries/rdsclose.o
                0x00000000001080cd                rdsclose
 .text          0x000000000010814c      0x200 binaries/rdscomm.o
                0x000000000010814c                rdscomm
 .text          0x000000000010834c      0x194 binaries/rdscontrol.o
                0x000000000010834c                rdscontrol
 .text          0x00000000001084e0      0x17e binaries/rdsinit.o
                0x00000000001084e0                rdsinit
 .text          0x000000000010865e      0x15f binaries/rdsopen.o
                0x000000000010865e                rdsopen
 .text          0x00000000001087bd      0x2d8 binaries/rdsprocess.o
                0x00000000001087bd                rdsprocess
 .text          0x0000000000108a95      0x18a binaries/rdsread.o
                0x0000000000108a95                rdsread
 .text          0x0000000000108c1f      0x141 binaries/rdswrite.o
                0x0000000000108c1f                rdswrite
 .text          0x0000000000108d60        0x6 binaries/ramclose.o
                0x0000000000108d60                ramclose
 .text          0x0000000000108d66       0x44 binaries/raminit.o
                0x0000000000108d66                raminit
 .text          0x0000000000108daa        0x7 binaries/ramopen.o
                0x0000000000108daa                ramopen
 .text          0x0000000000108db1       0x30 binaries/ramread.o
                0x0000000000108db1                ramread
 .text          0x0000000000108de1       0x30 binaries/ramwrite.o
                0x0000000000108de1                ramwrite
 .text          0x0000000000108e11       0x91 binaries/lfdballoc.o
                0x0000000000108e11                lfdballoc
 .text          0x0000000000108ea2       0x5d binaries/lfdbfree.o
                0x0000000000108ea2                lfdbfree
 .text          0x0000000000108eff       0xaa binaries/lfflush.o
                0x0000000000108eff                lfflush
 .text          0x0000000000108fa9       0x7a binaries/lfgetmode.o
                0x0000000000108fa9                lfgetmode
 .text          0x0000000000109023       0x68 binaries/lfiballoc.o
                0x0000000000109023                lfiballoc
 .text          0x000000000010908b       0x25 binaries/lfibclear.o
                0x000000000010908b                lfibclear
 .text          0x00000000001090b0       0x7a binaries/lfibget.o
                0x00000000001090b0                lfibget
 .text          0x000000000010912a       0xa0 binaries/lfibput.o
                0x000000000010912a                lfibput
 .text          0x00000000001091ca       0x76 binaries/lflclose.o
                0x00000000001091ca                lflclose
 .text          0x0000000000109240       0xa2 binaries/lflcontrol.o
                0x0000000000109240                lflcontrol
 .text          0x00000000001092e2       0x9e binaries/lflgetc.o
                0x00000000001092e2                lflgetc
 .text          0x0000000000109380       0xb8 binaries/lflinit.o
                0x0000000000109380                lflinit
 .text          0x0000000000109438       0xba binaries/lflputc.o
                0x0000000000109438                lflputc
 .text          0x00000000001094f2       0x6a binaries/lflread.o
                0x00000000001094f2                lflread
 .text          0x000000000010955c       0x82 binaries/lflseek.o
                0x000000000010955c                lflseek
 .text          0x00000000001095de       0x56 binaries/lflwrite.o
                0x00000000001095de                lflwrite
 .text          0x0000000000109634      0x129 binaries/lfsckfmt.o
                0x0000000000109634                lfsckfmt
 .text          0x000000000010975d      0x1d9 binaries/lfscreate.o
                0x000000000010975d                lfscreate
 .text          0x0000000000109936      0x1aa binaries/lfsetup.o
                0x0000000000109936                lfsetup
 .text          0x0000000000109ae0       0x51 binaries/lfsinit.o
                0x0000000000109ae0                lfsinit
 .text          0x0000000000109b31      0x2ad binaries/lfsopen.o
                0x0000000000109b31                lfsopen
 .text          0x0000000000109dde      0x11c binaries/lftruncate.o
                0x0000000000109dde                lftruncate
 .text          0x0000000000109efa       0x5a binaries/rflclose.o
                0x0000000000109efa                rflclose
 .text          0x0000000000109f54       0x34 binaries/rflgetc.o
                0x0000000000109f54                rflgetc
 .text          0x0000000000109f88       0x4b binaries/rflinit.o
                0x0000000000109f88                rflinit
 .text          0x0000000000109fd3       0x3a binaries/rflputc.o
                0x0000000000109fd3                rflputc
 .text          0x000000000010a00d      0x296 binaries/rflread.o
                0x000000000010a00d                rflread
 .text          0x000000000010a2a3       0x60 binaries/rflseek.o
                0x000000000010a2a3                rflseek
 .text          0x000000000010a303      0x2b3 binaries/rflwrite.o
                0x000000000010a303                rflwrite
 .text          0x000000000010a5b6      0x17f binaries/rfscomm.o
                0x000000000010a5b6                rfscomm
 .text          0x000000000010a735      0x24a binaries/rfscontrol.o
                0x000000000010a735                rfscontrol
 .text          0x000000000010a97f       0x7a binaries/rfsgetmode.o
                0x000000000010a97f                rfsgetmode
 .text          0x000000000010a9f9       0x76 binaries/rfsinit.o
                0x000000000010a9f9                rfsinit
 .text          0x000000000010aa6f       0xbb binaries/rfsndmsg.o
                0x000000000010aa6f                rfsndmsg
 .text          0x000000000010ab2a      0x229 binaries/rfsopen.o
                0x000000000010ab2a                rfsopen
 .text          0x000000000010ad53      0x64d binaries/arp.o
                0x000000000010ad53                arp_init
                0x000000000010ad6b                arp_alloc
                0x000000000010ae1b                arp_ntoh
                0x000000000010ae85                arp_hton
                0x000000000010aeef                arp_resolve
                0x000000000010b16e                arp_in
 .text          0x000000000010b3a0      0x614 binaries/dhcp.o
                0x000000000010b3a0                dhcp_get_opt_val
                0x000000000010b3f3                dhcp_bld_bootp_msg
                0x000000000010b4f3                dhcp_bld_disc
                0x000000000010b545                dhcp_bld_req
                0x000000000010b5e3                getlocalip
 .text          0x000000000010b9b4       0xcb binaries/dot2ip.o
                0x000000000010b9b4                dot2ip
 .text          0x000000000010ba7f      0x366 binaries/hexdump.o
                0x000000000010ba7f                hexdump
                0x000000000010bbae                hexadump
 .text          0x000000000010bde5      0x5ef binaries/icmp.o
                0x000000000010bde5                icmp_init
                0x000000000010bdfd                icmp_register
                0x000000000010beaf                icmp_recv
                0x000000000010c004                icmp_mkpkt
                0x000000000010c0de                icmp_in
                0x000000000010c216                icmp_send
                0x000000000010c292                icmp_release
                0x000000000010c34e                icmp_cksum
                0x000000000010c3ac                icmp_hton
                0x000000000010c3c0                icmp_ntoh
 .text          0x000000000010c3d4      0x567 binaries/ip.o
                0x000000000010c3d4                ip_local
                0x000000000010c408                ipcksum
                0x000000000010c459                ip_ntoh
                0x000000000010c4c3                ip_in
                0x000000000010c5b8                ip_hton
                0x000000000010c622                ip_out
                0x000000000010c6d6                ip_send
                0x000000000010c7d3                ipout
                0x000000000010c8af                ip_enqueue
 .text          0x000000000010c93b      0x1d3 binaries/net.o
                0x000000000010c93b                net_init
                0x000000000010ca76                eth_hton
                0x000000000010ca80                eth_ntoh
                0x000000000010ca8a                netin
 .text          0x000000000010cb0e       0xd3 binaries/netstart.o
                0x000000000010cb0e                netstart
 .text          0x000000000010cbe1      0xb3f binaries/pdump.o
                0x000000000010cbe1                pdump
                0x000000000010d24e                pdumph
 .text          0x000000000010d720      0x5db binaries/tftp.o
                0x000000000010d720                tftp_send1
                0x000000000010d853                tftpget_mb
                0x000000000010dcbe                tftpget
 .text          0x000000000010dcfb      0x7d8 binaries/udp.o
                0x000000000010dcfb                udp_init
                0x000000000010dd38                udp_in
                0x000000000010ddf1                udp_register
                0x000000000010dedf                udp_recv
                0x000000000010dff6                udp_recvaddr
                0x000000000010e124                udp_send
                0x000000000010e29f                udp_sendto
                0x000000000010e3ef                udp_release
                0x000000000010e4ab                udp_ntoh
                0x000000000010e4bf                udp_hton
 .text          0x000000000010e4d3      0x101 binaries/addargs.o
                0x000000000010e4d3                addargs
 .text          0x000000000010e5d4      0x1f8 binaries/lexan.o
                0x000000000010e5d4                lexan
 .text          0x000000000010e7cc      0x63c binaries/shell.o
                0x000000000010e7cc                shell
 .text          0x000000000010ee08       0x5b binaries/xsh_argecho.o
                0x000000000010ee08                xsh_argecho
 .text          0x000000000010ee63      0x1d6 binaries/xsh_arp.o
                0x000000000010ee63                xsh_arp
 .text          0x000000000010f039      0x207 binaries/xsh_cat.o
                0x000000000010f039                xsh_cat
 .text          0x000000000010f240       0x55 binaries/xsh_clear.o
                0x000000000010f240                xsh_clear
 .text          0x000000000010f295      0x2b0 binaries/xsh_date.o
                0x000000000010f295                xsh_date
 .text          0x000000000010f545       0x8c binaries/xsh_devdump.o
                0x000000000010f545                xsh_devdump
 .text          0x000000000010f5d1       0x60 binaries/xsh_echo.o
                0x000000000010f5d1                xsh_echo
 .text          0x000000000010f631        0x6 binaries/xsh_exit.o
                0x000000000010f631                xsh_exit
 .text          0x000000000010f637      0x323 binaries/xsh_help.o
                0x000000000010f637                xsh_help
 .text          0x000000000010f95a      0x421 binaries/xsh_ipaddr.o
                0x000000000010f95a                xsh_ipaddr
 .text          0x000000000010fd7b      0x1ea binaries/xsh_kill.o
                0x000000000010fd7b                xsh_kill
 .text          0x000000000010ff65      0x3e9 binaries/xsh_memdump.o
                0x000000000011001b                xsh_memdump
 .text          0x000000000011034e      0x1f6 binaries/xsh_memstat.o
                0x000000000011034e                xsh_memstat
 .text          0x0000000000110544      0x305 binaries/xsh_ping.o
                0x0000000000110544                xsh_ping
 .text          0x0000000000110849      0x1f8 binaries/xsh_ps.o
                0x0000000000110849                xsh_ps
 .text          0x0000000000110a41      0x1d9 binaries/xsh_sleep.o
                0x0000000000110a41                xsh_sleep
 .text          0x0000000000110c1a      0x226 binaries/xsh_udpdump.o
                0x0000000000110c1a                xsh_udpdump
 .text          0x0000000000110e40      0x430 binaries/xsh_udpecho.o
                0x0000000000110e40                xsh_udpecho
 .text          0x0000000000111270      0x275 binaries/xsh_udpeserver.o
                0x0000000000111270                xsh_udpeserver
 .text          0x00000000001114e5      0x1c0 binaries/xsh_uptime.o
                0x00000000001114e5                xsh_uptime
 .text          0x00000000001116a5        0xe binaries/clkdisp.o
                0x00000000001116a5                clkdisp
 .text          0x00000000001116b3       0x19 binaries/ctxsw.o
                0x00000000001116b3                ctxsw
 .text          0x00000000001116cc      0x36b binaries/intr.o
                0x00000000001116cc                disable
                0x00000000001116d5                restore
                0x00000000001116e3                enable
                0x00000000001116e5                pause
                0x00000000001116ec                halt
                0x00000000001116f2                spurious_irq7
                0x00000000001116f7                spurious_irq15
                0x0000000000111706                _Xint0
                0x0000000000111711                _Xint1
                0x000000000011171c                _Xint2
                0x0000000000111727                _Xint3
                0x0000000000111732                _Xint4
                0x000000000011173d                _Xint5
                0x0000000000111748                _Xint6
                0x0000000000111753                _Xint7
                0x000000000011175e                _Xint8
                0x0000000000111769                _Xint9
                0x0000000000111774                _Xint10
                0x000000000011177f                _Xint11
                0x000000000011178d                _Xint12
                0x000000000011179b                _Xint13
                0x00000000001117a9                _Xint14
                0x00000000001117b7                _Xint15
                0x00000000001117c5                _Xint16
                0x00000000001117d3                _Xint17
                0x00000000001117e1                _Xint18
                0x00000000001117ef                _Xint19
                0x00000000001117fd                _Xint20
                0x000000000011180b                _Xint21
                0x0000000000111819                _Xint22
                0x0000000000111827                _Xint23
                0x0000000000111835                _Xint24
                0x0000000000111843                _Xint25
                0x0000000000111851                _Xint26
                0x000000000011185f                _Xint27
                0x000000000011186d                _Xint28
                0x000000000011187b                _Xint29
                0x0000000000111889                _Xint30
                0x0000000000111897                _Xint31
                0x00000000001118a5                _Xint32
                0x00000000001118b3                _Xint33
                0x00000000001118c1                _Xint34
                0x00000000001118cf                _Xint35
                0x00000000001118dd                _Xint36
                0x00000000001118eb                _Xint37
                0x00000000001118f9                _Xint38
                0x0000000000111907                _Xint39
                0x0000000000111915                _Xint40
                0x0000000000111923                _Xint41
                0x0000000000111931                _Xint42
                0x000000000011193f                _Xint43
                0x000000000011194d                _Xint44
                0x000000000011195b                _Xint45
                0x0000000000111969                _Xint46
                0x0000000000111977                defevec
 .text          0x0000000000111a37        0xf binaries/ttydispatch.o
                0x0000000000111a37                ttydispatch
 .text          0x0000000000111a46       0x13 binaries/ethdispatch.o
                0x0000000000111a46                ethdispatch
 *(.rodata .rodata.*)
 .rodata.str1.1
                0x0000000000111a59       0x54 binaries/ascdate.o
 *fill*         0x0000000000111aad        0x3 
 .rodata.str1.4
                0x0000000000111ab0       0x22 binaries/ascdate.o
 .rodata.str1.1
                0x0000000000111ad2       0x5f binaries/conf.o
 *fill*         0x0000000000111b31        0x3 
 .rodata.str1.4
                0x0000000000111b34       0x4f binaries/early_imr.o
 .rodata        0x0000000000111b83       0x30 binaries/early_imr.o
 .rodata.str1.1
                0x0000000000111bb3      0x20c binaries/evec.o
 *fill*         0x0000000000111dbf        0x1 
 .rodata.str1.4
                0x0000000000111dc0       0x23 binaries/evec.o
 .rodata.str1.1
                0x0000000000111de3        0xb binaries/getutime.o
 *fill*         0x0000000000111dee        0x2 
 .rodata.str1.4
                0x0000000000111df0       0x54 binaries/getutime.o
 .rodata.str1.1
                0x0000000000111e44       0x63 binaries/initialize.o
                                         0x67 (size before relaxing)
 *fill*         0x0000000000111ea7        0x1 
 .rodata.str1.4
                0x0000000000111ea8       0xd4 binaries/initialize.o
 .rodata.str1.4
                0x0000000000111f7c       0x4d binaries/kill.o
 .rodata.str1.1
                0x0000000000111fc9       0x1e binaries/kill.o
 *fill*         0x0000000000111fe7        0x1 
 .rodata        0x0000000000111fe8       0x20 binaries/kill.o
 .rodata.str1.4
                0x0000000000112008      0x328 binaries/main.o
 .rodata.str1.1
                0x0000000000112330      0x11f binaries/main.o
                                        0x121 (size before relaxing)
 *fill*         0x000000000011244f        0x1 
 .rodata.str1.4
                0x0000000000112450       0x23 binaries/meminit.o
 .rodata.str1.1
                0x0000000000112473       0x1b binaries/meminit.o
 .rodata.str1.1
                0x000000000011248e        0xf binaries/panic.o
 .rodata.str1.1
                0x000000000011249d       0x1c binaries/ptinit.o
 *fill*         0x00000000001124b9        0x3 
 .rodata.str1.4
                0x00000000001124bc       0x25 binaries/ptsend.o
 .rodata.str1.1
                0x00000000001124e1       0x22 binaries/quark_pdat.o
 *fill*         0x0000000000112503        0x1 
 .rodata.str1.4
                0x0000000000112504       0x63 binaries/stacktrace.o
 .rodata.str1.1
                0x0000000000112567       0x52 binaries/stacktrace.o
 *fill*         0x00000000001125b9        0x3 
 .rodata.str1.4
                0x00000000001125bc       0x27 binaries/xdone.o
 *fill*         0x00000000001125e3       0x1d 
 .rodata        0x0000000000112600       0x81 binaries/ctype_.o
                0x0000000000112600                _ctype_
 .rodata.str1.1
                0x0000000000112681       0x29 binaries/doprnt.o
 *fill*         0x00000000001126aa        0x2 
 .rodata        0x00000000001126ac       0xc4 binaries/doprnt.o
 .rodata        0x0000000000112770       0x98 binaries/doscan.o
 .rodata.str1.1
                0x0000000000000000       0x29 binaries/fdoprnt.o
 .rodata        0x0000000000112808       0x84 binaries/fdoprnt.o
 .rodata        0x000000000011288c       0x20 binaries/ttycontrol.o
 .rodata.str1.4
                0x00000000001128ac       0x4c binaries/naminit.o
 .rodata.str1.1
                0x00000000001128f8       0x32 binaries/naminit.o
                                         0x35 (size before relaxing)
 .rodata.str1.1
                0x000000000011292a       0x15 binaries/ethinit.o
 *fill*         0x000000000011293f        0x1 
 .rodata.str1.4
                0x0000000000112940       0x2e binaries/ethinit.o
 *fill*         0x000000000011296e        0x2 
 .rodata.str1.4
                0x0000000000112970       0x2c binaries/rdsbufalloc.o
 .rodata.str1.4
                0x000000000011299c       0x76 binaries/rdscomm.o
 *fill*         0x0000000000112a12        0x2 
 .rodata.str1.4
                0x0000000000112a14       0x48 binaries/rdscontrol.o
 .rodata.str1.4
                0x0000000000112a5c       0x7e binaries/rdsinit.o
 .rodata.str1.1
                0x0000000000112ada       0x18 binaries/rdsinit.o
 *fill*         0x0000000000112af2        0x2 
 .rodata.str1.4
                0x0000000000112af4       0x22 binaries/rdsopen.o
 *fill*         0x0000000000112b16        0x2 
 .rodata.str1.4
                0x0000000000112b18       0x4d binaries/rdsprocess.o
 .rodata.str1.1
                0x0000000000112b65        0x9 binaries/raminit.o
 .rodata.str1.1
                0x0000000000112b6e       0x13 binaries/lfdballoc.o
 *fill*         0x0000000000112b81        0x3 
 .rodata.str1.4
                0x0000000000112b84       0x23 binaries/lfdballoc.o
 .rodata.str1.1
                0x0000000000112ba7       0x14 binaries/lfiballoc.o
 *fill*         0x0000000000112bbb        0x1 
 .rodata.str1.4
                0x0000000000112bbc       0x23 binaries/lflcontrol.o
 .rodata.str1.1
                0x0000000000112bdf       0x64 binaries/lfsckfmt.o
 *fill*         0x0000000000112c43        0x1 
 .rodata.str1.4
                0x0000000000112c44       0x51 binaries/lfsckfmt.o
 *fill*         0x0000000000112c95        0x3 
 .rodata.str1.4
                0x0000000000112c98       0x21 binaries/rflread.o
 .rodata.str1.4
                0x0000000000000000       0x21 binaries/rflwrite.o
 *fill*         0x0000000000112cb9        0x3 
 .rodata.str1.4
                0x0000000000112cbc       0x75 binaries/rfscomm.o
 *fill*         0x0000000000112d31        0x3 
 .rodata.str1.4
                0x0000000000112d34       0x23 binaries/rfscontrol.o
 *fill*         0x0000000000112d57        0x1 
 .rodata        0x0000000000112d58       0x18 binaries/rfscontrol.o
 .rodata.str1.1
                0x0000000000000000       0x10 binaries/rfsinit.o
 .rodata.str1.4
                0x0000000000112d70       0x57 binaries/rfsinit.o
 *fill*         0x0000000000112dc7        0x1 
 .rodata.str1.4
                0x0000000000112dc8       0x2a binaries/rfsndmsg.o
 .rodata.str1.4
                0x0000000000000000       0x22 binaries/rfsopen.o
 .rodata.str1.1
                0x0000000000112df2       0x19 binaries/arp.o
 *fill*         0x0000000000112e0b        0x1 
 .rodata.str1.4
                0x0000000000112e0c       0x21 binaries/arp.o
 *fill*         0x0000000000112e2d        0x3 
 .rodata.str1.4
                0x0000000000112e30       0xa6 binaries/dhcp.o
 .rodata.str1.1
                0x0000000000112ed6       0x4a binaries/dhcp.o
 .rodata.str1.1
                0x0000000000112f20       0x5a binaries/hexdump.o
                                         0x61 (size before relaxing)
 *fill*         0x0000000000112f7a        0x2 
 .rodata.str1.4
                0x0000000000112f7c       0x67 binaries/hexdump.o
 *fill*         0x0000000000112fe3        0x1 
 .rodata.str1.4
                0x0000000000112fe4       0x29 binaries/icmp.o
 .rodata.str1.1
                0x000000000011300d       0x4e binaries/ip.o
 *fill*         0x000000000011305b        0x1 
 .rodata.str1.4
                0x000000000011305c       0x20 binaries/ip.o
 .rodata.str1.4
                0x000000000011307c       0x28 binaries/net.o
 .rodata.str1.1
                0x00000000001130a4       0x27 binaries/net.o
 *fill*         0x00000000001130cb        0x1 
 .rodata.str1.4
                0x00000000001130cc       0xcf binaries/netstart.o
 .rodata.str1.1
                0x000000000011319b      0x141 binaries/pdump.o
                                        0x14b (size before relaxing)
 .rodata.str1.4
                0x00000000001132dc      0x126 binaries/pdump.o
 *fill*         0x0000000000113402        0x2 
 .rodata.str1.4
                0x0000000000113404      0x148 binaries/tftp.o
 .rodata.str1.1
                0x000000000011354c        0x6 binaries/tftp.o
                                          0xa (size before relaxing)
 .rodata.str1.1
                0x0000000000113552       0xe3 binaries/shell.o
                                         0xff (size before relaxing)
 *fill*         0x0000000000113635        0x3 
 .rodata.str1.4
                0x0000000000113638      0x1c4 binaries/shell.o
 *fill*         0x00000000001137fc        0x4 
 .rodata        0x0000000000113800       0xfc binaries/shell.o
                0x0000000000113800                cmdtab
 .rodata.str1.1
                0x00000000001138fc       0x26 binaries/xsh_argecho.o
                                         0x28 (size before relaxing)
 .rodata.str1.1
                0x0000000000113922       0x70 binaries/xsh_arp.o
                                         0x72 (size before relaxing)
 *fill*         0x0000000000113992        0x2 
 .rodata.str1.4
                0x0000000000113994       0xb4 binaries/xsh_arp.o
 .rodata.str1.1
                0x0000000000113a48       0x2d binaries/xsh_cat.o
                                         0x4f (size before relaxing)
 *fill*         0x0000000000113a75        0x3 
 .rodata.str1.4
                0x0000000000113a78       0x52 binaries/xsh_cat.o
                                         0x79 (size before relaxing)
 .rodata.str1.1
                0x0000000000113aca       0x15 binaries/xsh_clear.o
 .rodata.str1.1
                0x0000000000113adf       0x46 binaries/xsh_date.o
                                         0x5f (size before relaxing)
 *fill*         0x0000000000113b25        0x3 
 .rodata.str1.4
                0x0000000000113b28      0x163 binaries/xsh_date.o
 .rodata.str1.1
                0x0000000000113c8b       0x5d binaries/xsh_devdump.o
 .rodata.str1.1
                0x0000000000113ce8        0x4 binaries/xsh_echo.o
                                          0x9 (size before relaxing)
 .rodata.str1.1
                0x0000000000113cec       0x65 binaries/xsh_help.o
                                         0xa3 (size before relaxing)
 *fill*         0x0000000000113d51        0x3 
 .rodata.str1.4
                0x0000000000113d54       0x7c binaries/xsh_help.o
                                         0xc6 (size before relaxing)
 .rodata.str1.1
                0x0000000000113dd0       0x9c binaries/xsh_ipaddr.o
                                         0xf8 (size before relaxing)
 .rodata.str1.4
                0x0000000000113e6c       0x4d binaries/xsh_ipaddr.o
                                         0x99 (size before relaxing)
 .rodata.str1.1
                0x0000000000113eb9       0x78 binaries/xsh_kill.o
                                         0x97 (size before relaxing)
 *fill*         0x0000000000113f31        0x3 
 .rodata.str1.4
                0x0000000000113f34       0x4a binaries/xsh_kill.o
                                         0x96 (size before relaxing)
 .rodata.str1.1
                0x0000000000113f7e       0x84 binaries/xsh_memdump.o
                                         0xa8 (size before relaxing)
 *fill*         0x0000000000114002        0x2 
 .rodata.str1.4
                0x0000000000114004      0x15a binaries/xsh_memdump.o
                                        0x1aa (size before relaxing)
 .rodata.str1.1
                0x000000000011415e       0x40 binaries/xsh_memstat.o
                                         0x79 (size before relaxing)
 *fill*         0x000000000011419e        0x2 
 .rodata.str1.4
                0x00000000001141a0      0x187 binaries/xsh_memstat.o
                                        0x1af (size before relaxing)
 .rodata.str1.1
                0x0000000000114327       0x90 binaries/xsh_ping.o
                                         0xaf (size before relaxing)
 *fill*         0x00000000001143b7        0x1 
 .rodata.str1.4
                0x00000000001143b8       0x77 binaries/xsh_ping.o
                                         0xc6 (size before relaxing)
 .rodata.str1.1
                0x000000000011442f       0x74 binaries/xsh_ps.o
                                         0xd5 (size before relaxing)
 *fill*         0x00000000001144a3        0x1 
 .rodata.str1.4
                0x00000000001144a4       0x80 binaries/xsh_ps.o
                                         0xd0 (size before relaxing)
 *fill*         0x0000000000114524       0x1c 
 .rodata        0x0000000000114540       0x20 binaries/xsh_ps.o
 .rodata.str1.1
                0x0000000000114560       0x31 binaries/xsh_sleep.o
                                         0x72 (size before relaxing)
 *fill*         0x0000000000114591        0x3 
 .rodata.str1.4
                0x0000000000114594       0x2a binaries/xsh_sleep.o
                                         0x7a (size before relaxing)
 .rodata.str1.1
                0x00000000001145be       0x6b binaries/xsh_udpdump.o
                                         0xd2 (size before relaxing)
 *fill*         0x0000000000114629        0x3 
 .rodata.str1.4
                0x000000000011462c       0x94 binaries/xsh_udpdump.o
                                         0xe4 (size before relaxing)
 .rodata.str1.1
                0x00000000001146c0       0xdb binaries/xsh_udpecho.o
                                         0xfa (size before relaxing)
 *fill*         0x000000000011479b        0x1 
 .rodata.str1.4
                0x000000000011479c       0xc7 binaries/xsh_udpecho.o
                                        0x116 (size before relaxing)
 .rodata.str1.1
                0x0000000000114863       0x66 binaries/xsh_udpeserver.o
                                         0x8f (size before relaxing)
 *fill*         0x00000000001148c9        0x3 
 .rodata.str1.4
                0x00000000001148cc       0x29 binaries/xsh_udpeserver.o
                                         0x9f (size before relaxing)
 .rodata.str1.1
                0x00000000001148f5       0x49 binaries/xsh_uptime.o
                                         0x8c (size before relaxing)
 *fill*         0x000000000011493e        0x2 
 .rodata.str1.4
                0x0000000000114940       0x28 binaries/xsh_uptime.o
                                         0x76 (size before relaxing)
                0x0000000000114968                etext = ABSOLUTE (.)
                0x0000000000115000                . = ALIGN (0x1000)
 *fill*         0x0000000000114968      0x698 

.eh_frame       0x0000000000115000     0x3444
 .eh_frame      0x0000000000115000       0x58 binaries/ascdate.o
 .eh_frame      0x0000000000115058       0x14 binaries/bufinit.o
                                         0x2c (size before relaxing)
 .eh_frame      0x000000000011506c       0x2c binaries/chprio.o
                                         0x44 (size before relaxing)
 .eh_frame      0x0000000000115098       0x24 binaries/clkhandler.o
                                         0x3c (size before relaxing)
 .eh_frame      0x00000000001150bc       0x18 binaries/clkinit.o
                                         0x30 (size before relaxing)
 .eh_frame      0x00000000001150d4       0x2c binaries/close.o
                                         0x44 (size before relaxing)
 .eh_frame      0x0000000000115100       0x2c binaries/control.o
                                         0x44 (size before relaxing)
 .eh_frame      0x000000000011512c       0x40 binaries/create.o
                                         0x58 (size before relaxing)
 .eh_frame      0x000000000011516c       0x98 binaries/early_imr.o
                                         0xb0 (size before relaxing)
 .eh_frame      0x0000000000115204       0x94 binaries/evec.o
                                         0xac (size before relaxing)
 .eh_frame      0x0000000000115298       0x2c binaries/freebuf.o
                                         0x44 (size before relaxing)
 .eh_frame      0x00000000001152c4       0x40 binaries/freemem.o
                                         0x58 (size before relaxing)
 .eh_frame      0x0000000000115304       0x40 binaries/freememgc.o
                                         0x58 (size before relaxing)
 .eh_frame      0x0000000000115344       0x3c binaries/getbuf.o
                                         0x54 (size before relaxing)
 .eh_frame      0x0000000000115380       0x2c binaries/getc.o
                                         0x44 (size before relaxing)
 .eh_frame      0x00000000001153ac       0x3c binaries/getdev.o
                                         0x54 (size before relaxing)
 .eh_frame      0x00000000001153e8       0x4c binaries/getitem.o
                                         0x64 (size before relaxing)
 .eh_frame      0x0000000000115434       0x48 binaries/getmem.o
                                         0x60 (size before relaxing)
 .eh_frame      0x000000000011547c       0x34 binaries/getmemgc.o
                                         0x4c (size before relaxing)
 .eh_frame      0x00000000001154b0       0x14 binaries/getpid.o
                                         0x2c (size before relaxing)
 .eh_frame      0x00000000001154c4       0x24 binaries/getprio.o
                                         0x3c (size before relaxing)
 .eh_frame      0x00000000001154e8       0x3c binaries/getstk.o
                                         0x54 (size before relaxing)
 .eh_frame      0x0000000000115524       0x18 binaries/gettime.o
                                         0x30 (size before relaxing)
 .eh_frame      0x000000000011553c       0x24 binaries/getutime.o
                                         0x3c (size before relaxing)
 .eh_frame      0x0000000000115560       0x2c binaries/init.o
                                         0x44 (size before relaxing)
 .eh_frame      0x000000000011558c       0x48 binaries/initialize.o
                                         0x60 (size before relaxing)
 .eh_frame      0x00000000001155d4       0x24 binaries/insert.o
                                         0x3c (size before relaxing)
 .eh_frame      0x00000000001155f8       0x38 binaries/insertd.o
                                         0x50 (size before relaxing)
 .eh_frame      0x0000000000115630       0x14 binaries/ioerr.o
                                         0x2c (size before relaxing)
 .eh_frame      0x0000000000115644       0x14 binaries/ionull.o
                                         0x2c (size before relaxing)
 .eh_frame      0x0000000000115658       0x40 binaries/kill.o
                                         0x58 (size before relaxing)
 .eh_frame      0x0000000000115698       0x58 binaries/kprintf.o
                                         0x70 (size before relaxing)
 .eh_frame      0x00000000001156f0      0x24c binaries/main.o
                                        0x264 (size before relaxing)
 .eh_frame      0x000000000011593c       0x3c binaries/mark.o
                                         0x54 (size before relaxing)
 .eh_frame      0x0000000000115978       0x58 binaries/meminit.o
                                         0x70 (size before relaxing)
 .eh_frame      0x00000000001159d0       0x40 binaries/mkbufpool.o
                                         0x58 (size before relaxing)
 .eh_frame      0x0000000000115a10       0x14 binaries/newqueue.o
                                         0x2c (size before relaxing)
 .eh_frame      0x0000000000115a24       0x2c binaries/open.o
                                         0x44 (size before relaxing)
 .eh_frame      0x0000000000115a50       0x14 binaries/panic.o
                                         0x2c (size before relaxing)
 .eh_frame      0x0000000000115a64       0xe0 binaries/pci.o
                                         0xf8 (size before relaxing)
 .eh_frame      0x0000000000115b44       0x18 binaries/platinit.o
                                         0x30 (size before relaxing)
 .eh_frame      0x0000000000115b5c       0x3c binaries/ptclear.o
                                         0x54 (size before relaxing)
 .eh_frame      0x0000000000115b98       0x34 binaries/ptcount.o
                                         0x4c (size before relaxing)
 .eh_frame      0x0000000000115bcc       0x3c binaries/ptcreate.o
                                         0x54 (size before relaxing)
 .eh_frame      0x0000000000115c08       0x2c binaries/ptdelete.o
                                         0x44 (size before relaxing)
 .eh_frame      0x0000000000115c34       0x2c binaries/ptinit.o
                                         0x44 (size before relaxing)
 .eh_frame      0x0000000000115c60       0x3c binaries/ptrecv.o
                                         0x54 (size before relaxing)
 .eh_frame      0x0000000000115c9c       0x2c binaries/ptreset.o
                                         0x44 (size before relaxing)
 .eh_frame      0x0000000000115cc8       0x34 binaries/ptsend.o
                                         0x4c (size before relaxing)
 .eh_frame      0x0000000000115cfc       0x34 binaries/putc.o
                                         0x4c (size before relaxing)
 .eh_frame      0x0000000000115d30       0x24 binaries/quark_irq.o
                                         0x3c (size before relaxing)
 .eh_frame      0x0000000000115d54       0x60 binaries/quark_pdat.o
                                         0x78 (size before relaxing)
 .eh_frame      0x0000000000115db4       0x2c binaries/queue.o
                                         0x44 (size before relaxing)
 .eh_frame      0x0000000000115de0       0x2c binaries/read.o
                                         0x44 (size before relaxing)
 .eh_frame      0x0000000000115e0c       0x18 binaries/ready.o
                                         0x30 (size before relaxing)
 .eh_frame      0x0000000000115e24       0x34 binaries/receive.o
                                         0x4c (size before relaxing)
 .eh_frame      0x0000000000115e58       0x20 binaries/recvclr.o
                                         0x38 (size before relaxing)
 .eh_frame      0x0000000000115e78       0x3c binaries/recvtime.o
                                         0x54 (size before relaxing)
 .eh_frame      0x0000000000115eb4       0x24 binaries/registercbsig.o
                                         0x3c (size before relaxing)
 .eh_frame      0x0000000000115ed8       0x4c binaries/resched.o
                                         0x64 (size before relaxing)
 .eh_frame      0x0000000000115f24       0x34 binaries/resume.o
                                         0x4c (size before relaxing)
 .eh_frame      0x0000000000115f58       0x2c binaries/seek.o
                                         0x44 (size before relaxing)
 .eh_frame      0x0000000000115f84       0x24 binaries/semcount.o
                                         0x3c (size before relaxing)
 .eh_frame      0x0000000000115fa8       0x3c binaries/semcreate.o
                                         0x54 (size before relaxing)
 .eh_frame      0x0000000000115fe4       0x2c binaries/semdelete.o
                                         0x44 (size before relaxing)
 .eh_frame      0x0000000000116010       0x3c binaries/semreset.o
                                         0x54 (size before relaxing)
 .eh_frame      0x000000000011604c       0x2c binaries/send.o
                                         0x44 (size before relaxing)
 .eh_frame      0x0000000000116078       0x2c binaries/signal.o
                                         0x44 (size before relaxing)
 .eh_frame      0x00000000001160a4       0x34 binaries/signaln.o
                                         0x4c (size before relaxing)
 .eh_frame      0x00000000001160d8       0x44 binaries/sleep.o
                                         0x5c (size before relaxing)
 .eh_frame      0x000000000011611c       0x40 binaries/stacktrace.o
                                         0x58 (size before relaxing)
 .eh_frame      0x000000000011615c       0x3c binaries/suspend.o
                                         0x54 (size before relaxing)
 .eh_frame      0x0000000000116198       0x2c binaries/unsleep.o
                                         0x44 (size before relaxing)
 .eh_frame      0x00000000001161c4       0x18 binaries/userret.o
                                         0x30 (size before relaxing)
 .eh_frame      0x00000000001161dc       0x2c binaries/wait.o
                                         0x44 (size before relaxing)
 .eh_frame      0x0000000000116208       0x18 binaries/wakeup.o
                                         0x30 (size before relaxing)
 .eh_frame      0x0000000000116220       0x2c binaries/write.o
                                         0x44 (size before relaxing)
 .eh_frame      0x000000000011624c       0x18 binaries/xdone.o
                                         0x30 (size before relaxing)
 .eh_frame      0x0000000000116264       0x20 binaries/yield.o
                                         0x38 (size before relaxing)
 .eh_frame      0x0000000000116284       0x14 binaries/abs.o
                                         0x2c (size before relaxing)
 .eh_frame      0x0000000000116298       0x24 binaries/atoi.o
                                         0x3c (size before relaxing)
 .eh_frame      0x00000000001162bc       0x24 binaries/atol.o
                                         0x3c (size before relaxing)
 .eh_frame      0x00000000001162e0       0x14 binaries/bzero.o
                                         0x2c (size before relaxing)
 .eh_frame      0x00000000001162f4       0xd4 binaries/doprnt.o
                                         0xec (size before relaxing)
 .eh_frame      0x00000000001163c8       0x40 binaries/doscan.o
                                         0x58 (size before relaxing)
 .eh_frame      0x0000000000116408       0x7c binaries/fdoprnt.o
                                         0x94 (size before relaxing)
 .eh_frame      0x0000000000116484       0x18 binaries/fgetc.o
                                         0x30 (size before relaxing)
 .eh_frame      0x000000000011649c       0x3c binaries/fgets.o
                                         0x54 (size before relaxing)
 .eh_frame      0x00000000001164d8       0x18 binaries/fprintf.o
                                         0x30 (size before relaxing)
 .eh_frame      0x00000000001164f0       0x18 binaries/fputc.o
                                         0x30 (size before relaxing)
 .eh_frame      0x0000000000116508       0x2c binaries/fputs.o
                                         0x44 (size before relaxing)
 .eh_frame      0x0000000000116534       0x4c binaries/fscanf.o
                                         0x64 (size before relaxing)
 .eh_frame      0x0000000000116580       0x18 binaries/getchar.o
                                         0x30 (size before relaxing)
 .eh_frame      0x0000000000116598       0x14 binaries/labs.o
                                         0x2c (size before relaxing)
 .eh_frame      0x00000000001165ac       0x14 binaries/memchr.o
                                         0x2c (size before relaxing)
 .eh_frame      0x00000000001165c0       0x24 binaries/memcmp.o
                                         0x3c (size before relaxing)
 .eh_frame      0x00000000001165e4       0x24 binaries/memcpy.o
                                         0x3c (size before relaxing)
 .eh_frame      0x0000000000116608       0x1c binaries/memset.o
                                         0x34 (size before relaxing)
 .eh_frame      0x0000000000116624       0x18 binaries/printf.o
                                         0x30 (size before relaxing)
 .eh_frame      0x000000000011663c       0x18 binaries/putchar.o
                                         0x30 (size before relaxing)
 .eh_frame      0x0000000000116654       0xa8 binaries/qsort.o
                                         0xc0 (size before relaxing)
 .eh_frame      0x00000000001166fc       0x28 binaries/rand.o
                                         0x40 (size before relaxing)
 .eh_frame      0x0000000000116724       0x3c binaries/sprintf.o
                                         0x54 (size before relaxing)
 .eh_frame      0x0000000000116760       0x40 binaries/sscanf.o
                                         0x58 (size before relaxing)
 .eh_frame      0x00000000001167a0       0x1c binaries/strchr.o
                                         0x34 (size before relaxing)
 .eh_frame      0x00000000001167bc       0x1c binaries/strcmp.o
                                         0x34 (size before relaxing)
 .eh_frame      0x00000000001167d8       0x14 binaries/strcpy.o
                                         0x2c (size before relaxing)
 .eh_frame      0x00000000001167ec       0x14 binaries/strlen.o
                                         0x2c (size before relaxing)
 .eh_frame      0x0000000000116800       0x2c binaries/strncat.o
                                         0x44 (size before relaxing)
 .eh_frame      0x000000000011682c       0x1c binaries/strncmp.o
                                         0x34 (size before relaxing)
 .eh_frame      0x0000000000116848       0x30 binaries/strncpy.o
                                         0x48 (size before relaxing)
 .eh_frame      0x0000000000116878       0x14 binaries/strnlen.o
                                         0x2c (size before relaxing)
 .eh_frame      0x000000000011688c       0x1c binaries/strrchr.o
                                         0x34 (size before relaxing)
 .eh_frame      0x00000000001168a8       0x38 binaries/strstr.o
                                         0x50 (size before relaxing)
 .eh_frame      0x00000000001168e0       0x2c binaries/ttycontrol.o
                                         0x44 (size before relaxing)
 .eh_frame      0x000000000011690c       0x2c binaries/ttygetc.o
                                         0x44 (size before relaxing)
 .eh_frame      0x0000000000116938       0x9c binaries/ttyhandle_in.o
                                         0xb4 (size before relaxing)
 .eh_frame      0x00000000001169d4       0x40 binaries/ttyhandle_out.o
                                         0x58 (size before relaxing)
 .eh_frame      0x0000000000116a14       0x2c binaries/ttyhandler.o
                                         0x44 (size before relaxing)
 .eh_frame      0x0000000000116a40       0x2c binaries/ttyinit.o
                                         0x44 (size before relaxing)
 .eh_frame      0x0000000000116a6c       0x14 binaries/ttykickout.o
                                         0x2c (size before relaxing)
 .eh_frame      0x0000000000116a80       0x34 binaries/ttyputc.o
                                         0x4c (size before relaxing)
 .eh_frame      0x0000000000116ab4       0x3c binaries/ttyread.o
                                         0x54 (size before relaxing)
 .eh_frame      0x0000000000116af0       0x34 binaries/ttywrite.o
                                         0x4c (size before relaxing)
 .eh_frame      0x0000000000116b24       0x50 binaries/mount.o
                                         0x68 (size before relaxing)
 .eh_frame      0x0000000000116b74       0x40 binaries/naminit.o
                                         0x58 (size before relaxing)
 .eh_frame      0x0000000000116bb4       0xa4 binaries/nammap.o
                                         0xbc (size before relaxing)
 .eh_frame      0x0000000000116c58       0x1c binaries/namopen.o
                                         0x34 (size before relaxing)
 .eh_frame      0x0000000000116c74       0x3c binaries/colon2mac.o
                                         0x54 (size before relaxing)
 .eh_frame      0x0000000000116cb0       0x18 binaries/ethcontrol.o
                                         0x30 (size before relaxing)
 .eh_frame      0x0000000000116cc8       0x3c binaries/ethhandler.o
                                         0x54 (size before relaxing)
 .eh_frame      0x0000000000116d04       0x94 binaries/ethinit.o
                                         0xac (size before relaxing)
 .eh_frame      0x0000000000116d98       0x68 binaries/ethmcast.o
                                         0x80 (size before relaxing)
 .eh_frame      0x0000000000116e00       0x40 binaries/ethread.o
                                         0x58 (size before relaxing)
 .eh_frame      0x0000000000116e40       0x3c binaries/ethwrite.o
                                         0x54 (size before relaxing)
 .eh_frame      0x0000000000116e7c       0x24 binaries/rdsbufalloc.o
                                         0x3c (size before relaxing)
 .eh_frame      0x0000000000116ea0       0x30 binaries/rdsclose.o
                                         0x48 (size before relaxing)
 .eh_frame      0x0000000000116ed0       0x40 binaries/rdscomm.o
                                         0x58 (size before relaxing)
 .eh_frame      0x0000000000116f10       0x2c binaries/rdscontrol.o
                                         0x44 (size before relaxing)
 .eh_frame      0x0000000000116f3c       0x40 binaries/rdsinit.o
                                         0x58 (size before relaxing)
 .eh_frame      0x0000000000116f7c       0x40 binaries/rdsopen.o
                                         0x58 (size before relaxing)
 .eh_frame      0x0000000000116fbc       0x2c binaries/rdsprocess.o
                                         0x44 (size before relaxing)
 .eh_frame      0x0000000000116fe8       0x40 binaries/rdsread.o
                                         0x58 (size before relaxing)
 .eh_frame      0x0000000000117028       0x34 binaries/rdswrite.o
                                         0x4c (size before relaxing)
 .eh_frame      0x000000000011705c       0x14 binaries/ramclose.o
                                         0x2c (size before relaxing)
 .eh_frame      0x0000000000117070       0x18 binaries/raminit.o
                                         0x30 (size before relaxing)
 .eh_frame      0x0000000000117088       0x14 binaries/ramopen.o
                                         0x2c (size before relaxing)
 .eh_frame      0x000000000011709c       0x18 binaries/ramread.o
                                         0x30 (size before relaxing)
 .eh_frame      0x00000000001170b4       0x18 binaries/ramwrite.o
                                         0x30 (size before relaxing)
 .eh_frame      0x00000000001170cc       0x2c binaries/lfdballoc.o
                                         0x44 (size before relaxing)
 .eh_frame      0x00000000001170f8       0x24 binaries/lfdbfree.o
                                         0x3c (size before relaxing)
 .eh_frame      0x000000000011711c       0x24 binaries/lfflush.o
                                         0x3c (size before relaxing)
 .eh_frame      0x0000000000117140       0x14 binaries/lfgetmode.o
                                         0x2c (size before relaxing)
 .eh_frame      0x0000000000117154       0x24 binaries/lfiballoc.o
                                         0x3c (size before relaxing)
 .eh_frame      0x0000000000117178       0x14 binaries/lfibclear.o
                                         0x2c (size before relaxing)
 .eh_frame      0x000000000011718c       0x40 binaries/lfibget.o
                                         0x58 (size before relaxing)
 .eh_frame      0x00000000001171cc       0x40 binaries/lfibput.o
                                         0x58 (size before relaxing)
 .eh_frame      0x000000000011720c       0x2c binaries/lflclose.o
                                         0x44 (size before relaxing)
 .eh_frame      0x0000000000117238       0x2c binaries/lflcontrol.o
                                         0x44 (size before relaxing)
 .eh_frame      0x0000000000117264       0x2c binaries/lflgetc.o
                                         0x44 (size before relaxing)
 .eh_frame      0x0000000000117290       0x24 binaries/lflinit.o
                                         0x3c (size before relaxing)
 .eh_frame      0x00000000001172b4       0x34 binaries/lflputc.o
                                         0x4c (size before relaxing)
 .eh_frame      0x00000000001172e8       0x3c binaries/lflread.o
                                         0x54 (size before relaxing)
 .eh_frame      0x0000000000117324       0x34 binaries/lflseek.o
                                         0x4c (size before relaxing)
 .eh_frame      0x0000000000117358       0x3c binaries/lflwrite.o
                                         0x54 (size before relaxing)
 .eh_frame      0x0000000000117394       0x40 binaries/lfsckfmt.o
                                         0x58 (size before relaxing)
 .eh_frame      0x00000000001173d4       0x40 binaries/lfscreate.o
                                         0x58 (size before relaxing)
 .eh_frame      0x0000000000117414       0x40 binaries/lfsetup.o
                                         0x58 (size before relaxing)
 .eh_frame      0x0000000000117454       0x18 binaries/lfsinit.o
                                         0x30 (size before relaxing)
 .eh_frame      0x000000000011746c       0x40 binaries/lfsopen.o
                                         0x58 (size before relaxing)
 .eh_frame      0x00000000001174ac       0x40 binaries/lftruncate.o
                                         0x58 (size before relaxing)
 .eh_frame      0x00000000001174ec       0x18 binaries/rflclose.o
                                         0x30 (size before relaxing)
 .eh_frame      0x0000000000117504       0x18 binaries/rflgetc.o
                                         0x30 (size before relaxing)
 .eh_frame      0x000000000011751c       0x14 binaries/rflinit.o
                                         0x2c (size before relaxing)
 .eh_frame      0x0000000000117530       0x18 binaries/rflputc.o
                                         0x30 (size before relaxing)
 .eh_frame      0x0000000000117548       0x40 binaries/rflread.o
                                         0x58 (size before relaxing)
 .eh_frame      0x0000000000117588       0x18 binaries/rflseek.o
                                         0x30 (size before relaxing)
 .eh_frame      0x00000000001175a0       0x40 binaries/rflwrite.o
                                         0x58 (size before relaxing)
 .eh_frame      0x00000000001175e0       0x40 binaries/rfscomm.o
                                         0x58 (size before relaxing)
 .eh_frame      0x0000000000117620       0x2c binaries/rfscontrol.o
                                         0x44 (size before relaxing)
 .eh_frame      0x000000000011764c       0x14 binaries/rfsgetmode.o
                                         0x2c (size before relaxing)
 .eh_frame      0x0000000000117660       0x18 binaries/rfsinit.o
                                         0x30 (size before relaxing)
 .eh_frame      0x0000000000117678       0x1c binaries/rfsndmsg.o
                                         0x34 (size before relaxing)
 .eh_frame      0x0000000000117694       0x2c binaries/rfsopen.o
                                         0x44 (size before relaxing)
 .eh_frame      0x00000000001176c0       0xf0 binaries/arp.o
                                        0x108 (size before relaxing)
 .eh_frame      0x00000000001177b0       0xec binaries/dhcp.o
                                        0x104 (size before relaxing)
 .eh_frame      0x000000000011789c       0x38 binaries/dot2ip.o
                                         0x50 (size before relaxing)
 .eh_frame      0x00000000001178d4       0x74 binaries/hexdump.o
                                         0x8c (size before relaxing)
 .eh_frame      0x0000000000117948      0x1b8 binaries/icmp.o
                                        0x1d0 (size before relaxing)
 .eh_frame      0x0000000000117b00      0x130 binaries/ip.o
[...]
 .comment       0x0000000000000000       0x2b binaries/net.o
 .comment       0x0000000000000000       0x2b binaries/netstart.o
 .comment       0x0000000000000000       0x2b binaries/pdump.o
 .comment       0x0000000000000000       0x2b binaries/tftp.o
 .comment       0x0000000000000000       0x2b binaries/udp.o
 .comment       0x0000000000000000       0x2b binaries/addargs.o
 .comment       0x0000000000000000       0x2b binaries/lexan.o
 .comment       0x0000000000000000       0x2b binaries/shell.o
 .comment       0x0000000000000000       0x2b binaries/xsh_argecho.o
 .comment       0x0000000000000000       0x2b binaries/xsh_arp.o
 .comment       0x0000000000000000       0x2b binaries/xsh_cat.o
 .comment       0x0000000000000000       0x2b binaries/xsh_clear.o
 .comment       0x0000000000000000       0x2b binaries/xsh_date.o
 .comment       0x0000000000000000       0x2b binaries/xsh_devdump.o
 .comment       0x0000000000000000       0x2b binaries/xsh_echo.o
 .comment       0x0000000000000000       0x2b binaries/xsh_exit.o
 .comment       0x0000000000000000       0x2b binaries/xsh_help.o
 .comment       0x0000000000000000       0x2b binaries/xsh_ipaddr.o
 .comment       0x0000000000000000       0x2b binaries/xsh_kill.o
 .comment       0x0000000000000000       0x2b binaries/xsh_memdump.o
 .comment       0x0000000000000000       0x2b binaries/xsh_memstat.o
 .comment       0x0000000000000000       0x2b binaries/xsh_ping.o
 .comment       0x0000000000000000       0x2b binaries/xsh_ps.o
 .comment       0x0000000000000000       0x2b binaries/xsh_sleep.o
 .comment       0x0000000000000000       0x2b binaries/xsh_udpdump.o
 .comment       0x0000000000000000       0x2b binaries/xsh_udpecho.o
 .comment       0x0000000000000000       0x2b binaries/xsh_udpeserver.o
 .comment       0x0000000000000000       0x2b binaries/xsh_uptime.o

.note.GNU-stack
                0x0000000000000000        0x0
 .note.GNU-stack
                0x0000000000000000        0x0 binaries/ascdate.o
 .note.GNU-stack
                0x0000000000000000        0x0 binaries/bufinit.o
 .note.GNU-stack
                0x0000000000000000        0x0 binaries/chprio.o
 .note.GNU-stack
                0x0000000000000000        0x0 binaries/clkhandler.o
 .note.GNU-stack
                0x0000000000000000        0x0 binaries/clkinit.o
 .note.GNU-stack
                0x0000000000000000        0x0 binaries/close.o
 .note.GNU-stack
                0x0000000000000000        0x0 binaries/conf.o
 .note.GNU-stack
                0x0000000000000000        0x0 binaries/control.o
 .note.GNU-stack
                0x0000000000000000        0x0 binaries/create.o
 .note.GNU-stack
                0x0000000000000000        0x0 binaries/early_imr.o
 .note.GNU-stack
                0x0000000000000000        0x0 binaries/evec.o
 .note.GNU-stack
                0x0000000000000000        0x0 binaries/freebuf.o
 .note.GNU-stack
                0x0000000000000000        0x0 binaries/freemem.o
 .note.GNU-stack
                0x0000000000000000        0x0 binaries/freememgc.o
 .note.GNU-stack
                0x0000000000000000        0x0 binaries/getbuf.o
 .note.GNU-stack
                0x0000000000000000        0x0 binaries/getc.o
 .note.GNU-stack
                0x0000000000000000        0x0 binaries/getdev.o
 .note.GNU-stack
                0x0000000000000000        0x0 binaries/getitem.o
 .note.GNU-stack
                0x0000000000000000        0x0 binaries/getmem.o
 .note.GNU-stack
                0x0000000000000000        0x0 binaries/getmemgc.o
 .note.GNU-stack
                0x0000000000000000        0x0 binaries/getpid.o
 .note.GNU-stack
                0x0000000000000000        0x0 binaries/getprio.o
 .note.GNU-stack
                0x0000000000000000        0x0 binaries/getstk.o
 .note.GNU-stack
                0x0000000000000000        0x0 binaries/gettime.o
 .note.GNU-stack
                0x0000000000000000        0x0 binaries/getutime.o
 .note.GNU-stack
                0x0000000000000000        0x0 binaries/init.o
 .note.GNU-stack
                0x0000000000000000        0x0 binaries/initialize.o
 .note.GNU-stack
                0x0000000000000000        0x0 binaries/insert.o
 .note.GNU-stack
                0x0000000000000000        0x0 binaries/insertd.o
 .note.GNU-stack
                0x0000000000000000        0x0 binaries/ioerr.o
 .note.GNU-stack
                0x0000000000000000        0x0 binaries/ionull.o
 .note.GNU-stack
                0x0000000000000000        0x0 binaries/kill.o
 .note.GNU-stack
                0x0000000000000000        0x0 binaries/kprintf.o
 .note.GNU-stack
                0x0000000000000000        0x0 binaries/main.o
 .note.GNU-stack
                0x0000000000000000        0x0 binaries/mark.o
 .note.GNU-stack
                0x0000000000000000        0x0 binaries/meminit.o
 .note.GNU-stack
                0x0000000000000000        0x0 binaries/mkbufpool.o
 .note.GNU-stack
                0x0000000000000000        0x0 binaries/newqueue.o
 .note.GNU-stack
                0x0000000000000000        0x0 binaries/open.o
 .note.GNU-stack
                0x0000000000000000        0x0 binaries/panic.o
 .note.GNU-stack
                0x0000000000000000        0x0 binaries/pci.o
 .note.GNU-stack
                0x0000000000000000        0x0 binaries/platinit.o
 .note.GNU-stack
                0x0000000000000000        0x0 binaries/ptclear.o
 .note.GNU-stack
                0x0000000000000000        0x0 binaries/ptcount.o
 .note.GNU-stack
                0x0000000000000000        0x0 binaries/ptcreate.o
 .note.GNU-stack
                0x0000000000000000        0x0 binaries/ptdelete.o
 .note.GNU-stack
                0x0000000000000000        0x0 binaries/ptinit.o
 .note.GNU-stack
                0x0000000000000000        0x0 binaries/ptrecv.o
 .note.GNU-stack
                0x0000000000000000        0x0 binaries/ptreset.o
 .note.GNU-stack
                0x0000000000000000        0x0 binaries/ptsend.o
 .note.GNU-stack
                0x0000000000000000        0x0 binaries/putc.o
 .note.GNU-stack
                0x0000000000000000        0x0 binaries/quark_irq.o
 .note.GNU-stack
                0x0000000000000000        0x0 binaries/quark_pdat.o
 .note.GNU-stack
                0x0000000000000000        0x0 binaries/queue.o
 .note.GNU-stack
                0x0000000000000000        0x0 binaries/read.o
 .note.GNU-stack
                0x0000000000000000        0x0 binaries/ready.o
 .note.GNU-stack
                0x0000000000000000        0x0 binaries/receive.o
 .note.GNU-stack
                0x0000000000000000        0x0 binaries/recvclr.o
 .note.GNU-stack
                0x0000000000000000        0x0 binaries/recvtime.o
 .note.GNU-stack
                0x0000000000000000        0x0 binaries/registercbsig.o
 .note.GNU-stack
                0x0000000000000000        0x0 binaries/resched.o
 .note.GNU-stack
                0x0000000000000000        0x0 binaries/resume.o
 .note.GNU-stack
                0x0000000000000000        0x0 binaries/seek.o
 .note.GNU-stack
                0x0000000000000000        0x0 binaries/semcount.o
 .note.GNU-stack
                0x0000000000000000        0x0 binaries/semcreate.o
 .note.GNU-stack
                0x0000000000000000        0x0 binaries/semdelete.o
 .note.GNU-stack
                0x0000000000000000        0x0 binaries/semreset.o
 .note.GNU-stack
                0x0000000000000000        0x0 binaries/send.o
 .note.GNU-stack
                0x0000000000000000        0x0 binaries/signal.o
 .note.GNU-stack
                0x0000000000000000        0x0 binaries/signaln.o
 .note.GNU-stack
                0x0000000000000000        0x0 binaries/sleep.o
 .note.GNU-stack
                0x0000000000000000        0x0 binaries/stacktrace.o
 .note.GNU-stack
                0x0000000000000000        0x0 binaries/suspend.o
 .note.GNU-stack
                0x0000000000000000        0x0 binaries/unsleep.o
 .note.GNU-stack
                0x0000000000000000        0x0 binaries/userret.o
 .note.GNU-stack
                0x0000000000000000        0x0 binaries/wait.o
 .note.GNU-stack
                0x0000000000000000        0x0 binaries/wakeup.o
 .note.GNU-stack
                0x0000000000000000        0x0 binaries/write.o
 .note.GNU-stack
                0x0000000000000000        0x0 binaries/xdone.o
 .note.GNU-stack
                0x0000000000000000        0x0 binaries/yield.o
 .note.GNU-stack
                0x0000000000000000        0x0 binaries/abs.o
 .note.GNU-stack
                0x0000000000000000        0x0 binaries/atoi.o
 .note.GNU-stack
                0x0000000000000000        0x0 binaries/atol.o
 .note.GNU-stack
                0x0000000000000000        0x0 binaries/bzero.o
 .note.GNU-stack
                0x0000000000000000        0x0 binaries/ctype_.o
 .note.GNU-stack
                0x0000000000000000        0x0 binaries/doprnt.o
 .note.GNU-stack
                0x0000000000000000        0x0 binaries/doscan.o
 .note.GNU-stack
                0x0000000000000000        0x0 binaries/fdoprnt.o
 .note.GNU-stack
                0x0000000000000000        0x0 binaries/fgetc.o
 .note.GNU-stack
                0x0000000000000000        0x0 binaries/fgets.o
 .note.GNU-stack
                0x0000000000000000        0x0 binaries/fprintf.o
 .note.GNU-stack
                0x0000000000000000        0x0 binaries/fputc.o
 .note.GNU-stack
                0x0000000000000000        0x0 binaries/fputs.o
 .note.GNU-stack
                0x0000000000000000        0x0 binaries/fscanf.o
 .note.GNU-stack
                0x0000000000000000        0x0 binaries/getchar.o
 .note.GNU-stack
                0x0000000000000000        0x0 binaries/labs.o
 .note.GNU-stack
                0x0000000000000000        0x0 binaries/memchr.o
 .note.GNU-stack
                0x0000000000000000        0x0 binaries/memcmp.o
 .note.GNU-stack
                0x0000000000000000        0x0 binaries/memcpy.o
 .note.GNU-stack
                0x0000000000000000        0x0 binaries/memset.o
 .note.GNU-stack
                0x0000000000000000        0x0 binaries/printf.o
 .note.GNU-stack
                0x0000000000000000        0x0 binaries/putchar.o
 .note.GNU-stack
                0x0000000000000000        0x0 binaries/qsort.o
 .note.GNU-stack
                0x0000000000000000        0x0 binaries/rand.o
 .note.GNU-stack
                0x0000000000000000        0x0 binaries/sprintf.o
 .note.GNU-stack
                0x0000000000000000        0x0 binaries/sscanf.o
 .note.GNU-stack
                0x0000000000000000        0x0 binaries/strchr.o
 .note.GNU-stack
                0x0000000000000000        0x0 binaries/strcmp.o
 .note.GNU-stack
                0x0000000000000000        0x0 binaries/strcpy.o
 .note.GNU-stack
                0x0000000000000000        0x0 binaries/strlen.o
 .note.GNU-stack
                0x0000000000000000        0x0 binaries/strncat.o
 .note.GNU-stack
                0x0000000000000000        0x0 binaries/strncmp.o
 .note.GNU-stack
                0x0000000000000000        0x0 binaries/strncpy.o
 .note.GNU-stack
                0x0000000000000000        0x0 binaries/strnlen.o
 .note.GNU-stack
                0x0000000000000000        0x0 binaries/strrchr.o
 .note.GNU-stack
                0x0000000000000000        0x0 binaries/strstr.o
 .note.GNU-stack
                0x0000000000000000        0x0 binaries/ttycontrol.o
 .note.GNU-stack
                0x0000000000000000        0x0 binaries/ttygetc.o
 .note.GNU-stack
                0x0000000000000000        0x0 binaries/ttyhandle_in.o
 .note.GNU-stack
                0x0000000000000000        0x0 binaries/ttyhandle_out.o
 .note.GNU-stack
                0x0000000000000000        0x0 binaries/ttyhandler.o
 .note.GNU-stack
                0x0000000000000000        0x0 binaries/ttyinit.o
 .note.GNU-stack
                0x0000000000000000        0x0 binaries/ttykickout.o
 .note.GNU-stack
                0x0000000000000000        0x0 binaries/ttyputc.o
 .note.GNU-stack
                0x0000000000000000        0x0 binaries/ttyread.o
 .note.GNU-stack
                0x0000000000000000        0x0 binaries/ttywrite.o
 .note.GNU-stack
                0x0000000000000000        0x0 binaries/mount.o
 .note.GNU-stack
                0x0000000000000000        0x0 binaries/naminit.o
 .note.GNU-stack
                0x0000000000000000        0x0 binaries/nammap.o
 .note.GNU-stack
                0x0000000000000000        0x0 binaries/namopen.o
 .note.GNU-stack
                0x0000000000000000        0x0 binaries/colon2mac.o
 .note.GNU-stack
                0x0000000000000000        0x0 binaries/ethcontrol.o
 .note.GNU-stack
                0x0000000000000000        0x0 binaries/ethhandler.o
 .note.GNU-stack
                0x0000000000000000        0x0 binaries/ethinit.o
 .note.GNU-stack
                0x0000000000000000        0x0 binaries/ethmcast.o
 .note.GNU-stack
                0x0000000000000000        0x0 binaries/ethread.o
 .note.GNU-stack
                0x0000000000000000        0x0 binaries/ethwrite.o
 .note.GNU-stack
                0x0000000000000000        0x0 binaries/rdsbufalloc.o
 .note.GNU-stack
                0x0000000000000000        0x0 binaries/rdsclose.o
 .note.GNU-stack
                0x0000000000000000        0x0 binaries/rdscomm.o
 .note.GNU-stack
                0x0000000000000000        0x0 binaries/rdscontrol.o
 .note.GNU-stack
                0x0000000000000000        0x0 binaries/rdsinit.o
 .note.GNU-stack
                0x0000000000000000        0x0 binaries/rdsopen.o
 .note.GNU-stack
                0x0000000000000000        0x0 binaries/rdsprocess.o
 .note.GNU-stack
                0x0000000000000000        0x0 binaries/rdsread.o
 .note.GNU-stack
                0x0000000000000000        0x0 binaries/rdswrite.o
 .note.GNU-stack
                0x0000000000000000        0x0 binaries/ramclose.o
 .note.GNU-stack
                0x0000000000000000        0x0 binaries/raminit.o
 .note.GNU-stack
                0x0000000000000000        0x0 binaries/ramopen.o
 .note.GNU-stack
                0x0000000000000000        0x0 binaries/ramread.o
 .note.GNU-stack
                0x0000000000000000        0x0 binaries/ramwrite.o
 .note.GNU-stack
                0x0000000000000000        0x0 binaries/lfdballoc.o
 .note.GNU-stack
                0x0000000000000000        0x0 binaries/lfdbfree.o
 .note.GNU-stack
                0x0000000000000000        0x0 binaries/lfflush.o
 .note.GNU-stack
                0x0000000000000000        0x0 binaries/lfgetmode.o
 .note.GNU-stack
                0x0000000000000000        0x0 binaries/lfiballoc.o
 .note.GNU-stack
                0x0000000000000000        0x0 binaries/lfibclear.o
 .note.GNU-stack
                0x0000000000000000        0x0 binaries/lfibget.o
 .note.GNU-stack
                0x0000000000000000        0x0 binaries/lfibput.o
 .note.GNU-stack
                0x0000000000000000        0x0 binaries/lflclose.o
 .note.GNU-stack
                0x0000000000000000        0x0 binaries/lflcontrol.o
 .note.GNU-stack
                0x0000000000000000        0x0 binaries/lflgetc.o
 .note.GNU-stack
                0x0000000000000000        0x0 binaries/lflinit.o
 .note.GNU-stack
                0x0000000000000000        0x0 binaries/lflputc.o
 .note.GNU-stack
                0x0000000000000000        0x0 binaries/lflread.o
 .note.GNU-stack
                0x0000000000000000        0x0 binaries/lflseek.o
 .note.GNU-stack
                0x0000000000000000        0x0 binaries/lflwrite.o
 .note.GNU-stack
                0x0000000000000000        0x0 binaries/lfsckfmt.o
 .note.GNU-stack
                0x0000000000000000        0x0 binaries/lfscreate.o
 .note.GNU-stack
                0x0000000000000000        0x0 binaries/lfsetup.o
 .note.GNU-stack
                0x0000000000000000        0x0 binaries/lfsinit.o
 .note.GNU-stack
                0x0000000000000000        0x0 binaries/lfsopen.o
 .note.GNU-stack
                0x0000000000000000        0x0 binaries/lftruncate.o
 .note.GNU-stack
                0x0000000000000000        0x0 binaries/rflclose.o
 .note.GNU-stack
                0x0000000000000000        0x0 binaries/rflgetc.o
 .note.GNU-stack
                0x0000000000000000        0x0 binaries/rflinit.o
 .note.GNU-stack
                0x0000000000000000        0x0 binaries/rflputc.o
 .note.GNU-stack
                0x0000000000000000        0x0 binaries/rflread.o
 .note.GNU-stack
                0x0000000000000000        0x0 binaries/rflseek.o
 .note.GNU-stack
                0x0000000000000000        0x0 binaries/rflwrite.o
 .note.GNU-stack
                0x0000000000000000        0x0 binaries/rfscomm.o
 .note.GNU-stack
                0x0000000000000000        0x0 binaries/rfscontrol.o
 .note.GNU-stack
                0x0000000000000000        0x0 binaries/rfsgetmode.o
 .note.GNU-stack
                0x0000000000000000        0x0 binaries/rfsinit.o
 .note.GNU-stack
                0x0000000000000000        0x0 binaries/rfsndmsg.o
 .note.GNU-stack
                0x0000000000000000        0x0 binaries/rfsopen.o
 .note.GNU-stack
                0x0000000000000000        0x0 binaries/arp.o
 .note.GNU-stack
                0x0000000000000000        0x0 binaries/dhcp.o
 .note.GNU-stack
                0x0000000000000000        0x0 binaries/dot2ip.o
 .note.GNU-stack
                0x0000000000000000        0x0 binaries/hexdump.o
 .note.GNU-stack
                0x0000000000000000        0x0 binaries/icmp.o
 .note.GNU-stack
                0x0000000000000000        0x0 binaries/ip.o
 .note.GNU-stack
                0x0000000000000000        0x0 binaries/net.o
 .note.GNU-stack
                0x0000000000000000        0x0 binaries/netstart.o
 .note.GNU-stack
                0x0000000000000000        0x0 binaries/pdump.o
 .note.GNU-stack
                0x0000000000000000        0x0 binaries/tftp.o
 .note.GNU-stack
                0x0000000000000000        0x0 binaries/udp.o
 .note.GNU-stack
                0x0000000000000000        0x0 binaries/addargs.o
 .note.GNU-stack
                0x0000000000000000        0x0 binaries/lexan.o
 .note.GNU-stack
                0x0000000000000000        0x0 binaries/shell.o
 .note.GNU-stack
                0x0000000000000000        0x0 binaries/xsh_argecho.o
 .note.GNU-stack
                0x0000000000000000        0x0 binaries/xsh_arp.o
 .note.GNU-stack
                0x0000000000000000        0x0 binaries/xsh_cat.o
 .note.GNU-stack
                0x0000000000000000        0x0 binaries/xsh_clear.o
 .note.GNU-stack
                0x0000000000000000        0x0 binaries/xsh_date.o
 .note.GNU-stack
                0x0000000000000000        0x0 binaries/xsh_devdump.o
 .note.GNU-stack
                0x0000000000000000        0x0 binaries/xsh_echo.o
 .note.GNU-stack
                0x0000000000000000        0x0 binaries/xsh_exit.o
 .note.GNU-stack
                0x0000000000000000        0x0 binaries/xsh_help.o
 .note.GNU-stack
                0x0000000000000000        0x0 binaries/xsh_ipaddr.o
 .note.GNU-stack
                0x0000000000000000        0x0 binaries/xsh_kill.o
 .note.GNU-stack
                0x0000000000000000        0x0 binaries/xsh_memdump.o
 .note.GNU-stack
                0x0000000000000000        0x0 binaries/xsh_memstat.o
 .note.GNU-stack
                0x0000000000000000        0x0 binaries/xsh_ping.o
 .note.GNU-stack
                0x0000000000000000        0x0 binaries/xsh_ps.o
 .note.GNU-stack
                0x0000000000000000        0x0 binaries/xsh_sleep.o
 .note.GNU-stack
                0x0000000000000000        0x0 binaries/xsh_udpdump.o
 .note.GNU-stack
                0x0000000000000000        0x0 binaries/xsh_udpecho.o
 .note.GNU-stack
                0x0000000000000000        0x0 binaries/xsh_udpeserver.o
 .note.GNU-stack
                0x0000000000000000        0x0 binaries/xsh_uptime.o
