
Allocating common symbols
Common symbol       size              file

netbufpool          0x4               binaries/net.o
readylist           0x2               binaries/ready.o
rfltab              0x5a0             binaries/rflinit.o
sleepq              0x2               binaries/clkinit.o
nnames              0x4               binaries/naminit.o
udptab              0x168             binaries/udp.o
qarray              0x78              binaries/initialize.o
minheap             0x4               binaries/meminit.o
marks               0x50              binaries/mark.o
currpid             0x4               binaries/initialize.o
Lf_data             0x20c             binaries/lfsinit.o
porttab             0x2d0             binaries/ptinit.o
girmask             0x2               binaries/evec.o
ttytab              0x10c             binaries/ttyinit.o
proctab             0x1770            binaries/initialize.o
prcount             0x4               binaries/initialize.o
lfltab              0xf00             binaries/lflinit.o
rdstab              0x8c              binaries/rdsinit.o
ethertab            0x138             binaries/ethinit.o
NetData             0xa8              binaries/net.o
nmarks              0x4               binaries/mark.o
Defer               0x8               binaries/resched.o
semtab              0x4b0             binaries/initialize.o
maxheap             0x4               binaries/meminit.o
preempt             0x4               binaries/clkinit.o
buftab              0xf0              binaries/bufinit.o
Rf_data             0x18              binaries/rfsinit.o
mkmutex             0x4               binaries/mark.o
clktime             0x4               binaries/clkinit.o
arpcache            0x140             binaries/arp.o
icmptab             0x230             binaries/icmp.o
nbpools             0x4               binaries/bufinit.o
queuetab            0xd40             binaries/queue.o
ptnextid            0x4               binaries/ptinit.o
Ram                 0x19000           binaries/raminit.o
ipoqueue            0x2c              binaries/ip.o
memlist             0x8               binaries/initialize.o
tsdtab              0x2d0             binaries/initialize.o
nametab             0x19a0            binaries/naminit.o
ptfree              0x4               binaries/ptinit.o

Memory Configuration

Name             Origin             Length             Attributes
*default*        0x0000000000000000 0xffffffffffffffff

Linker script and memory map

                0x0000000000100000                physbase = 0x100000
                0x0000000000100000                . = physbase
                0x0000000000100000                . = ALIGN (0x1000)

.text           0x0000000000100000    0x14000
                0x0000000000100000                text = ABSOLUTE (.)
 *(.text .text.*)
 .text          0x0000000000100000      0x1ac binaries/start.o
                0x0000000000100028                start
                0x00000000001000fa                inb
                0x0000000000100102                inw
                0x000000000010010b                inl
                0x0000000000100113                outb
                0x000000000010011d                outw
                0x0000000000100128                outl
                0x0000000000100132                _rtcin
                0x000000000010013d                ___udivsi3
                0x0000000000100148                ___divsi3
                0x0000000000100154                sbzero
                0x0000000000100164                bcopy
                0x0000000000100178                insw
                0x000000000010018e                outsw
                0x00000000001001a4                lidt
 .text          0x00000000001001ac      0x2f6 binaries/ascdate.o
                0x00000000001001ac                ascdate
 .text          0x00000000001004a2       0x10 binaries/bufinit.o
                0x00000000001004a2                bufinit
 .text          0x00000000001004b2       0x6a binaries/chprio.o
                0x00000000001004b2                chprio
 .text          0x000000000010051c       0x73 binaries/clkhandler.o
                0x000000000010051c                clkhandler
 .text          0x000000000010058f       0x76 binaries/clkinit.o
                0x000000000010058f                clkinit
 .text          0x0000000000100605       0x4e binaries/close.o
                0x0000000000100605                close
 .text          0x0000000000100653        0x0 binaries/conf.o
 .text          0x0000000000100653       0x66 binaries/control.o
                0x0000000000100653                control
 .text          0x00000000001006b9       0x97 binaries/cpuintensive.o
                0x00000000001006b9                cpuintensive
 .text          0x0000000000100750      0x224 binaries/create.o
                0x0000000000100750                create
 .text          0x0000000000100974      0x2b9 binaries/early_imr.o
                0x0000000000100974                intel_cln_early_sb_read_reg
                0x00000000001009db                intel_cln_early_sb_write_reg
                0x0000000000100aeb                remove_irm_protections
 .text          0x0000000000100c2d      0x376 binaries/evec.o
                0x0000000000100c2d                setirmask
                0x0000000000100c6b                set_evec
                0x0000000000100cc8                initevec
                0x0000000000100dd8                trap
 .text          0x0000000000100fa3       0x67 binaries/freebuf.o
                0x0000000000100fa3                freebuf
 .text          0x000000000010100a       0xeb binaries/freemem.o
                0x000000000010100a                freemem
 .text          0x00000000001010f5       0x64 binaries/getbuf.o
                0x00000000001010f5                getbuf
 .text          0x0000000000101159       0x4e binaries/getc.o
                0x0000000000101159                getc
 .text          0x00000000001011a7       0x60 binaries/getdev.o
                0x00000000001011a7                getdev
 .text          0x0000000000101207       0x83 binaries/getitem.o
                0x0000000000101207                getitem
                0x0000000000101233                getfirst
                0x000000000010125c                getlast
 .text          0x000000000010128a       0xb2 binaries/getmem.o
                0x000000000010128a                getmem
 .text          0x000000000010133c        0x6 binaries/getpid.o
                0x000000000010133c                getpid
 .text          0x0000000000101342       0x5c binaries/getprio.o
                0x0000000000101342                getprio
 .text          0x000000000010139e       0x9a binaries/getstk.o
                0x000000000010139e                getstk
 .text          0x0000000000101438       0x34 binaries/gettime.o
                0x0000000000101438                gettime
 .text          0x000000000010146c      0x1b8 binaries/getutime.o
                0x000000000010146c                getutime
 .text          0x0000000000101624       0x4e binaries/init.o
                0x0000000000101624                init
 .text          0x0000000000101672      0x4da binaries/initialize.o
                0x0000000000101672                nulluser
                0x0000000000101b04                stop
                0x0000000000101b29                delay
 .text          0x0000000000101b4c       0xa0 binaries/insert.o
                0x0000000000101b4c                insert
 .text          0x0000000000101bec       0xe9 binaries/insertd.o
                0x0000000000101bec                insertd
 .text          0x0000000000101cd5        0x6 binaries/ioerr.o
                0x0000000000101cd5                ioerr
 .text          0x0000000000101cdb       0x73 binaries/iointensive.o
                0x0000000000101cdb                iointensive
 .text          0x0000000000101d4e        0x6 binaries/ionull.o
                0x0000000000101d4e                ionull
 .text          0x0000000000101d54      0x13a binaries/kill.o
                0x0000000000101d54                kill
 .text          0x0000000000101e8e       0xb8 binaries/kprintf.o
                0x0000000000101e8e                kputc
                0x0000000000101ebd                console_init
                0x0000000000101efc                kgetc
                0x0000000000101f1e                kprintf
 .text          0x0000000000101f46      0x144 binaries/main.o
                0x0000000000101f46                main
 .text          0x000000000010208a       0x93 binaries/mark.o
                0x000000000010208a                markinit
                0x00000000001020ac                mark
 .text          0x000000000010211d      0x1d1 binaries/meminit.o
                0x000000000010211d                meminit
                0x0000000000102277                setsegs
 .text          0x00000000001022ee      0x117 binaries/mkbufpool.o
                0x00000000001022ee                mkbufpool
 .text          0x0000000000102405       0x3e binaries/multilevelfbq.o
                0x0000000000102405                multileveldq
 .text          0x0000000000102443       0x5e binaries/newqueue.o
                0x0000000000102443                newqueue
 .text          0x00000000001024a1       0x5e binaries/open.o
                0x00000000001024a1                open
 .text          0x00000000001024ff       0x1e binaries/panic.o
                0x00000000001024ff                panic
 .text          0x000000000010251d      0x26e binaries/pci.o
                0x000000000010251d                pci_init
                0x0000000000102523                find_pci_device
                0x00000000001025d9                pci_read_config_byte
                0x0000000000102614                pci_read_config_word
                0x0000000000102651                pci_read_config_dword
                0x000000000010268c                pci_write_config_byte
                0x00000000001026c5                pci_write_config_word
                0x00000000001026ff                pci_write_config_dword
                0x0000000000102738                pci_get_dev_mmio_base_addr
 .text          0x000000000010278b       0x59 binaries/platinit.o
                0x000000000010278b                platinit
 .text          0x00000000001027e4       0xa3 binaries/ptclear.o
                0x00000000001027e4                _ptclear
 .text          0x0000000000102887       0x6e binaries/ptcount.o
                0x0000000000102887                ptcount
 .text          0x00000000001028f5       0xc0 binaries/ptcreate.o
                0x00000000001028f5                ptcreate
 .text          0x00000000001029b5       0x66 binaries/ptdelete.o
                0x00000000001029b5                ptdelete
 .text          0x0000000000102a1b       0x89 binaries/ptinit.o
                0x0000000000102a1b                ptinit
 .text          0x0000000000102aa4       0xb5 binaries/ptrecv.o
                0x0000000000102aa4                ptrecv
 .text          0x0000000000102b59       0x60 binaries/ptreset.o
                0x0000000000102b59                ptreset
 .text          0x0000000000102bb9       0xd0 binaries/ptsend.o
                0x0000000000102bb9                ptsend
 .text          0x0000000000102c89       0x5d binaries/putc.o
                0x0000000000102c89                putc
 .text          0x0000000000102ce6       0xd5 binaries/quark_irq.o
                0x0000000000102ce6                quark_irq_routing
 .text          0x0000000000102dbb      0x1c9 binaries/quark_pdat.o
                0x0000000000102dbb                get_quark_pdat_entry_data_by_id
                0x0000000000102e9c                get_quark_pdat_entry_data_by_desc
 .text          0x0000000000102f84       0xb3 binaries/queue.o
                0x0000000000102f84                enqueue
                0x0000000000102ff0                dequeue
 .text          0x0000000000103037       0x5e binaries/read.o
                0x0000000000103037                read
 .text          0x0000000000103095       0x6b binaries/ready.o
                0x0000000000103095                ready
 .text          0x0000000000103100       0x51 binaries/receive.o
                0x0000000000103100                receive
 .text          0x0000000000103151       0x42 binaries/recvclr.o
                0x0000000000103151                recvclr
 .text          0x0000000000103193       0x99 binaries/recvtime.o
                0x0000000000103193                recvtime
 .text          0x000000000010322c      0x19a binaries/resched.o
                0x000000000010322c                resched
                0x0000000000103353                resched_cntl
 .text          0x00000000001033c6       0x87 binaries/resume.o
                0x00000000001033c6                resume
 .text          0x000000000010344d       0x56 binaries/seek.o
                0x000000000010344d                seek
 .text          0x00000000001034a3       0x47 binaries/semcount.o
                0x00000000001034a3                semcount
 .text          0x00000000001034ea       0x8d binaries/semcreate.o
                0x00000000001034ea                semcreate
 .text          0x0000000000103577       0xa8 binaries/semdelete.o
                0x0000000000103577                semdelete
 .text          0x000000000010361f       0x95 binaries/semreset.o
                0x000000000010361f                semreset
 .text          0x00000000001036b4       0xb4 binaries/send.o
                0x00000000001036b4                send
 .text          0x0000000000103768       0x7c binaries/signal.o
                0x0000000000103768                signal
 .text          0x00000000001037e4       0xa8 binaries/signaln.o
                0x00000000001037e4                signaln
 .text          0x000000000010388c       0xbc binaries/sleep.o
                0x000000000010388c                sleepms
                0x0000000000103916                sleep
 .text          0x0000000000103948      0x179 binaries/stacktrace.o
                0x0000000000103948                stacktrace
 .text          0x0000000000103ac1       0xb2 binaries/suspend.o
                0x0000000000103ac1                suspend
 .text          0x0000000000103b73       0xa8 binaries/unsleep.o
                0x0000000000103b73                unsleep
 .text          0x0000000000103c1b       0x14 binaries/userret.o
                0x0000000000103c1b                userret
 .text          0x0000000000103c2f       0x9f binaries/wait.o
                0x0000000000103c2f                wait
 .text          0x0000000000103cce       0x71 binaries/wakeup.o
                0x0000000000103cce                wakeup
 .text          0x0000000000103d3f       0x5e binaries/write.o
                0x0000000000103d3f                write
 .text          0x0000000000103d9d       0x18 binaries/xdone.o
                0x0000000000103d9d                xdone
 .text          0x0000000000103db5       0x22 binaries/yield.o
                0x0000000000103db5                yield
 .text          0x0000000000103dd7        0xe binaries/abs.o
                0x0000000000103dd7                abs
 .text          0x0000000000103de5       0x70 binaries/atoi.o
                0x0000000000103de5                atoi
 .text          0x0000000000103e55       0x70 binaries/atol.o
                0x0000000000103e55                atol
 .text          0x0000000000103ec5       0x18 binaries/bzero.o
                0x0000000000103ec5                bzero
 .text          0x0000000000103edd        0x0 binaries/ctype_.o
 .text          0x0000000000103edd      0x716 binaries/doprnt.o
                0x000000000010402b                _doprnt
 .text          0x00000000001045f3      0x631 binaries/doscan.o
                0x00000000001045f3                _doscan
 .text          0x0000000000104c24      0x70a binaries/fdoprnt.o
                0x0000000000104ca4                _fdoprnt
 .text          0x000000000010532e       0x1c binaries/fgetc.o
                0x000000000010532e                fgetc
 .text          0x000000000010534a       0x5e binaries/fgets.o
                0x000000000010534a                fgets
 .text          0x00000000001053a8       0x30 binaries/fprintf.o
                0x00000000001053a8                fprintf
 .text          0x00000000001053d8       0x29 binaries/fputc.o
                0x00000000001053d8                fputc
 .text          0x0000000000105401       0x3a binaries/fputs.o
                0x0000000000105401                fputs
 .text          0x000000000010543b       0x7a binaries/fscanf.o
                0x0000000000105472                fscanf
 .text          0x00000000001054b5       0x27 binaries/getchar.o
                0x00000000001054b5                getchar
 .text          0x00000000001054dc        0xe binaries/labs.o
                0x00000000001054dc                labs
 .text          0x00000000001054ea       0x32 binaries/memchr.o
                0x00000000001054ea                memchr
 .text          0x000000000010551c       0x4a binaries/memcmp.o
                0x000000000010551c                memcmp
 .text          0x0000000000105566       0x25 binaries/memcpy.o
                0x0000000000105566                memcpy
 .text          0x000000000010558b       0x1e binaries/memset.o
                0x000000000010558b                memset
 .text          0x00000000001055a9       0x44 binaries/printf.o
                0x00000000001055a9                printf
 .text          0x00000000001055ed       0x2f binaries/putchar.o
                0x00000000001055ed                putchar
 .text          0x000000000010561c      0x1cb binaries/qsort.o
                0x00000000001057bc                qsort
 .text          0x00000000001057e7       0x44 binaries/rand.o
                0x00000000001057e7                srand
                0x00000000001057f1                rand
 .text          0x000000000010582b       0x55 binaries/sprintf.o
                0x0000000000105842                sprintf
 .text          0x0000000000105880       0x6c binaries/sscanf.o
                0x00000000001058a9                sscanf
 .text          0x00000000001058ec       0x33 binaries/strchr.o
                0x00000000001058ec                strchr
 .text          0x000000000010591f       0x43 binaries/strcmp.o
                0x000000000010591f                strcmp
 .text          0x0000000000105962       0x1a binaries/strcpy.o
                0x0000000000105962                strcpy
 .text          0x000000000010597c       0x1c binaries/strlen.o
                0x000000000010597c                strlen
 .text          0x0000000000105998       0x3b binaries/strncat.o
                0x0000000000105998                strncat
 .text          0x00000000001059d3       0x3a binaries/strncmp.o
                0x00000000001059d3                strncmp
 .text          0x0000000000105a0d       0x58 binaries/strncpy.o
                0x0000000000105a0d                strncpy
 .text          0x0000000000105a65       0x2e binaries/strnlen.o
                0x0000000000105a65                strnlen
 .text          0x0000000000105a93       0x30 binaries/strrchr.o
                0x0000000000105a93                strrchr
 .text          0x0000000000105ac3       0x6e binaries/strstr.o
                0x0000000000105ac3                strstr
 .text          0x0000000000105b31       0xbb binaries/ttycontrol.o
                0x0000000000105b31                ttycontrol
 .text          0x0000000000105bec       0x7b binaries/ttygetc.o
                0x0000000000105bec                ttygetc
 .text          0x0000000000105c67      0x469 binaries/ttyhandle_in.o
                0x0000000000105d1c                ttyhandle_in
 .text          0x00000000001060d0      0x164 binaries/ttyhandle_out.o
                0x00000000001060d0                ttyhandle_out
 .text          0x0000000000106234       0x83 binaries/ttyhandler.o
                0x0000000000106234                ttyhandler
 .text          0x00000000001062b7      0x14e binaries/ttyinit.o
                0x00000000001062b7                ttyinit
 .text          0x0000000000106405        0xc binaries/ttykickout.o
                0x0000000000106405                ttykickout
 .text          0x0000000000106411       0x93 binaries/ttyputc.o
                0x0000000000106411                ttyputc
 .text          0x00000000001064a4       0xe2 binaries/ttyread.o
                0x00000000001064a4                ttyread
 .text          0x0000000000106586       0x4d binaries/ttywrite.o
                0x0000000000106586                ttywrite
 .text          0x00000000001065d3      0x10d binaries/mount.o
                0x00000000001065d3                namlen
                0x000000000010660b                mount
 .text          0x00000000001066e0      0x1d5 binaries/naminit.o
                0x00000000001066e0                naminit
 .text          0x00000000001068b5      0x203 binaries/nammap.o
                0x00000000001068b5                namrepl
                0x00000000001069c8                namcpy
                0x0000000000106a15                nammap
 .text          0x0000000000106ab8       0x58 binaries/namopen.o
                0x0000000000106ab8                namopen
 .text          0x0000000000106b10       0xd0 binaries/colon2mac.o
                0x0000000000106b10                colon2mac
 .text          0x0000000000106be0       0x7b binaries/ethcontrol.o
                0x0000000000106be0                ethcontrol
 .text          0x0000000000106c5b       0xfa binaries/ethhandler.o
                0x0000000000106c5b                ethhandler
 .text          0x0000000000106d55      0x4cf binaries/ethinit.o
                0x0000000000106d55                eth_phy_read
                0x0000000000106d94                eth_phy_write
                0x0000000000106dd6                eth_phy_reset
                0x0000000000106ed2                ethinit
 .text          0x0000000000107224      0x11a binaries/ethmcast.o
                0x0000000000107224                ethmcast_add
                0x0000000000107277                ethmcast_remove
 .text          0x000000000010733e      0x156 binaries/ethread.o
                0x000000000010733e                ethread
 .text          0x0000000000107494       0xa3 binaries/ethwrite.o
                0x0000000000107494                ethwrite
 .text          0x0000000000107537       0x62 binaries/rdsbufalloc.o
                0x0000000000107537                rdsbufalloc
 .text          0x0000000000107599       0x7f binaries/rdsclose.o
                0x0000000000107599                rdsclose
 .text          0x0000000000107618      0x200 binaries/rdscomm.o
                0x0000000000107618                rdscomm
 .text          0x0000000000107818      0x194 binaries/rdscontrol.o
                0x0000000000107818                rdscontrol
 .text          0x00000000001079ac      0x17e binaries/rdsinit.o
                0x00000000001079ac                rdsinit
 .text          0x0000000000107b2a      0x15f binaries/rdsopen.o
                0x0000000000107b2a                rdsopen
 .text          0x0000000000107c89      0x2d8 binaries/rdsprocess.o
                0x0000000000107c89                rdsprocess
 .text          0x0000000000107f61      0x18a binaries/rdsread.o
                0x0000000000107f61                rdsread
 .text          0x00000000001080eb      0x141 binaries/rdswrite.o
                0x00000000001080eb                rdswrite
 .text          0x000000000010822c        0x6 binaries/ramclose.o
                0x000000000010822c                ramclose
 .text          0x0000000000108232       0x44 binaries/raminit.o
                0x0000000000108232                raminit
 .text          0x0000000000108276        0x7 binaries/ramopen.o
                0x0000000000108276                ramopen
 .text          0x000000000010827d       0x30 binaries/ramread.o
                0x000000000010827d                ramread
 .text          0x00000000001082ad       0x30 binaries/ramwrite.o
                0x00000000001082ad                ramwrite
 .text          0x00000000001082dd       0x91 binaries/lfdballoc.o
                0x00000000001082dd                lfdballoc
 .text          0x000000000010836e       0x5d binaries/lfdbfree.o
                0x000000000010836e                lfdbfree
 .text          0x00000000001083cb       0xaa binaries/lfflush.o
                0x00000000001083cb                lfflush
 .text          0x0000000000108475       0x7a binaries/lfgetmode.o
                0x0000000000108475                lfgetmode
 .text          0x00000000001084ef       0x68 binaries/lfiballoc.o
                0x00000000001084ef                lfiballoc
 .text          0x0000000000108557       0x25 binaries/lfibclear.o
                0x0000000000108557                lfibclear
 .text          0x000000000010857c       0x7a binaries/lfibget.o
                0x000000000010857c                lfibget
 .text          0x00000000001085f6       0xa0 binaries/lfibput.o
                0x00000000001085f6                lfibput
 .text          0x0000000000108696       0x76 binaries/lflclose.o
                0x0000000000108696                lflclose
 .text          0x000000000010870c       0xa2 binaries/lflcontrol.o
                0x000000000010870c                lflcontrol
 .text          0x00000000001087ae       0x9e binaries/lflgetc.o
                0x00000000001087ae                lflgetc
 .text          0x000000000010884c       0xb8 binaries/lflinit.o
                0x000000000010884c                lflinit
 .text          0x0000000000108904       0xba binaries/lflputc.o
                0x0000000000108904                lflputc
 .text          0x00000000001089be       0x6a binaries/lflread.o
                0x00000000001089be                lflread
 .text          0x0000000000108a28       0x82 binaries/lflseek.o
                0x0000000000108a28                lflseek
 .text          0x0000000000108aaa       0x56 binaries/lflwrite.o
                0x0000000000108aaa                lflwrite
 .text          0x0000000000108b00      0x129 binaries/lfsckfmt.o
                0x0000000000108b00                lfsckfmt
 .text          0x0000000000108c29      0x1d9 binaries/lfscreate.o
                0x0000000000108c29                lfscreate
 .text          0x0000000000108e02      0x1aa binaries/lfsetup.o
                0x0000000000108e02                lfsetup
 .text          0x0000000000108fac       0x51 binaries/lfsinit.o
                0x0000000000108fac                lfsinit
 .text          0x0000000000108ffd      0x2ad binaries/lfsopen.o
                0x0000000000108ffd                lfsopen
 .text          0x00000000001092aa      0x11c binaries/lftruncate.o
                0x00000000001092aa                lftruncate
 .text          0x00000000001093c6       0x5a binaries/rflclose.o
                0x00000000001093c6                rflclose
 .text          0x0000000000109420       0x34 binaries/rflgetc.o
                0x0000000000109420                rflgetc
 .text          0x0000000000109454       0x4b binaries/rflinit.o
                0x0000000000109454                rflinit
 .text          0x000000000010949f       0x3a binaries/rflputc.o
                0x000000000010949f                rflputc
 .text          0x00000000001094d9      0x296 binaries/rflread.o
                0x00000000001094d9                rflread
 .text          0x000000000010976f       0x60 binaries/rflseek.o
                0x000000000010976f                rflseek
 .text          0x00000000001097cf      0x2b3 binaries/rflwrite.o
                0x00000000001097cf                rflwrite
 .text          0x0000000000109a82      0x17f binaries/rfscomm.o
                0x0000000000109a82                rfscomm
 .text          0x0000000000109c01      0x24a binaries/rfscontrol.o
                0x0000000000109c01                rfscontrol
 .text          0x0000000000109e4b       0x7a binaries/rfsgetmode.o
                0x0000000000109e4b                rfsgetmode
 .text          0x0000000000109ec5       0x76 binaries/rfsinit.o
                0x0000000000109ec5                rfsinit
 .text          0x0000000000109f3b       0xbb binaries/rfsndmsg.o
                0x0000000000109f3b                rfsndmsg
 .text          0x0000000000109ff6      0x229 binaries/rfsopen.o
                0x0000000000109ff6                rfsopen
 .text          0x000000000010a21f      0x64d binaries/arp.o
                0x000000000010a21f                arp_init
                0x000000000010a237                arp_alloc
                0x000000000010a2e7                arp_ntoh
                0x000000000010a351                arp_hton
                0x000000000010a3bb                arp_resolve
                0x000000000010a63a                arp_in
 .text          0x000000000010a86c      0x614 binaries/dhcp.o
                0x000000000010a86c                dhcp_get_opt_val
                0x000000000010a8bf                dhcp_bld_bootp_msg
                0x000000000010a9bf                dhcp_bld_disc
                0x000000000010aa11                dhcp_bld_req
                0x000000000010aaaf                getlocalip
 .text          0x000000000010ae80       0xcb binaries/dot2ip.o
                0x000000000010ae80                dot2ip
 .text          0x000000000010af4b      0x366 binaries/hexdump.o
                0x000000000010af4b                hexdump
                0x000000000010b07a                hexadump
 .text          0x000000000010b2b1      0x5ef binaries/icmp.o
                0x000000000010b2b1                icmp_init
                0x000000000010b2c9                icmp_register
                0x000000000010b37b                icmp_recv
                0x000000000010b4d0                icmp_mkpkt
                0x000000000010b5aa                icmp_in
                0x000000000010b6e2                icmp_send
                0x000000000010b75e                icmp_release
                0x000000000010b81a                icmp_cksum
                0x000000000010b878                icmp_hton
                0x000000000010b88c                icmp_ntoh
 .text          0x000000000010b8a0      0x567 binaries/ip.o
                0x000000000010b8a0                ip_local
                0x000000000010b8d4                ipcksum
                0x000000000010b925                ip_ntoh
                0x000000000010b98f                ip_in
                0x000000000010ba84                ip_hton
                0x000000000010baee                ip_out
                0x000000000010bba2                ip_send
                0x000000000010bc9f                ipout
                0x000000000010bd7b                ip_enqueue
 .text          0x000000000010be07      0x1d3 binaries/net.o
                0x000000000010be07                net_init
                0x000000000010bf42                eth_hton
                0x000000000010bf4c                eth_ntoh
                0x000000000010bf56                netin
 .text          0x000000000010bfda       0xd3 binaries/netstart.o
                0x000000000010bfda                netstart
 .text          0x000000000010c0ad      0xb3f binaries/pdump.o
                0x000000000010c0ad                pdump
                0x000000000010c71a                pdumph
 .text          0x000000000010cbec      0x5db binaries/tftp.o
                0x000000000010cbec                tftp_send1
                0x000000000010cd1f                tftpget_mb
                0x000000000010d18a                tftpget
 .text          0x000000000010d1c7      0x7d8 binaries/udp.o
                0x000000000010d1c7                udp_init
                0x000000000010d204                udp_in
                0x000000000010d2bd                udp_register
                0x000000000010d3ab                udp_recv
                0x000000000010d4c2                udp_recvaddr
                0x000000000010d5f0                udp_send
                0x000000000010d76b                udp_sendto
                0x000000000010d8bb                udp_release
                0x000000000010d977                udp_ntoh
                0x000000000010d98b                udp_hton
 .text          0x000000000010d99f      0x104 binaries/addargs.o
                0x000000000010d99f                addargs
 .text          0x000000000010daa3      0x1f8 binaries/lexan.o
                0x000000000010daa3                lexan
 .text          0x000000000010dc9b      0x63d binaries/shell.o
                0x000000000010dc9b                shell
 .text          0x000000000010e2d8       0x5b binaries/xsh_argecho.o
                0x000000000010e2d8                xsh_argecho
 .text          0x000000000010e333      0x1d6 binaries/xsh_arp.o
                0x000000000010e333                xsh_arp
 .text          0x000000000010e509      0x219 binaries/xsh_cat.o
                0x000000000010e509                xsh_cat
 .text          0x000000000010e722       0x58 binaries/xsh_clear.o
                0x000000000010e722                xsh_clear
 .text          0x000000000010e77a      0x2bf binaries/xsh_date.o
                0x000000000010e77a                xsh_date
 .text          0x000000000010ea39       0x8f binaries/xsh_devdump.o
                0x000000000010ea39                xsh_devdump
 .text          0x000000000010eac8       0x60 binaries/xsh_echo.o
                0x000000000010eac8                xsh_echo
 .text          0x000000000010eb28        0x6 binaries/xsh_exit.o
                0x000000000010eb28                xsh_exit
 .text          0x000000000010eb2e      0x329 binaries/xsh_help.o
                0x000000000010eb2e                xsh_help
 .text          0x000000000010ee57      0x42d binaries/xsh_ipaddr.o
                0x000000000010ee57                xsh_ipaddr
 .text          0x000000000010f284      0x1f9 binaries/xsh_kill.o
                0x000000000010f284                xsh_kill
 .text          0x000000000010f47d      0x3fb binaries/xsh_memdump.o
                0x000000000010f533                xsh_memdump
 .text          0x000000000010f878      0x1fc binaries/xsh_memstat.o
                0x000000000010f878                xsh_memstat
 .text          0x000000000010fa74      0x320 binaries/xsh_ping.o
                0x000000000010fa74                xsh_ping
 .text          0x000000000010fd94      0x1fe binaries/xsh_ps.o
                0x000000000010fd94                xsh_ps
 .text          0x000000000010ff92      0x1e8 binaries/xsh_sleep.o
                0x000000000010ff92                xsh_sleep
 .text          0x000000000011017a      0x22c binaries/xsh_udpdump.o
                0x000000000011017a                xsh_udpdump
 .text          0x00000000001103a6      0x44e binaries/xsh_udpecho.o
                0x00000000001103a6                xsh_udpecho
 .text          0x00000000001107f4      0x287 binaries/xsh_udpeserver.o
                0x00000000001107f4                xsh_udpeserver
 .text          0x0000000000110a7b      0x1c6 binaries/xsh_uptime.o
                0x0000000000110a7b                xsh_uptime
 .text          0x0000000000110c41        0xe binaries/clkdisp.o
                0x0000000000110c41                clkdisp
 .text          0x0000000000110c4f       0x19 binaries/ctxsw.o
                0x0000000000110c4f                ctxsw
 .text          0x0000000000110c68      0x36b binaries/intr.o
                0x0000000000110c68                disable
                0x0000000000110c71                restore
                0x0000000000110c7f                enable
                0x0000000000110c81                pause
                0x0000000000110c88                halt
                0x0000000000110c8e                spurious_irq7
                0x0000000000110c93                spurious_irq15
                0x0000000000110ca2                _Xint0
                0x0000000000110cad                _Xint1
                0x0000000000110cb8                _Xint2
                0x0000000000110cc3                _Xint3
                0x0000000000110cce                _Xint4
                0x0000000000110cd9                _Xint5
                0x0000000000110ce4                _Xint6
                0x0000000000110cef                _Xint7
                0x0000000000110cfa                _Xint8
                0x0000000000110d05                _Xint9
                0x0000000000110d10                _Xint10
                0x0000000000110d1b                _Xint11
                0x0000000000110d29                _Xint12
                0x0000000000110d37                _Xint13
                0x0000000000110d45                _Xint14
                0x0000000000110d53                _Xint15
                0x0000000000110d61                _Xint16
                0x0000000000110d6f                _Xint17
                0x0000000000110d7d                _Xint18
                0x0000000000110d8b                _Xint19
                0x0000000000110d99                _Xint20
                0x0000000000110da7                _Xint21
                0x0000000000110db5                _Xint22
                0x0000000000110dc3                _Xint23
                0x0000000000110dd1                _Xint24
                0x0000000000110ddf                _Xint25
                0x0000000000110ded                _Xint26
                0x0000000000110dfb                _Xint27
                0x0000000000110e09                _Xint28
                0x0000000000110e17                _Xint29
                0x0000000000110e25                _Xint30
                0x0000000000110e33                _Xint31
                0x0000000000110e41                _Xint32
                0x0000000000110e4f                _Xint33
                0x0000000000110e5d                _Xint34
                0x0000000000110e6b                _Xint35
                0x0000000000110e79                _Xint36
                0x0000000000110e87                _Xint37
                0x0000000000110e95                _Xint38
                0x0000000000110ea3                _Xint39
                0x0000000000110eb1                _Xint40
                0x0000000000110ebf                _Xint41
                0x0000000000110ecd                _Xint42
                0x0000000000110edb                _Xint43
                0x0000000000110ee9                _Xint44
                0x0000000000110ef7                _Xint45
                0x0000000000110f05                _Xint46
                0x0000000000110f13                defevec
 .text          0x0000000000110fd3        0xf binaries/ttydispatch.o
                0x0000000000110fd3                ttydispatch
 .text          0x0000000000110fe2       0x13 binaries/ethdispatch.o
                0x0000000000110fe2                ethdispatch
 *(.rodata .rodata.*)
 .rodata.str1.1
                0x0000000000110ff5       0x54 binaries/ascdate.o
 *fill*         0x0000000000111049        0x3 
 .rodata.str1.4
                0x000000000011104c       0x22 binaries/ascdate.o
 .rodata.str1.1
                0x000000000011106e       0x5f binaries/conf.o
 *fill*         0x00000000001110cd        0x3 
 .rodata.str1.4
                0x00000000001110d0       0x44 binaries/cpuintensive.o
 .rodata.str1.1
                0x0000000000111114        0x7 binaries/create.o
 *fill*         0x000000000011111b        0x1 
 .rodata.str1.4
                0x000000000011111c       0x4f binaries/early_imr.o
 .rodata        0x000000000011116b       0x30 binaries/early_imr.o
 .rodata.str1.1
                0x000000000011119b      0x20c binaries/evec.o
 *fill*         0x00000000001113a7        0x1 
 .rodata.str1.4
                0x00000000001113a8       0x23 binaries/evec.o
 .rodata.str1.1
                0x00000000001113cb        0xb binaries/getutime.o
 *fill*         0x00000000001113d6        0x2 
 .rodata.str1.4
                0x00000000001113d8       0x54 binaries/getutime.o
 .rodata.str1.1
                0x000000000011142c       0xce binaries/initialize.o
                                         0xd9 (size before relaxing)
 *fill*         0x00000000001114fa        0x2 
 .rodata.str1.4
                0x00000000001114fc      0x28f binaries/initialize.o
 *fill*         0x000000000011178b        0x1 
 .rodata.str1.4
                0x000000000011178c       0x4c binaries/iointensive.o
 .rodata        0x00000000001117d8       0x20 binaries/kill.o
 .rodata.str1.4
                0x00000000001117f8       0x35 binaries/main.o
 .rodata.str1.1
                0x000000000011182d       0x12 binaries/main.o
 *fill*         0x000000000011183f        0x1 
 .rodata.str1.4
                0x0000000000111840       0x23 binaries/meminit.o
 .rodata.str1.1
                0x0000000000111863       0x1b binaries/meminit.o
 .rodata.str1.1
                0x000000000011187e        0xf binaries/panic.o
 .rodata.str1.1
                0x000000000011188d       0x1c binaries/ptinit.o
 *fill*         0x00000000001118a9        0x3 
 .rodata.str1.4
                0x00000000001118ac       0x25 binaries/ptsend.o
 .rodata.str1.1
                0x00000000001118d1       0x22 binaries/quark_pdat.o
 *fill*         0x00000000001118f3        0x1 
 .rodata.str1.4
                0x00000000001118f4       0x63 binaries/stacktrace.o
 .rodata.str1.1
                0x0000000000111957       0x52 binaries/stacktrace.o
 *fill*         0x00000000001119a9        0x3 
 .rodata.str1.4
                0x00000000001119ac       0x27 binaries/xdone.o
 *fill*         0x00000000001119d3        0xd 
 .rodata        0x00000000001119e0       0x81 binaries/ctype_.o
                0x00000000001119e0                _ctype_
 .rodata.str1.1
                0x0000000000111a61       0x29 binaries/doprnt.o
 *fill*         0x0000000000111a8a        0x2 
 .rodata        0x0000000000111a8c       0xc4 binaries/doprnt.o
 .rodata        0x0000000000111b50       0x98 binaries/doscan.o
 .rodata.str1.1
                0x0000000000000000       0x29 binaries/fdoprnt.o
 .rodata        0x0000000000111be8       0x84 binaries/fdoprnt.o
 .rodata        0x0000000000111c6c       0x20 binaries/ttycontrol.o
 .rodata.str1.4
                0x0000000000111c8c       0x4c binaries/naminit.o
 .rodata.str1.1
                0x0000000000111cd8       0x32 binaries/naminit.o
                                         0x35 (size before relaxing)
 .rodata.str1.1
                0x0000000000111d0a       0x15 binaries/ethinit.o
 *fill*         0x0000000000111d1f        0x1 
 .rodata.str1.4
                0x0000000000111d20       0x2e binaries/ethinit.o
 *fill*         0x0000000000111d4e        0x2 
 .rodata.str1.4
                0x0000000000111d50       0x2c binaries/rdsbufalloc.o
 .rodata.str1.4
                0x0000000000111d7c       0x76 binaries/rdscomm.o
 *fill*         0x0000000000111df2        0x2 
 .rodata.str1.4
                0x0000000000111df4       0x48 binaries/rdscontrol.o
 .rodata.str1.4
                0x0000000000111e3c       0x7e binaries/rdsinit.o
 .rodata.str1.1
                0x0000000000111eba       0x18 binaries/rdsinit.o
 *fill*         0x0000000000111ed2        0x2 
 .rodata.str1.4
                0x0000000000111ed4       0x22 binaries/rdsopen.o
 *fill*         0x0000000000111ef6        0x2 
 .rodata.str1.4
                0x0000000000111ef8       0x4d binaries/rdsprocess.o
 .rodata.str1.1
                0x0000000000111f45        0x9 binaries/raminit.o
 .rodata.str1.1
                0x0000000000111f4e       0x13 binaries/lfdballoc.o
 *fill*         0x0000000000111f61        0x3 
 .rodata.str1.4
                0x0000000000111f64       0x23 binaries/lfdballoc.o
 .rodata.str1.1
                0x0000000000111f87       0x14 binaries/lfiballoc.o
 *fill*         0x0000000000111f9b        0x1 
 .rodata.str1.4
                0x0000000000111f9c       0x23 binaries/lflcontrol.o
 .rodata.str1.1
                0x0000000000111fbf       0x64 binaries/lfsckfmt.o
 *fill*         0x0000000000112023        0x1 
 .rodata.str1.4
                0x0000000000112024       0x51 binaries/lfsckfmt.o
 *fill*         0x0000000000112075        0x3 
 .rodata.str1.4
                0x0000000000112078       0x21 binaries/rflread.o
 .rodata.str1.4
                0x0000000000000000       0x21 binaries/rflwrite.o
 *fill*         0x0000000000112099        0x3 
 .rodata.str1.4
                0x000000000011209c       0x75 binaries/rfscomm.o
 *fill*         0x0000000000112111        0x3 
 .rodata.str1.4
                0x0000000000112114       0x23 binaries/rfscontrol.o
 *fill*         0x0000000000112137        0x1 
 .rodata        0x0000000000112138       0x18 binaries/rfscontrol.o
 .rodata.str1.1
                0x0000000000000000       0x10 binaries/rfsinit.o
 .rodata.str1.4
                0x0000000000112150       0x57 binaries/rfsinit.o
 *fill*         0x00000000001121a7        0x1 
 .rodata.str1.4
                0x00000000001121a8       0x2a binaries/rfsndmsg.o
 .rodata.str1.4
                0x0000000000000000       0x22 binaries/rfsopen.o
 .rodata.str1.1
                0x00000000001121d2       0x19 binaries/arp.o
 *fill*         0x00000000001121eb        0x1 
 .rodata.str1.4
                0x00000000001121ec       0x21 binaries/arp.o
 *fill*         0x000000000011220d        0x3 
 .rodata.str1.4
                0x0000000000112210       0xa6 binaries/dhcp.o
 .rodata.str1.1
                0x00000000001122b6       0x4a binaries/dhcp.o
 .rodata.str1.1
                0x0000000000112300       0x5a binaries/hexdump.o
                                         0x61 (size before relaxing)
 *fill*         0x000000000011235a        0x2 
 .rodata.str1.4
                0x000000000011235c       0x67 binaries/hexdump.o
 *fill*         0x00000000001123c3        0x1 
 .rodata.str1.4
                0x00000000001123c4       0x29 binaries/icmp.o
 .rodata.str1.1
                0x00000000001123ed       0x4e binaries/ip.o
 *fill*         0x000000000011243b        0x1 
 .rodata.str1.4
                0x000000000011243c       0x20 binaries/ip.o
 .rodata.str1.4
                0x000000000011245c       0x28 binaries/net.o
 .rodata.str1.1
                0x0000000000112484       0x27 binaries/net.o
 *fill*         0x00000000001124ab        0x1 
 .rodata.str1.4
                0x00000000001124ac       0xcf binaries/netstart.o
 .rodata.str1.1
                0x000000000011257b      0x141 binaries/pdump.o
                                        0x14b (size before relaxing)
 .rodata.str1.4
                0x00000000001126bc      0x126 binaries/pdump.o
 *fill*         0x00000000001127e2        0x2 
 .rodata.str1.4
                0x00000000001127e4      0x148 binaries/tftp.o
 .rodata.str1.1
                0x000000000011292c        0x6 binaries/tftp.o
                                          0xa (size before relaxing)
 .rodata.str1.1
                0x0000000000112932       0xe3 binaries/shell.o
                                         0xff (size before relaxing)
 *fill*         0x0000000000112a15        0x3 
 .rodata.str1.4
                0x0000000000112a18      0x1c4 binaries/shell.o
 *fill*         0x0000000000112bdc        0x4 
 .rodata        0x0000000000112be0       0xfc binaries/shell.o
                0x0000000000112be0                cmdtab
 .rodata.str1.1
                0x0000000000112cdc       0x26 binaries/xsh_argecho.o
                                         0x28 (size before relaxing)
 .rodata.str1.1
                0x0000000000112d02       0x70 binaries/xsh_arp.o
                                         0x72 (size before relaxing)
 *fill*         0x0000000000112d72        0x2 
 .rodata.str1.4
                0x0000000000112d74       0xb4 binaries/xsh_arp.o
 .rodata.str1.1
                0x0000000000112e28       0x2d binaries/xsh_cat.o
                                         0x4f (size before relaxing)
 *fill*         0x0000000000112e55        0x3 
 .rodata.str1.4
                0x0000000000112e58       0x52 binaries/xsh_cat.o
                                         0x79 (size before relaxing)
 .rodata.str1.1
                0x0000000000112eaa       0x15 binaries/xsh_clear.o
 .rodata.str1.1
                0x0000000000112ebf       0x46 binaries/xsh_date.o
                                         0x5f (size before relaxing)
 *fill*         0x0000000000112f05        0x3 
 .rodata.str1.4
                0x0000000000112f08      0x163 binaries/xsh_date.o
 .rodata.str1.1
                0x000000000011306b       0x5d binaries/xsh_devdump.o
 .rodata.str1.1
                0x00000000001130c8        0x4 binaries/xsh_echo.o
                                          0x9 (size before relaxing)
 .rodata.str1.1
                0x00000000001130cc       0x65 binaries/xsh_help.o
                                         0xa3 (size before relaxing)
 *fill*         0x0000000000113131        0x3 
 .rodata.str1.4
                0x0000000000113134       0x7c binaries/xsh_help.o
                                         0xc6 (size before relaxing)
 .rodata.str1.1
                0x00000000001131b0       0x9c binaries/xsh_ipaddr.o
                                         0xf8 (size before relaxing)
 .rodata.str1.4
                0x000000000011324c       0x4d binaries/xsh_ipaddr.o
                                         0x99 (size before relaxing)
 .rodata.str1.1
                0x0000000000113299       0x78 binaries/xsh_kill.o
                                         0x97 (size before relaxing)
 *fill*         0x0000000000113311        0x3 
 .rodata.str1.4
                0x0000000000113314       0x4a binaries/xsh_kill.o
                                         0x96 (size before relaxing)
 .rodata.str1.1
                0x000000000011335e       0x84 binaries/xsh_memdump.o
                                         0xa8 (size before relaxing)
 *fill*         0x00000000001133e2        0x2 
 .rodata.str1.4
                0x00000000001133e4      0x15a binaries/xsh_memdump.o
                                        0x1aa (size before relaxing)
 .rodata.str1.1
                0x000000000011353e       0x40 binaries/xsh_memstat.o
                                         0x79 (size before relaxing)
 *fill*         0x000000000011357e        0x2 
 .rodata.str1.4
                0x0000000000113580      0x187 binaries/xsh_memstat.o
                                        0x1af (size before relaxing)
 .rodata.str1.1
                0x0000000000113707       0x90 binaries/xsh_ping.o
                                         0xaf (size before relaxing)
 *fill*         0x0000000000113797        0x1 
 .rodata.str1.4
                0x0000000000113798       0x77 binaries/xsh_ping.o
                                         0xc6 (size before relaxing)
 .rodata.str1.1
                0x000000000011380f       0x74 binaries/xsh_ps.o
                                         0xd5 (size before relaxing)
 *fill*         0x0000000000113883        0x1 
 .rodata.str1.4
                0x0000000000113884       0x80 binaries/xsh_ps.o
                                         0xd0 (size before relaxing)
 *fill*         0x0000000000113904       0x1c 
 .rodata        0x0000000000113920       0x20 binaries/xsh_ps.o
 .rodata.str1.1
                0x0000000000113940       0x31 binaries/xsh_sleep.o
                                         0x72 (size before relaxing)
 *fill*         0x0000000000113971        0x3 
 .rodata.str1.4
                0x0000000000113974       0x2a binaries/xsh_sleep.o
                                         0x7a (size before relaxing)
 .rodata.str1.1
                0x000000000011399e       0x6b binaries/xsh_udpdump.o
                                         0xd2 (size before relaxing)
 *fill*         0x0000000000113a09        0x3 
 .rodata.str1.4
                0x0000000000113a0c       0x94 binaries/xsh_udpdump.o
                                         0xe4 (size before relaxing)
 .rodata.str1.1
                0x0000000000113aa0       0xdb binaries/xsh_udpecho.o
                                         0xfa (size before relaxing)
 *fill*         0x0000000000113b7b        0x1 
 .rodata.str1.4
                0x0000000000113b7c       0xc7 binaries/xsh_udpecho.o
                                        0x116 (size before relaxing)
 .rodata.str1.1
                0x0000000000113c43       0x66 binaries/xsh_udpeserver.o
                                         0x8f (size before relaxing)
 *fill*         0x0000000000113ca9        0x3 
 .rodata.str1.4
                0x0000000000113cac       0x29 binaries/xsh_udpeserver.o
                                         0x9f (size before relaxing)
 .rodata.str1.1
                0x0000000000113cd5       0x49 binaries/xsh_uptime.o
                                         0x8c (size before relaxing)
 *fill*         0x0000000000113d1e        0x2 
 .rodata.str1.4
                0x0000000000113d20       0x28 binaries/xsh_uptime.o
                                         0x76 (size before relaxing)
                0x0000000000113d48                etext = ABSOLUTE (.)
                0x0000000000114000                . = ALIGN (0x1000)
 *fill*         0x0000000000113d48      0x2b8 

.eh_frame       0x0000000000114000     0x320c
 .eh_frame      0x0000000000114000       0x58 binaries/ascdate.o
 .eh_frame      0x0000000000114058       0x14 binaries/bufinit.o
                                         0x2c (size before relaxing)
 .eh_frame      0x000000000011406c       0x34 binaries/chprio.o
                                         0x4c (size before relaxing)
 .eh_frame      0x00000000001140a0       0x18 binaries/clkhandler.o
                                         0x30 (size before relaxing)
 .eh_frame      0x00000000001140b8       0x18 binaries/clkinit.o
                                         0x30 (size before relaxing)
 .eh_frame      0x00000000001140d0       0x2c binaries/close.o
                                         0x44 (size before relaxing)
 .eh_frame      0x00000000001140fc       0x2c binaries/control.o
                                         0x44 (size before relaxing)
 .eh_frame      0x0000000000114128       0x3c binaries/cpuintensive.o
                                         0x54 (size before relaxing)
 .eh_frame      0x0000000000114164       0x40 binaries/create.o
                                         0x58 (size before relaxing)
 .eh_frame      0x00000000001141a4       0x98 binaries/early_imr.o
                                         0xb0 (size before relaxing)
 .eh_frame      0x000000000011423c       0x94 binaries/evec.o
                                         0xac (size before relaxing)
 .eh_frame      0x00000000001142d0       0x2c binaries/freebuf.o
                                         0x44 (size before relaxing)
 .eh_frame      0x00000000001142fc       0x3c binaries/freemem.o
                                         0x54 (size before relaxing)
 .eh_frame      0x0000000000114338       0x3c binaries/getbuf.o
                                         0x54 (size before relaxing)
 .eh_frame      0x0000000000114374       0x2c binaries/getc.o
                                         0x44 (size before relaxing)
 .eh_frame      0x00000000001143a0       0x3c binaries/getdev.o
                                         0x54 (size before relaxing)
 .eh_frame      0x00000000001143dc       0x4c binaries/getitem.o
                                         0x64 (size before relaxing)
 .eh_frame      0x0000000000114428       0x2c binaries/getmem.o
                                         0x44 (size before relaxing)
 .eh_frame      0x0000000000114454       0x14 binaries/getpid.o
                                         0x2c (size before relaxing)
 .eh_frame      0x0000000000114468       0x24 binaries/getprio.o
                                         0x3c (size before relaxing)
 .eh_frame      0x000000000011448c       0x3c binaries/getstk.o
                                         0x54 (size before relaxing)
 .eh_frame      0x00000000001144c8       0x18 binaries/gettime.o
                                         0x30 (size before relaxing)
 .eh_frame      0x00000000001144e0       0x24 binaries/getutime.o
                                         0x3c (size before relaxing)
 .eh_frame      0x0000000000114504       0x2c binaries/init.o
                                         0x44 (size before relaxing)
 .eh_frame      0x0000000000114530       0x50 binaries/initialize.o
                                         0x68 (size before relaxing)
 .eh_frame      0x0000000000114580       0x24 binaries/insert.o
                                         0x3c (size before relaxing)
 .eh_frame      0x00000000001145a4       0x38 binaries/insertd.o
                                         0x50 (size before relaxing)
 .eh_frame      0x00000000001145dc       0x14 binaries/ioerr.o
                                         0x2c (size before relaxing)
 .eh_frame      0x00000000001145f0       0x34 binaries/iointensive.o
                                         0x4c (size before relaxing)
 .eh_frame      0x0000000000114624       0x14 binaries/ionull.o
                                         0x2c (size before relaxing)
 .eh_frame      0x0000000000114638       0x40 binaries/kill.o
                                         0x58 (size before relaxing)
 .eh_frame      0x0000000000114678       0x58 binaries/kprintf.o
                                         0x70 (size before relaxing)
 .eh_frame      0x00000000001146d0       0x30 binaries/main.o
                                         0x48 (size before relaxing)
 .eh_frame      0x0000000000114700       0x3c binaries/mark.o
                                         0x54 (size before relaxing)
 .eh_frame      0x000000000011473c       0x58 binaries/meminit.o
                                         0x70 (size before relaxing)
 .eh_frame      0x0000000000114794       0x40 binaries/mkbufpool.o
                                         0x58 (size before relaxing)
 .eh_frame      0x00000000001147d4       0x18 binaries/multilevelfbq.o
                                         0x30 (size before relaxing)
 .eh_frame      0x00000000001147ec       0x14 binaries/newqueue.o
                                         0x2c (size before relaxing)
 .eh_frame      0x0000000000114800       0x2c binaries/open.o
                                         0x44 (size before relaxing)
 .eh_frame      0x000000000011482c       0x14 binaries/panic.o
                                         0x2c (size before relaxing)
 .eh_frame      0x0000000000114840       0xe0 binaries/pci.o
                                         0xf8 (size before relaxing)
 .eh_frame      0x0000000000114920       0x18 binaries/platinit.o
                                         0x30 (size before relaxing)
 .eh_frame      0x0000000000114938       0x3c binaries/ptclear.o
                                         0x54 (size before relaxing)
 .eh_frame      0x0000000000114974       0x34 binaries/ptcount.o
                                         0x4c (size before relaxing)
 .eh_frame      0x00000000001149a8       0x3c binaries/ptcreate.o
                                         0x54 (size before relaxing)
 .eh_frame      0x00000000001149e4       0x2c binaries/ptdelete.o
                                         0x44 (size before relaxing)
 .eh_frame      0x0000000000114a10       0x2c binaries/ptinit.o
                                         0x44 (size before relaxing)
 .eh_frame      0x0000000000114a3c       0x3c binaries/ptrecv.o
                                         0x54 (size before relaxing)
 .eh_frame      0x0000000000114a78       0x2c binaries/ptreset.o
                                         0x44 (size before relaxing)
 .eh_frame      0x0000000000114aa4       0x34 binaries/ptsend.o
                                         0x4c (size before relaxing)
 .eh_frame      0x0000000000114ad8       0x34 binaries/putc.o
                                         0x4c (size before relaxing)
 .eh_frame      0x0000000000114b0c       0x24 binaries/quark_irq.o
                                         0x3c (size before relaxing)
 .eh_frame      0x0000000000114b30       0x60 binaries/quark_pdat.o
                                         0x78 (size before relaxing)
 .eh_frame      0x0000000000114b90       0x34 binaries/queue.o
                                         0x4c (size before relaxing)
 .eh_frame      0x0000000000114bc4       0x2c binaries/read.o
                                         0x44 (size before relaxing)
 .eh_frame      0x0000000000114bf0       0x18 binaries/ready.o
                                         0x30 (size before relaxing)
 .eh_frame      0x0000000000114c08       0x34 binaries/receive.o
                                         0x4c (size before relaxing)
 .eh_frame      0x0000000000114c3c       0x20 binaries/recvclr.o
                                         0x38 (size before relaxing)
 .eh_frame      0x0000000000114c5c       0x3c binaries/recvtime.o
                                         0x54 (size before relaxing)
 .eh_frame      0x0000000000114c98       0x4c binaries/resched.o
                                         0x64 (size before relaxing)
 .eh_frame      0x0000000000114ce4       0x34 binaries/resume.o
                                         0x4c (size before relaxing)
 .eh_frame      0x0000000000114d18       0x2c binaries/seek.o
                                         0x44 (size before relaxing)
 .eh_frame      0x0000000000114d44       0x24 binaries/semcount.o
                                         0x3c (size before relaxing)
 .eh_frame      0x0000000000114d68       0x3c binaries/semcreate.o
                                         0x54 (size before relaxing)
 .eh_frame      0x0000000000114da4       0x2c binaries/semdelete.o
                                         0x44 (size before relaxing)
 .eh_frame      0x0000000000114dd0       0x3c binaries/semreset.o
                                         0x54 (size before relaxing)
 .eh_frame      0x0000000000114e0c       0x2c binaries/send.o
                                         0x44 (size before relaxing)
 .eh_frame      0x0000000000114e38       0x2c binaries/signal.o
                                         0x44 (size before relaxing)
 .eh_frame      0x0000000000114e64       0x34 binaries/signaln.o
                                         0x4c (size before relaxing)
 .eh_frame      0x0000000000114e98       0x44 binaries/sleep.o
                                         0x5c (size before relaxing)
 .eh_frame      0x0000000000114edc       0x40 binaries/stacktrace.o
                                         0x58 (size before relaxing)
 .eh_frame      0x0000000000114f1c       0x3c binaries/suspend.o
                                         0x54 (size before relaxing)
 .eh_frame      0x0000000000114f58       0x2c binaries/unsleep.o
                                         0x44 (size before relaxing)
 .eh_frame      0x0000000000114f84       0x18 binaries/userret.o
                                         0x30 (size before relaxing)
 .eh_frame      0x0000000000114f9c       0x34 binaries/wait.o
                                         0x4c (size before relaxing)
 .eh_frame      0x0000000000114fd0       0x18 binaries/wakeup.o
                                         0x30 (size before relaxing)
 .eh_frame      0x0000000000114fe8       0x2c binaries/write.o
                                         0x44 (size before relaxing)
 .eh_frame      0x0000000000115014       0x18 binaries/xdone.o
                                         0x30 (size before relaxing)
 .eh_frame      0x000000000011502c       0x20 binaries/yield.o
                                         0x38 (size before relaxing)
 .eh_frame      0x000000000011504c       0x14 binaries/abs.o
                                         0x2c (size before relaxing)
 .eh_frame      0x0000000000115060       0x24 binaries/atoi.o
                                         0x3c (size before relaxing)
 .eh_frame      0x0000000000115084       0x24 binaries/atol.o
                                         0x3c (size before relaxing)
 .eh_frame      0x00000000001150a8       0x14 binaries/bzero.o
                                         0x2c (size before relaxing)
 .eh_frame      0x00000000001150bc       0xd4 binaries/doprnt.o
                                         0xec (size before relaxing)
 .eh_frame      0x0000000000115190       0x40 binaries/doscan.o
                                         0x58 (size before relaxing)
 .eh_frame      0x00000000001151d0       0x7c binaries/fdoprnt.o
                                         0x94 (size before relaxing)
 .eh_frame      0x000000000011524c       0x18 binaries/fgetc.o
                                         0x30 (size before relaxing)
 .eh_frame      0x0000000000115264       0x3c binaries/fgets.o
                                         0x54 (size before relaxing)
 .eh_frame      0x00000000001152a0       0x18 binaries/fprintf.o
                                         0x30 (size before relaxing)
 .eh_frame      0x00000000001152b8       0x18 binaries/fputc.o
                                         0x30 (size before relaxing)
 .eh_frame      0x00000000001152d0       0x2c binaries/fputs.o
                                         0x44 (size before relaxing)
 .eh_frame      0x00000000001152fc       0x4c binaries/fscanf.o
                                         0x64 (size before relaxing)
 .eh_frame      0x0000000000115348       0x18 binaries/getchar.o
                                         0x30 (size before relaxing)
 .eh_frame      0x0000000000115360       0x14 binaries/labs.o
                                         0x2c (size before relaxing)
 .eh_frame      0x0000000000115374       0x14 binaries/memchr.o
                                         0x2c (size before relaxing)
 .eh_frame      0x0000000000115388       0x24 binaries/memcmp.o
                                         0x3c (size before relaxing)
 .eh_frame      0x00000000001153ac       0x24 binaries/memcpy.o
                                         0x3c (size before relaxing)
 .eh_frame      0x00000000001153d0       0x1c binaries/memset.o
                                         0x34 (size before relaxing)
 .eh_frame      0x00000000001153ec       0x18 binaries/printf.o
                                         0x30 (size before relaxing)
 .eh_frame      0x0000000000115404       0x18 binaries/putchar.o
                                         0x30 (size before relaxing)
 .eh_frame      0x000000000011541c       0xa8 binaries/qsort.o
                                         0xc0 (size before relaxing)
 .eh_frame      0x00000000001154c4       0x28 binaries/rand.o
                                         0x40 (size before relaxing)
 .eh_frame      0x00000000001154ec       0x3c binaries/sprintf.o
                                         0x54 (size before relaxing)
 .eh_frame      0x0000000000115528       0x40 binaries/sscanf.o
                                         0x58 (size before relaxing)
 .eh_frame      0x0000000000115568       0x1c binaries/strchr.o
                                         0x34 (size before relaxing)
 .eh_frame      0x0000000000115584       0x1c binaries/strcmp.o
                                         0x34 (size before relaxing)
 .eh_frame      0x00000000001155a0       0x14 binaries/strcpy.o
                                         0x2c (size before relaxing)
 .eh_frame      0x00000000001155b4       0x14 binaries/strlen.o
                                         0x2c (size before relaxing)
 .eh_frame      0x00000000001155c8       0x2c binaries/strncat.o
                                         0x44 (size before relaxing)
 .eh_frame      0x00000000001155f4       0x1c binaries/strncmp.o
                                         0x34 (size before relaxing)
 .eh_frame      0x0000000000115610       0x30 binaries/strncpy.o
                                         0x48 (size before relaxing)
 .eh_frame      0x0000000000115640       0x14 binaries/strnlen.o
                                         0x2c (size before relaxing)
 .eh_frame      0x0000000000115654       0x1c binaries/strrchr.o
                                         0x34 (size before relaxing)
 .eh_frame      0x0000000000115670       0x38 binaries/strstr.o
                                         0x50 (size before relaxing)
 .eh_frame      0x00000000001156a8       0x2c binaries/ttycontrol.o
                                         0x44 (size before relaxing)
 .eh_frame      0x00000000001156d4       0x2c binaries/ttygetc.o
                                         0x44 (size before relaxing)
 .eh_frame      0x0000000000115700       0x9c binaries/ttyhandle_in.o
                                         0xb4 (size before relaxing)
 .eh_frame      0x000000000011579c       0x40 binaries/ttyhandle_out.o
                                         0x58 (size before relaxing)
 .eh_frame      0x00000000001157dc       0x2c binaries/ttyhandler.o
                                         0x44 (size before relaxing)
 .eh_frame      0x0000000000115808       0x2c binaries/ttyinit.o
                                         0x44 (size before relaxing)
 .eh_frame      0x0000000000115834       0x14 binaries/ttykickout.o
                                         0x2c (size before relaxing)
 .eh_frame      0x0000000000115848       0x34 binaries/ttyputc.o
                                         0x4c (size before relaxing)
 .eh_frame      0x000000000011587c       0x3c binaries/ttyread.o
                                         0x54 (size before relaxing)
 .eh_frame      0x00000000001158b8       0x34 binaries/ttywrite.o
                                         0x4c (size before relaxing)
 .eh_frame      0x00000000001158ec       0x50 binaries/mount.o
                                         0x68 (size before relaxing)
 .eh_frame      0x000000000011593c       0x40 binaries/naminit.o
                                         0x58 (size before relaxing)
 .eh_frame      0x000000000011597c       0xa4 binaries/nammap.o
                                         0xbc (size before relaxing)
 .eh_frame      0x0000000000115a20       0x1c binaries/namopen.o
                                         0x34 (size before relaxing)
 .eh_frame      0x0000000000115a3c       0x3c binaries/colon2mac.o
                                         0x54 (size before relaxing)
 .eh_frame      0x0000000000115a78       0x18 binaries/ethcontrol.o
                                         0x30 (size before relaxing)
 .eh_frame      0x0000000000115a90       0x3c binaries/ethhandler.o
                                         0x54 (size before relaxing)
 .eh_frame      0x0000000000115acc       0x94 binaries/ethinit.o
                                         0xac (size before relaxing)
 .eh_frame      0x0000000000115b60       0x68 binaries/ethmcast.o
                                         0x80 (size before relaxing)
 .eh_frame      0x0000000000115bc8       0x40 binaries/ethread.o
                                         0x58 (size before relaxing)
 .eh_frame      0x0000000000115c08       0x3c binaries/ethwrite.o
                                         0x54 (size before relaxing)
 .eh_frame      0x0000000000115c44       0x24 binaries/rdsbufalloc.o
                                         0x3c (size before relaxing)
 .eh_frame      0x0000000000115c68       0x30 binaries/rdsclose.o
                                         0x48 (size before relaxing)
 .eh_frame      0x0000000000115c98       0x40 binaries/rdscomm.o
                                         0x58 (size before relaxing)
 .eh_frame      0x0000000000115cd8       0x2c binaries/rdscontrol.o
                                         0x44 (size before relaxing)
 .eh_frame      0x0000000000115d04       0x40 binaries/rdsinit.o
                                         0x58 (size before relaxing)
 .eh_frame      0x0000000000115d44       0x40 binaries/rdsopen.o
                                         0x58 (size before relaxing)
 .eh_frame      0x0000000000115d84       0x2c binaries/rdsprocess.o
                                         0x44 (size before relaxing)
 .eh_frame      0x0000000000115db0       0x40 binaries/rdsread.o
                                         0x58 (size before relaxing)
 .eh_frame      0x0000000000115df0       0x34 binaries/rdswrite.o
                                         0x4c (size before relaxing)
 .eh_frame      0x0000000000115e24       0x14 binaries/ramclose.o
                                         0x2c (size before relaxing)
 .eh_frame      0x0000000000115e38       0x18 binaries/raminit.o
                                         0x30 (size before relaxing)
 .eh_frame      0x0000000000115e50       0x14 binaries/ramopen.o
                                         0x2c (size before relaxing)
 .eh_frame      0x0000000000115e64       0x18 binaries/ramread.o
                                         0x30 (size before relaxing)
 .eh_frame      0x0000000000115e7c       0x18 binaries/ramwrite.o
                                         0x30 (size before relaxing)
 .eh_frame      0x0000000000115e94       0x2c binaries/lfdballoc.o
                                         0x44 (size before relaxing)
 .eh_frame      0x0000000000115ec0       0x24 binaries/lfdbfree.o
                                         0x3c (size before relaxing)
 .eh_frame      0x0000000000115ee4       0x24 binaries/lfflush.o
                                         0x3c (size before relaxing)
 .eh_frame      0x0000000000115f08       0x14 binaries/lfgetmode.o
                                         0x2c (size before relaxing)
 .eh_frame      0x0000000000115f1c       0x24 binaries/lfiballoc.o
                                         0x3c (size before relaxing)
 .eh_frame      0x0000000000115f40       0x14 binaries/lfibclear.o
                                         0x2c (size before relaxing)
 .eh_frame      0x0000000000115f54       0x40 binaries/lfibget.o
                                         0x58 (size before relaxing)
 .eh_frame      0x0000000000115f94       0x40 binaries/lfibput.o
                                         0x58 (size before relaxing)
 .eh_frame      0x0000000000115fd4       0x2c binaries/lflclose.o
                                         0x44 (size before relaxing)
 .eh_frame      0x0000000000116000       0x2c binaries/lflcontrol.o
                                         0x44 (size before relaxing)
 .eh_frame      0x000000000011602c       0x2c binaries/lflgetc.o
                                         0x44 (size before relaxing)
 .eh_frame      0x0000000000116058       0x24 binaries/lflinit.o
                                         0x3c (size before relaxing)
 .eh_frame      0x000000000011607c       0x34 binaries/lflputc.o
                                         0x4c (size before relaxing)
 .eh_frame      0x00000000001160b0       0x3c binaries/lflread.o
                                         0x54 (size before relaxing)
 .eh_frame      0x00000000001160ec       0x34 binaries/lflseek.o
                                         0x4c (size before relaxing)
 .eh_frame      0x0000000000116120       0x3c binaries/lflwrite.o
                                         0x54 (size before relaxing)
 .eh_frame      0x000000000011615c       0x40 binaries/lfsckfmt.o
                                         0x58 (size before relaxing)
 .eh_frame      0x000000000011619c       0x40 binaries/lfscreate.o
                                         0x58 (size before relaxing)
 .eh_frame      0x00000000001161dc       0x40 binaries/lfsetup.o
                                         0x58 (size before relaxing)
 .eh_frame      0x000000000011621c       0x18 binaries/lfsinit.o
                                         0x30 (size before relaxing)
 .eh_frame      0x0000000000116234       0x40 binaries/lfsopen.o
                                         0x58 (size before relaxing)
 .eh_frame      0x0000000000116274       0x40 binaries/lftruncate.o
                                         0x58 (size before relaxing)
 .eh_frame      0x00000000001162b4       0x18 binaries/rflclose.o
                                         0x30 (size before relaxing)
 .eh_frame      0x00000000001162cc       0x18 binaries/rflgetc.o
                                         0x30 (size before relaxing)
 .eh_frame      0x00000000001162e4       0x14 binaries/rflinit.o
                                         0x2c (size before relaxing)
 .eh_frame      0x00000000001162f8       0x18 binaries/rflputc.o
                                         0x30 (size before relaxing)
 .eh_frame      0x0000000000116310       0x40 binaries/rflread.o
                                         0x58 (size before relaxing)
 .eh_frame      0x0000000000116350       0x18 binaries/rflseek.o
                                         0x30 (size before relaxing)
 .eh_frame      0x0000000000116368       0x40 binaries/rflwrite.o
                                         0x58 (size before relaxing)
 .eh_frame      0x00000000001163a8       0x40 binaries/rfscomm.o
                                         0x58 (size before relaxing)
 .eh_frame      0x00000000001163e8       0x2c binaries/rfscontrol.o
                                         0x44 (size before relaxing)
 .eh_frame      0x0000000000116414       0x14 binaries/rfsgetmode.o
                                         0x2c (size before relaxing)
 .eh_frame      0x0000000000116428       0x18 binaries/rfsinit.o
                                         0x30 (size before relaxing)
 .eh_frame      0x0000000000116440       0x1c binaries/rfsndmsg.o
                                         0x34 (size before relaxing)
 .eh_frame      0x000000000011645c       0x2c binaries/rfsopen.o
                                         0x44 (size before relaxing)
 .eh_frame      0x0000000000116488       0xf0 binaries/arp.o
                                        0x108 (size before relaxing)
 .eh_frame      0x0000000000116578       0xec binaries/dhcp.o
                                        0x104 (size before relaxing)
 .eh_frame      0x0000000000116664       0x38 binaries/dot2ip.o
                                         0x50 (size before relaxing)
 .eh_frame      0x000000000011669c       0x74 binaries/hexdump.o
                                         0x8c (size before relaxing)
 .eh_frame      0x0000000000116710      0x1b8 binaries/icmp.o
                                        0x1d0 (size before relaxing)
 .eh_frame      0x00000000001168c8      0x130 binaries/ip.o
                                        0x148 (size before relaxing)
 .eh_frame      0x00000000001169f8       0x60 binaries/net.o
                                         0x78 (size before relaxing)
 .eh_frame      0x0000000000116a58       0x24 binaries/netstart.o
                                         0x3c (size before relaxing)
 .eh_frame      0x0000000000116a7c       0x48 binaries/pdump.o
                                         0x60 (size before relaxing)
 .eh_frame      0x0000000000116ac4       0x98 binaries/tftp.o
                                         0xb0 (size before relaxing)
 .eh_frame      0x0000000000116b5c      0x1e8 binaries/udp.o
                                        0x200 (size before relaxing)
 .eh_frame      0x0000000000116d44       0x3c binaries/addargs.o
                                         0x54 (size before relaxing)
 .eh_frame      0x0000000000116d80       0x38 binaries/lexan.o
                                         0x50 (size before relaxing)
 .eh_frame      0x0000000000116db8       0x40 binaries/shell.o
[...]
 .comment       0x0000000000000000       0x2b binaries/net.o
 .comment       0x0000000000000000       0x2b binaries/netstart.o
 .comment       0x0000000000000000       0x2b binaries/pdump.o
 .comment       0x0000000000000000       0x2b binaries/tftp.o
 .comment       0x0000000000000000       0x2b binaries/udp.o
 .comment       0x0000000000000000       0x2b binaries/addargs.o
 .comment       0x0000000000000000       0x2b binaries/lexan.o
 .comment       0x0000000000000000       0x2b binaries/shell.o
 .comment       0x0000000000000000       0x2b binaries/xsh_argecho.o
 .comment       0x0000000000000000       0x2b binaries/xsh_arp.o
 .comment       0x0000000000000000       0x2b binaries/xsh_cat.o
 .comment       0x0000000000000000       0x2b binaries/xsh_clear.o
 .comment       0x0000000000000000       0x2b binaries/xsh_date.o
 .comment       0x0000000000000000       0x2b binaries/xsh_devdump.o
 .comment       0x0000000000000000       0x2b binaries/xsh_echo.o
 .comment       0x0000000000000000       0x2b binaries/xsh_exit.o
 .comment       0x0000000000000000       0x2b binaries/xsh_help.o
 .comment       0x0000000000000000       0x2b binaries/xsh_ipaddr.o
 .comment       0x0000000000000000       0x2b binaries/xsh_kill.o
 .comment       0x0000000000000000       0x2b binaries/xsh_memdump.o
 .comment       0x0000000000000000       0x2b binaries/xsh_memstat.o
 .comment       0x0000000000000000       0x2b binaries/xsh_ping.o
 .comment       0x0000000000000000       0x2b binaries/xsh_ps.o
 .comment       0x0000000000000000       0x2b binaries/xsh_sleep.o
 .comment       0x0000000000000000       0x2b binaries/xsh_udpdump.o
 .comment       0x0000000000000000       0x2b binaries/xsh_udpecho.o
 .comment       0x0000000000000000       0x2b binaries/xsh_udpeserver.o
 .comment       0x0000000000000000       0x2b binaries/xsh_uptime.o

.note.GNU-stack
                0x0000000000000000        0x0
 .note.GNU-stack
                0x0000000000000000        0x0 binaries/ascdate.o
 .note.GNU-stack
                0x0000000000000000        0x0 binaries/bufinit.o
 .note.GNU-stack
                0x0000000000000000        0x0 binaries/chprio.o
 .note.GNU-stack
                0x0000000000000000        0x0 binaries/clkhandler.o
 .note.GNU-stack
                0x0000000000000000        0x0 binaries/clkinit.o
 .note.GNU-stack
                0x0000000000000000        0x0 binaries/close.o
 .note.GNU-stack
                0x0000000000000000        0x0 binaries/conf.o
 .note.GNU-stack
                0x0000000000000000        0x0 binaries/control.o
 .note.GNU-stack
                0x0000000000000000        0x0 binaries/cpuintensive.o
 .note.GNU-stack
                0x0000000000000000        0x0 binaries/create.o
 .note.GNU-stack
                0x0000000000000000        0x0 binaries/early_imr.o
 .note.GNU-stack
                0x0000000000000000        0x0 binaries/evec.o
 .note.GNU-stack
                0x0000000000000000        0x0 binaries/freebuf.o
 .note.GNU-stack
                0x0000000000000000        0x0 binaries/freemem.o
 .note.GNU-stack
                0x0000000000000000        0x0 binaries/getbuf.o
 .note.GNU-stack
                0x0000000000000000        0x0 binaries/getc.o
 .note.GNU-stack
                0x0000000000000000        0x0 binaries/getdev.o
 .note.GNU-stack
                0x0000000000000000        0x0 binaries/getitem.o
 .note.GNU-stack
                0x0000000000000000        0x0 binaries/getmem.o
 .note.GNU-stack
                0x0000000000000000        0x0 binaries/getpid.o
 .note.GNU-stack
                0x0000000000000000        0x0 binaries/getprio.o
 .note.GNU-stack
                0x0000000000000000        0x0 binaries/getstk.o
 .note.GNU-stack
                0x0000000000000000        0x0 binaries/gettime.o
 .note.GNU-stack
                0x0000000000000000        0x0 binaries/getutime.o
 .note.GNU-stack
                0x0000000000000000        0x0 binaries/init.o
 .note.GNU-stack
                0x0000000000000000        0x0 binaries/initialize.o
 .note.GNU-stack
                0x0000000000000000        0x0 binaries/insert.o
 .note.GNU-stack
                0x0000000000000000        0x0 binaries/insertd.o
 .note.GNU-stack
                0x0000000000000000        0x0 binaries/ioerr.o
 .note.GNU-stack
                0x0000000000000000        0x0 binaries/iointensive.o
 .note.GNU-stack
                0x0000000000000000        0x0 binaries/ionull.o
 .note.GNU-stack
                0x0000000000000000        0x0 binaries/kill.o
 .note.GNU-stack
                0x0000000000000000        0x0 binaries/kprintf.o
 .note.GNU-stack
                0x0000000000000000        0x0 binaries/main.o
 .note.GNU-stack
                0x0000000000000000        0x0 binaries/mark.o
 .note.GNU-stack
                0x0000000000000000        0x0 binaries/meminit.o
 .note.GNU-stack
                0x0000000000000000        0x0 binaries/mkbufpool.o
 .note.GNU-stack
                0x0000000000000000        0x0 binaries/multilevelfbq.o
 .note.GNU-stack
                0x0000000000000000        0x0 binaries/newqueue.o
 .note.GNU-stack
                0x0000000000000000        0x0 binaries/open.o
 .note.GNU-stack
                0x0000000000000000        0x0 binaries/panic.o
 .note.GNU-stack
                0x0000000000000000        0x0 binaries/pci.o
 .note.GNU-stack
                0x0000000000000000        0x0 binaries/platinit.o
 .note.GNU-stack
                0x0000000000000000        0x0 binaries/ptclear.o
 .note.GNU-stack
                0x0000000000000000        0x0 binaries/ptcount.o
 .note.GNU-stack
                0x0000000000000000        0x0 binaries/ptcreate.o
 .note.GNU-stack
                0x0000000000000000        0x0 binaries/ptdelete.o
 .note.GNU-stack
                0x0000000000000000        0x0 binaries/ptinit.o
 .note.GNU-stack
                0x0000000000000000        0x0 binaries/ptrecv.o
 .note.GNU-stack
                0x0000000000000000        0x0 binaries/ptreset.o
 .note.GNU-stack
                0x0000000000000000        0x0 binaries/ptsend.o
 .note.GNU-stack
                0x0000000000000000        0x0 binaries/putc.o
 .note.GNU-stack
                0x0000000000000000        0x0 binaries/quark_irq.o
 .note.GNU-stack
                0x0000000000000000        0x0 binaries/quark_pdat.o
 .note.GNU-stack
                0x0000000000000000        0x0 binaries/queue.o
 .note.GNU-stack
                0x0000000000000000        0x0 binaries/read.o
 .note.GNU-stack
                0x0000000000000000        0x0 binaries/ready.o
 .note.GNU-stack
                0x0000000000000000        0x0 binaries/receive.o
 .note.GNU-stack
                0x0000000000000000        0x0 binaries/recvclr.o
 .note.GNU-stack
                0x0000000000000000        0x0 binaries/recvtime.o
 .note.GNU-stack
                0x0000000000000000        0x0 binaries/resched.o
 .note.GNU-stack
                0x0000000000000000        0x0 binaries/resume.o
 .note.GNU-stack
                0x0000000000000000        0x0 binaries/seek.o
 .note.GNU-stack
                0x0000000000000000        0x0 binaries/semcount.o
 .note.GNU-stack
                0x0000000000000000        0x0 binaries/semcreate.o
 .note.GNU-stack
                0x0000000000000000        0x0 binaries/semdelete.o
 .note.GNU-stack
                0x0000000000000000        0x0 binaries/semreset.o
 .note.GNU-stack
                0x0000000000000000        0x0 binaries/send.o
 .note.GNU-stack
                0x0000000000000000        0x0 binaries/signal.o
 .note.GNU-stack
                0x0000000000000000        0x0 binaries/signaln.o
 .note.GNU-stack
                0x0000000000000000        0x0 binaries/sleep.o
 .note.GNU-stack
                0x0000000000000000        0x0 binaries/stacktrace.o
 .note.GNU-stack
                0x0000000000000000        0x0 binaries/suspend.o
 .note.GNU-stack
                0x0000000000000000        0x0 binaries/unsleep.o
 .note.GNU-stack
                0x0000000000000000        0x0 binaries/userret.o
 .note.GNU-stack
                0x0000000000000000        0x0 binaries/wait.o
 .note.GNU-stack
                0x0000000000000000        0x0 binaries/wakeup.o
 .note.GNU-stack
                0x0000000000000000        0x0 binaries/write.o
 .note.GNU-stack
                0x0000000000000000        0x0 binaries/xdone.o
 .note.GNU-stack
                0x0000000000000000        0x0 binaries/yield.o
 .note.GNU-stack
                0x0000000000000000        0x0 binaries/abs.o
 .note.GNU-stack
                0x0000000000000000        0x0 binaries/atoi.o
 .note.GNU-stack
                0x0000000000000000        0x0 binaries/atol.o
 .note.GNU-stack
                0x0000000000000000        0x0 binaries/bzero.o
 .note.GNU-stack
                0x0000000000000000        0x0 binaries/ctype_.o
 .note.GNU-stack
                0x0000000000000000        0x0 binaries/doprnt.o
 .note.GNU-stack
                0x0000000000000000        0x0 binaries/doscan.o
 .note.GNU-stack
                0x0000000000000000        0x0 binaries/fdoprnt.o
 .note.GNU-stack
                0x0000000000000000        0x0 binaries/fgetc.o
 .note.GNU-stack
                0x0000000000000000        0x0 binaries/fgets.o
 .note.GNU-stack
                0x0000000000000000        0x0 binaries/fprintf.o
 .note.GNU-stack
                0x0000000000000000        0x0 binaries/fputc.o
 .note.GNU-stack
                0x0000000000000000        0x0 binaries/fputs.o
 .note.GNU-stack
                0x0000000000000000        0x0 binaries/fscanf.o
 .note.GNU-stack
                0x0000000000000000        0x0 binaries/getchar.o
 .note.GNU-stack
                0x0000000000000000        0x0 binaries/labs.o
 .note.GNU-stack
                0x0000000000000000        0x0 binaries/memchr.o
 .note.GNU-stack
                0x0000000000000000        0x0 binaries/memcmp.o
 .note.GNU-stack
                0x0000000000000000        0x0 binaries/memcpy.o
 .note.GNU-stack
                0x0000000000000000        0x0 binaries/memset.o
 .note.GNU-stack
                0x0000000000000000        0x0 binaries/printf.o
 .note.GNU-stack
                0x0000000000000000        0x0 binaries/putchar.o
 .note.GNU-stack
                0x0000000000000000        0x0 binaries/qsort.o
 .note.GNU-stack
                0x0000000000000000        0x0 binaries/rand.o
 .note.GNU-stack
                0x0000000000000000        0x0 binaries/sprintf.o
 .note.GNU-stack
                0x0000000000000000        0x0 binaries/sscanf.o
 .note.GNU-stack
                0x0000000000000000        0x0 binaries/strchr.o
 .note.GNU-stack
                0x0000000000000000        0x0 binaries/strcmp.o
 .note.GNU-stack
                0x0000000000000000        0x0 binaries/strcpy.o
 .note.GNU-stack
                0x0000000000000000        0x0 binaries/strlen.o
 .note.GNU-stack
                0x0000000000000000        0x0 binaries/strncat.o
 .note.GNU-stack
                0x0000000000000000        0x0 binaries/strncmp.o
 .note.GNU-stack
                0x0000000000000000        0x0 binaries/strncpy.o
 .note.GNU-stack
                0x0000000000000000        0x0 binaries/strnlen.o
 .note.GNU-stack
                0x0000000000000000        0x0 binaries/strrchr.o
 .note.GNU-stack
                0x0000000000000000        0x0 binaries/strstr.o
 .note.GNU-stack
                0x0000000000000000        0x0 binaries/ttycontrol.o
 .note.GNU-stack
                0x0000000000000000        0x0 binaries/ttygetc.o
 .note.GNU-stack
                0x0000000000000000        0x0 binaries/ttyhandle_in.o
 .note.GNU-stack
                0x0000000000000000        0x0 binaries/ttyhandle_out.o
 .note.GNU-stack
                0x0000000000000000        0x0 binaries/ttyhandler.o
 .note.GNU-stack
                0x0000000000000000        0x0 binaries/ttyinit.o
 .note.GNU-stack
                0x0000000000000000        0x0 binaries/ttykickout.o
 .note.GNU-stack
                0x0000000000000000        0x0 binaries/ttyputc.o
 .note.GNU-stack
                0x0000000000000000        0x0 binaries/ttyread.o
 .note.GNU-stack
                0x0000000000000000        0x0 binaries/ttywrite.o
 .note.GNU-stack
                0x0000000000000000        0x0 binaries/mount.o
 .note.GNU-stack
                0x0000000000000000        0x0 binaries/naminit.o
 .note.GNU-stack
                0x0000000000000000        0x0 binaries/nammap.o
 .note.GNU-stack
                0x0000000000000000        0x0 binaries/namopen.o
 .note.GNU-stack
                0x0000000000000000        0x0 binaries/colon2mac.o
 .note.GNU-stack
                0x0000000000000000        0x0 binaries/ethcontrol.o
 .note.GNU-stack
                0x0000000000000000        0x0 binaries/ethhandler.o
 .note.GNU-stack
                0x0000000000000000        0x0 binaries/ethinit.o
 .note.GNU-stack
                0x0000000000000000        0x0 binaries/ethmcast.o
 .note.GNU-stack
                0x0000000000000000        0x0 binaries/ethread.o
 .note.GNU-stack
                0x0000000000000000        0x0 binaries/ethwrite.o
 .note.GNU-stack
                0x0000000000000000        0x0 binaries/rdsbufalloc.o
 .note.GNU-stack
                0x0000000000000000        0x0 binaries/rdsclose.o
 .note.GNU-stack
                0x0000000000000000        0x0 binaries/rdscomm.o
 .note.GNU-stack
                0x0000000000000000        0x0 binaries/rdscontrol.o
 .note.GNU-stack
                0x0000000000000000        0x0 binaries/rdsinit.o
 .note.GNU-stack
                0x0000000000000000        0x0 binaries/rdsopen.o
 .note.GNU-stack
                0x0000000000000000        0x0 binaries/rdsprocess.o
 .note.GNU-stack
                0x0000000000000000        0x0 binaries/rdsread.o
 .note.GNU-stack
                0x0000000000000000        0x0 binaries/rdswrite.o
 .note.GNU-stack
                0x0000000000000000        0x0 binaries/ramclose.o
 .note.GNU-stack
                0x0000000000000000        0x0 binaries/raminit.o
 .note.GNU-stack
                0x0000000000000000        0x0 binaries/ramopen.o
 .note.GNU-stack
                0x0000000000000000        0x0 binaries/ramread.o
 .note.GNU-stack
                0x0000000000000000        0x0 binaries/ramwrite.o
 .note.GNU-stack
                0x0000000000000000        0x0 binaries/lfdballoc.o
 .note.GNU-stack
                0x0000000000000000        0x0 binaries/lfdbfree.o
 .note.GNU-stack
                0x0000000000000000        0x0 binaries/lfflush.o
 .note.GNU-stack
                0x0000000000000000        0x0 binaries/lfgetmode.o
 .note.GNU-stack
                0x0000000000000000        0x0 binaries/lfiballoc.o
 .note.GNU-stack
                0x0000000000000000        0x0 binaries/lfibclear.o
 .note.GNU-stack
                0x0000000000000000        0x0 binaries/lfibget.o
 .note.GNU-stack
                0x0000000000000000        0x0 binaries/lfibput.o
 .note.GNU-stack
                0x0000000000000000        0x0 binaries/lflclose.o
 .note.GNU-stack
                0x0000000000000000        0x0 binaries/lflcontrol.o
 .note.GNU-stack
                0x0000000000000000        0x0 binaries/lflgetc.o
 .note.GNU-stack
                0x0000000000000000        0x0 binaries/lflinit.o
 .note.GNU-stack
                0x0000000000000000        0x0 binaries/lflputc.o
 .note.GNU-stack
                0x0000000000000000        0x0 binaries/lflread.o
 .note.GNU-stack
                0x0000000000000000        0x0 binaries/lflseek.o
 .note.GNU-stack
                0x0000000000000000        0x0 binaries/lflwrite.o
 .note.GNU-stack
                0x0000000000000000        0x0 binaries/lfsckfmt.o
 .note.GNU-stack
                0x0000000000000000        0x0 binaries/lfscreate.o
 .note.GNU-stack
                0x0000000000000000        0x0 binaries/lfsetup.o
 .note.GNU-stack
                0x0000000000000000        0x0 binaries/lfsinit.o
 .note.GNU-stack
                0x0000000000000000        0x0 binaries/lfsopen.o
 .note.GNU-stack
                0x0000000000000000        0x0 binaries/lftruncate.o
 .note.GNU-stack
                0x0000000000000000        0x0 binaries/rflclose.o
 .note.GNU-stack
                0x0000000000000000        0x0 binaries/rflgetc.o
 .note.GNU-stack
                0x0000000000000000        0x0 binaries/rflinit.o
 .note.GNU-stack
                0x0000000000000000        0x0 binaries/rflputc.o
 .note.GNU-stack
                0x0000000000000000        0x0 binaries/rflread.o
 .note.GNU-stack
                0x0000000000000000        0x0 binaries/rflseek.o
 .note.GNU-stack
                0x0000000000000000        0x0 binaries/rflwrite.o
 .note.GNU-stack
                0x0000000000000000        0x0 binaries/rfscomm.o
 .note.GNU-stack
                0x0000000000000000        0x0 binaries/rfscontrol.o
 .note.GNU-stack
                0x0000000000000000        0x0 binaries/rfsgetmode.o
 .note.GNU-stack
                0x0000000000000000        0x0 binaries/rfsinit.o
 .note.GNU-stack
                0x0000000000000000        0x0 binaries/rfsndmsg.o
 .note.GNU-stack
                0x0000000000000000        0x0 binaries/rfsopen.o
 .note.GNU-stack
                0x0000000000000000        0x0 binaries/arp.o
 .note.GNU-stack
                0x0000000000000000        0x0 binaries/dhcp.o
 .note.GNU-stack
                0x0000000000000000        0x0 binaries/dot2ip.o
 .note.GNU-stack
                0x0000000000000000        0x0 binaries/hexdump.o
 .note.GNU-stack
                0x0000000000000000        0x0 binaries/icmp.o
 .note.GNU-stack
                0x0000000000000000        0x0 binaries/ip.o
 .note.GNU-stack
                0x0000000000000000        0x0 binaries/net.o
 .note.GNU-stack
                0x0000000000000000        0x0 binaries/netstart.o
 .note.GNU-stack
                0x0000000000000000        0x0 binaries/pdump.o
 .note.GNU-stack
                0x0000000000000000        0x0 binaries/tftp.o
 .note.GNU-stack
                0x0000000000000000        0x0 binaries/udp.o
 .note.GNU-stack
                0x0000000000000000        0x0 binaries/addargs.o
 .note.GNU-stack
                0x0000000000000000        0x0 binaries/lexan.o
 .note.GNU-stack
                0x0000000000000000        0x0 binaries/shell.o
 .note.GNU-stack
                0x0000000000000000        0x0 binaries/xsh_argecho.o
 .note.GNU-stack
                0x0000000000000000        0x0 binaries/xsh_arp.o
 .note.GNU-stack
                0x0000000000000000        0x0 binaries/xsh_cat.o
 .note.GNU-stack
                0x0000000000000000        0x0 binaries/xsh_clear.o
 .note.GNU-stack
                0x0000000000000000        0x0 binaries/xsh_date.o
 .note.GNU-stack
                0x0000000000000000        0x0 binaries/xsh_devdump.o
 .note.GNU-stack
                0x0000000000000000        0x0 binaries/xsh_echo.o
 .note.GNU-stack
                0x0000000000000000        0x0 binaries/xsh_exit.o
 .note.GNU-stack
                0x0000000000000000        0x0 binaries/xsh_help.o
 .note.GNU-stack
                0x0000000000000000        0x0 binaries/xsh_ipaddr.o
 .note.GNU-stack
                0x0000000000000000        0x0 binaries/xsh_kill.o
 .note.GNU-stack
                0x0000000000000000        0x0 binaries/xsh_memdump.o
 .note.GNU-stack
                0x0000000000000000        0x0 binaries/xsh_memstat.o
 .note.GNU-stack
                0x0000000000000000        0x0 binaries/xsh_ping.o
 .note.GNU-stack
                0x0000000000000000        0x0 binaries/xsh_ps.o
 .note.GNU-stack
                0x0000000000000000        0x0 binaries/xsh_sleep.o
 .note.GNU-stack
                0x0000000000000000        0x0 binaries/xsh_udpdump.o
 .note.GNU-stack
                0x0000000000000000        0x0 binaries/xsh_udpecho.o
 .note.GNU-stack
                0x0000000000000000        0x0 binaries/xsh_udpeserver.o
 .note.GNU-stack
                0x0000000000000000        0x0 binaries/xsh_uptime.o
